15:53:37 **** Incremental Build of configuration Debug for project RT1060_EasyEVSE_V2 ****
make -r -j16 all 
make[1]: Nothing to be done for 'main-build'.
Performing post-build steps
arm-none-eabi-size "RT1060_EasyEVSE_V2.axf"; # arm-none-eabi-objcopy -v -O binary "RT1060_EasyEVSE_V2.axf" "RT1060_EasyEVSE_V2.bin" ; # checksum -p MIMXRT1062xxxxA -d "RT1060_EasyEVSE_V2.bin";
   text	   data	    bss	    dec	    hex	filename
 823480	   6084	 777616	1607180	 18860c	RT1060_EasyEVSE_V2.axf
 

15:53:37 Build Finished. 0 errors, 0 warnings. (took 378ms)

