15:53:19 **** Incremental Build of configuration Debug for project TWRKM3575_EVSE ****
make -r -j16 all 
Building file: ../utilities/fsl_debug_console.c
Building file: ../utilities/fsl_str.c
Building file: ../startup/startup_mkm35z7.c
Invoking: MCU C Compiler
Building file: ../source/PWR_Main.c
arm-none-eabi-gcc -std=gnu99 -D__REDLIB__ -DCPU_MKM35Z512VLQ7 -DTWR_KM35Z75M -DTOWER -DSLCD_PANEL_GDH_1247WP_H -DCPU_MKM35Z512VLQ7_cm0plus -D__MCUXPRESSO -D__USE_CMSIS -DDEBUG -DFSL_RTOS_BM -DSDK_OS_BAREMETAL -DSERIAL_PORT_TYPE_UART=1 -DSDK_DEBUGCONSOLE=1 -DPRINTF_FLOAT_ENABLE=1 -I"/tmp/shu/iotc-evse-example/nxpev1060/TWRKM3575_EVSE/board" -I"/tmp/shu/iotc-evse-example/nxpev1060/TWRKM3575_EVSE/source" -I"/tmp/shu/iotc-evse-example/nxpev1060/TWRKM3575_EVSE" -I"/tmp/shu/iotc-evse-example/nxpev1060/TWRKM3575_EVSE/meterlib" -I"/tmp/shu/iotc-evse-example/nxpev1060/TWRKM3575_EVSE/fraclib" -I"/tmp/shu/iotc-evse-example/nxpev1060/TWRKM3575_EVSE/CMSIS" -I"/tmp/shu/iotc-evse-example/nxpev1060/TWRKM3575_EVSE/drivers" -I"/tmp/shu/iotc-evse-example/nxpev1060/TWRKM3575_EVSE/device" -I"/tmp/shu/iotc-evse-example/nxpev1060/TWRKM3575_EVSE/utilities" -I"/tmp/shu/iotc-evse-example/nxpev1060/TWRKM3575_EVSE/slcd" -I"/tmp/shu/iotc-evse-example/nxpev1060/TWRKM3575_EVSE/component/uart" -I"/tmp/shu/iotc-evse-example/nxpev1060/TWRKM3575_EVSE/component/serial_manager" -I"/tmp/shu/iotc-evse-example/nxpev1060/TWRKM3575_EVSE/component/lists" -O0 -fno-common -g3 -gdwarf-4 -Wall -c  -ffunction-sections  -fdata-sections  -ffreestanding  -fno-builtin -fmerge-constants -fmacro-prefix-map="../utilities/"= -mcpu=cortex-m0plus -mthumb -D__REDLIB__ -fstack-usage -specs=redlib.specs -MMD -MP -MF"utilities/fsl_debug_console.d" -MT"utilities/fsl_debug_console.o" -MT"utilities/fsl_debug_console.d" -o "utilities/fsl_debug_console.o" "../utilities/fsl_debug_console.c"
Invoking: MCU C Compiler
Invoking: MCU C Compiler
arm-none-eabi-gcc -std=gnu99 -D__REDLIB__ -DCPU_MKM35Z512VLQ7 -DTWR_KM35Z75M -DTOWER -DSLCD_PANEL_GDH_1247WP_H -DCPU_MKM35Z512VLQ7_cm0plus -D__MCUXPRESSO -D__USE_CMSIS -DDEBUG -DFSL_RTOS_BM -DSDK_OS_BAREMETAL -DSERIAL_PORT_TYPE_UART=1 -DSDK_DEBUGCONSOLE=1 -DPRINTF_FLOAT_ENABLE=1 -I"/tmp/shu/iotc-evse-example/nxpev1060/TWRKM3575_EVSE/board" -I"/tmp/shu/iotc-evse-example/nxpev1060/TWRKM3575_EVSE/source" -I"/tmp/shu/iotc-evse-example/nxpev1060/TWRKM3575_EVSE" -I"/tmp/shu/iotc-evse-example/nxpev1060/TWRKM3575_EVSE/meterlib" -I"/tmp/shu/iotc-evse-example/nxpev1060/TWRKM3575_EVSE/fraclib" -I"/tmp/shu/iotc-evse-example/nxpev1060/TWRKM3575_EVSE/CMSIS" -I"/tmp/shu/iotc-evse-example/nxpev1060/TWRKM3575_EVSE/drivers" -I"/tmp/shu/iotc-evse-example/nxpev1060/TWRKM3575_EVSE/device" -I"/tmp/shu/iotc-evse-example/nxpev1060/TWRKM3575_EVSE/utilities" -I"/tmp/shu/iotc-evse-example/nxpev1060/TWRKM3575_EVSE/slcd" -I"/tmp/shu/iotc-evse-example/nxpev1060/TWRKM3575_EVSE/component/uart" -I"/tmp/shu/iotc-evse-example/nxpev1060/TWRKM3575_EVSE/component/serial_manager" -I"/tmp/shu/iotc-evse-example/nxpev1060/TWRKM3575_EVSE/component/lists" -O0 -fno-common -g3 -gdwarf-4 -Wall -c  -ffunction-sections  -fdata-sections  -ffreestanding  -fno-builtin -fmerge-constants -fmacro-prefix-map="../utilities/"= -mcpu=cortex-m0plus -mthumb -D__REDLIB__ -fstack-usage -specs=redlib.specs -MMD -MP -MF"utilities/fsl_str.d" -MT"utilities/fsl_str.o" -MT"utilities/fsl_str.d" -o "utilities/fsl_str.o" "../utilities/fsl_str.c"
arm-none-eabi-gcc -std=gnu99 -D__REDLIB__ -DCPU_MKM35Z512VLQ7 -DTWR_KM35Z75M -DTOWER -DSLCD_PANEL_GDH_1247WP_H -DCPU_MKM35Z512VLQ7_cm0plus -D__MCUXPRESSO -D__USE_CMSIS -DDEBUG -DFSL_RTOS_BM -DSDK_OS_BAREMETAL -DSERIAL_PORT_TYPE_UART=1 -DSDK_DEBUGCONSOLE=1 -DPRINTF_FLOAT_ENABLE=1 -I"/tmp/shu/iotc-evse-example/nxpev1060/TWRKM3575_EVSE/board" -I"/tmp/shu/iotc-evse-example/nxpev1060/TWRKM3575_EVSE/source" -I"/tmp/shu/iotc-evse-example/nxpev1060/TWRKM3575_EVSE" -I"/tmp/shu/iotc-evse-example/nxpev1060/TWRKM3575_EVSE/meterlib" -I"/tmp/shu/iotc-evse-example/nxpev1060/TWRKM3575_EVSE/fraclib" -I"/tmp/shu/iotc-evse-example/nxpev1060/TWRKM3575_EVSE/CMSIS" -I"/tmp/shu/iotc-evse-example/nxpev1060/TWRKM3575_EVSE/drivers" -I"/tmp/shu/iotc-evse-example/nxpev1060/TWRKM3575_EVSE/device" -I"/tmp/shu/iotc-evse-example/nxpev1060/TWRKM3575_EVSE/utilities" -I"/tmp/shu/iotc-evse-example/nxpev1060/TWRKM3575_EVSE/slcd" -I"/tmp/shu/iotc-evse-example/nxpev1060/TWRKM3575_EVSE/component/uart" -I"/tmp/shu/iotc-evse-example/nxpev1060/TWRKM3575_EVSE/component/serial_manager" -I"/tmp/shu/iotc-evse-example/nxpev1060/TWRKM3575_EVSE/component/lists" -O0 -fno-common -g3 -gdwarf-4 -Wall -c  -ffunction-sections  -fdata-sections  -ffreestanding  -fno-builtin -fmerge-constants -fmacro-prefix-map="../startup/"= -mcpu=cortex-m0plus -mthumb -D__REDLIB__ -fstack-usage -specs=redlib.specs -MMD -MP -MF"startup/startup_mkm35z7.d" -MT"startup/startup_mkm35z7.o" -MT"startup/startup_mkm35z7.d" -o "startup/startup_mkm35z7.o" "../startup/startup_mkm35z7.c"
Invoking: MCU C Compiler
arm-none-eabi-gcc -std=gnu99 -D__REDLIB__ -DCPU_MKM35Z512VLQ7 -DTWR_KM35Z75M -DTOWER -DSLCD_PANEL_GDH_1247WP_H -DCPU_MKM35Z512VLQ7_cm0plus -D__MCUXPRESSO -D__USE_CMSIS -DDEBUG -DFSL_RTOS_BM -DSDK_OS_BAREMETAL -DSERIAL_PORT_TYPE_UART=1 -DSDK_DEBUGCONSOLE=1 -DPRINTF_FLOAT_ENABLE=1 -I"/tmp/shu/iotc-evse-example/nxpev1060/TWRKM3575_EVSE/board" -I"/tmp/shu/iotc-evse-example/nxpev1060/TWRKM3575_EVSE/source" -I"/tmp/shu/iotc-evse-example/nxpev1060/TWRKM3575_EVSE" -I"/tmp/shu/iotc-evse-example/nxpev1060/TWRKM3575_EVSE/meterlib" -I"/tmp/shu/iotc-evse-example/nxpev1060/TWRKM3575_EVSE/fraclib" -I"/tmp/shu/iotc-evse-example/nxpev1060/TWRKM3575_EVSE/CMSIS" -I"/tmp/shu/iotc-evse-example/nxpev1060/TWRKM3575_EVSE/drivers" -I"/tmp/shu/iotc-evse-example/nxpev1060/TWRKM3575_EVSE/device" -I"/tmp/shu/iotc-evse-example/nxpev1060/TWRKM3575_EVSE/utilities" -I"/tmp/shu/iotc-evse-example/nxpev1060/TWRKM3575_EVSE/slcd" -I"/tmp/shu/iotc-evse-example/nxpev1060/TWRKM3575_EVSE/component/uart" -I"/tmp/shu/iotc-evse-example/nxpev1060/TWRKM3575_EVSE/component/serial_manager" -I"/tmp/shu/iotc-evse-example/nxpev1060/TWRKM3575_EVSE/component/lists" -O0 -fno-common -g3 -gdwarf-4 -Wall -c  -ffunction-sections  -fdata-sections  -ffreestanding  -fno-builtin -fmerge-constants -fmacro-prefix-map="../source/"= -mcpu=cortex-m0plus -mthumb -D__REDLIB__ -fstack-usage -specs=redlib.specs -MMD -MP -MF"source/PWR_Main.d" -MT"source/PWR_Main.o" -MT"source/PWR_Main.d" -o "source/PWR_Main.o" "../source/PWR_Main.c"
Building file: ../source/mtb.c
Building file: ../source/semihost_hardfault.c
Invoking: MCU C Compiler
arm-none-eabi-gcc -std=gnu99 -D__REDLIB__ -DCPU_MKM35Z512VLQ7 -DTWR_KM35Z75M -DTOWER -DSLCD_PANEL_GDH_1247WP_H -DCPU_MKM35Z512VLQ7_cm0plus -D__MCUXPRESSO -D__USE_CMSIS -DDEBUG -DFSL_RTOS_BM -DSDK_OS_BAREMETAL -DSERIAL_PORT_TYPE_UART=1 -DSDK_DEBUGCONSOLE=1 -DPRINTF_FLOAT_ENABLE=1 -I"/tmp/shu/iotc-evse-example/nxpev1060/TWRKM3575_EVSE/board" -I"/tmp/shu/iotc-evse-example/nxpev1060/TWRKM3575_EVSE/source" -I"/tmp/shu/iotc-evse-example/nxpev1060/TWRKM3575_EVSE" -I"/tmp/shu/iotc-evse-example/nxpev1060/TWRKM3575_EVSE/meterlib" -I"/tmp/shu/iotc-evse-example/nxpev1060/TWRKM3575_EVSE/fraclib" -I"/tmp/shu/iotc-evse-example/nxpev1060/TWRKM3575_EVSE/CMSIS" -I"/tmp/shu/iotc-evse-example/nxpev1060/TWRKM3575_EVSE/drivers" -I"/tmp/shu/iotc-evse-example/nxpev1060/TWRKM3575_EVSE/device" -I"/tmp/shu/iotc-evse-example/nxpev1060/TWRKM3575_EVSE/utilities" -I"/tmp/shu/iotc-evse-example/nxpev1060/TWRKM3575_EVSE/slcd" -I"/tmp/shu/iotc-evse-example/nxpev1060/TWRKM3575_EVSE/component/uart" -I"/tmp/shu/iotc-evse-example/nxpev1060/TWRKM3575_EVSE/component/serial_manager" -I"/tmp/shu/iotc-evse-example/nxpev1060/TWRKM3575_EVSE/component/lists" -O0 -fno-common -g3 -gdwarf-4 -Wall -c  -ffunction-sections  -fdata-sections  -ffreestanding  -fno-builtin -fmerge-constants -fmacro-prefix-map="../source/"= -mcpu=cortex-m0plus -mthumb -D__REDLIB__ -fstack-usage -specs=redlib.specs -MMD -MP -MF"source/mtb.d" -MT"source/mtb.o" -MT"source/mtb.d" -o "source/mtb.o" "../source/mtb.c"
Building file: ../slcd/GDH-1247WP.c
Invoking: MCU C Compiler
arm-none-eabi-gcc -std=gnu99 -D__REDLIB__ -DCPU_MKM35Z512VLQ7 -DTWR_KM35Z75M -DTOWER -DSLCD_PANEL_GDH_1247WP_H -DCPU_MKM35Z512VLQ7_cm0plus -D__MCUXPRESSO -D__USE_CMSIS -DDEBUG -DFSL_RTOS_BM -DSDK_OS_BAREMETAL -DSERIAL_PORT_TYPE_UART=1 -DSDK_DEBUGCONSOLE=1 -DPRINTF_FLOAT_ENABLE=1 -I"/tmp/shu/iotc-evse-example/nxpev1060/TWRKM3575_EVSE/board" -I"/tmp/shu/iotc-evse-example/nxpev1060/TWRKM3575_EVSE/source" -I"/tmp/shu/iotc-evse-example/nxpev1060/TWRKM3575_EVSE" -I"/tmp/shu/iotc-evse-example/nxpev1060/TWRKM3575_EVSE/meterlib" -I"/tmp/shu/iotc-evse-example/nxpev1060/TWRKM3575_EVSE/fraclib" -I"/tmp/shu/iotc-evse-example/nxpev1060/TWRKM3575_EVSE/CMSIS" -I"/tmp/shu/iotc-evse-example/nxpev1060/TWRKM3575_EVSE/drivers" -I"/tmp/shu/iotc-evse-example/nxpev1060/TWRKM3575_EVSE/device" -I"/tmp/shu/iotc-evse-example/nxpev1060/TWRKM3575_EVSE/utilities" -I"/tmp/shu/iotc-evse-example/nxpev1060/TWRKM3575_EVSE/slcd" -I"/tmp/shu/iotc-evse-example/nxpev1060/TWRKM3575_EVSE/component/uart" -I"/tmp/shu/iotc-evse-example/nxpev1060/TWRKM3575_EVSE/component/serial_manager" -I"/tmp/shu/iotc-evse-example/nxpev1060/TWRKM3575_EVSE/component/lists" -O0 -fno-common -g3 -gdwarf-4 -Wall -c  -ffunction-sections  -fdata-sections  -ffreestanding  -fno-builtin -fmerge-constants -fmacro-prefix-map="../source/"= -mcpu=cortex-m0plus -mthumb -D__REDLIB__ -fstack-usage -specs=redlib.specs -MMD -MP -MF"source/semihost_hardfault.d" -MT"source/semihost_hardfault.o" -MT"source/semihost_hardfault.d" -o "source/semihost_hardfault.o" "../source/semihost_hardfault.c"
Building file: ../slcd/slcd_engine.c
Invoking: MCU C Compiler
arm-none-eabi-gcc -std=gnu99 -D__REDLIB__ -DCPU_MKM35Z512VLQ7 -DTWR_KM35Z75M -DTOWER -DSLCD_PANEL_GDH_1247WP_H -DCPU_MKM35Z512VLQ7_cm0plus -D__MCUXPRESSO -D__USE_CMSIS -DDEBUG -DFSL_RTOS_BM -DSDK_OS_BAREMETAL -DSERIAL_PORT_TYPE_UART=1 -DSDK_DEBUGCONSOLE=1 -DPRINTF_FLOAT_ENABLE=1 -I"/tmp/shu/iotc-evse-example/nxpev1060/TWRKM3575_EVSE/board" -I"/tmp/shu/iotc-evse-example/nxpev1060/TWRKM3575_EVSE/source" -I"/tmp/shu/iotc-evse-example/nxpev1060/TWRKM3575_EVSE" -I"/tmp/shu/iotc-evse-example/nxpev1060/TWRKM3575_EVSE/meterlib" -I"/tmp/shu/iotc-evse-example/nxpev1060/TWRKM3575_EVSE/fraclib" -I"/tmp/shu/iotc-evse-example/nxpev1060/TWRKM3575_EVSE/CMSIS" -I"/tmp/shu/iotc-evse-example/nxpev1060/TWRKM3575_EVSE/drivers" -I"/tmp/shu/iotc-evse-example/nxpev1060/TWRKM3575_EVSE/device" -I"/tmp/shu/iotc-evse-example/nxpev1060/TWRKM3575_EVSE/utilities" -I"/tmp/shu/iotc-evse-example/nxpev1060/TWRKM3575_EVSE/slcd" -I"/tmp/shu/iotc-evse-example/nxpev1060/TWRKM3575_EVSE/component/uart" -I"/tmp/shu/iotc-evse-example/nxpev1060/TWRKM3575_EVSE/component/serial_manager" -I"/tmp/shu/iotc-evse-example/nxpev1060/TWRKM3575_EVSE/component/lists" -O0 -fno-common -g3 -gdwarf-4 -Wall -c  -ffunction-sections  -fdata-sections  -ffreestanding  -fno-builtin -fmerge-constants -fmacro-prefix-map="../slcd/"= -mcpu=cortex-m0plus -mthumb -D__REDLIB__ -fstack-usage -specs=redlib.specs -MMD -MP -MF"slcd/GDH-1247WP.d" -MT"slcd/GDH-1247WP.o" -MT"slcd/GDH-1247WP.d" -o "slcd/GDH-1247WP.o" "../slcd/GDH-1247WP.c"
Invoking: MCU C Compiler
Building file: ../drivers/fsl_adc16.c
arm-none-eabi-gcc -std=gnu99 -D__REDLIB__ -DCPU_MKM35Z512VLQ7 -DTWR_KM35Z75M -DTOWER -DSLCD_PANEL_GDH_1247WP_H -DCPU_MKM35Z512VLQ7_cm0plus -D__MCUXPRESSO -D__USE_CMSIS -DDEBUG -DFSL_RTOS_BM -DSDK_OS_BAREMETAL -DSERIAL_PORT_TYPE_UART=1 -DSDK_DEBUGCONSOLE=1 -DPRINTF_FLOAT_ENABLE=1 -I"/tmp/shu/iotc-evse-example/nxpev1060/TWRKM3575_EVSE/board" -I"/tmp/shu/iotc-evse-example/nxpev1060/TWRKM3575_EVSE/source" -I"/tmp/shu/iotc-evse-example/nxpev1060/TWRKM3575_EVSE" -I"/tmp/shu/iotc-evse-example/nxpev1060/TWRKM3575_EVSE/meterlib" -I"/tmp/shu/iotc-evse-example/nxpev1060/TWRKM3575_EVSE/fraclib" -I"/tmp/shu/iotc-evse-example/nxpev1060/TWRKM3575_EVSE/CMSIS" -I"/tmp/shu/iotc-evse-example/nxpev1060/TWRKM3575_EVSE/drivers" -I"/tmp/shu/iotc-evse-example/nxpev1060/TWRKM3575_EVSE/device" -I"/tmp/shu/iotc-evse-example/nxpev1060/TWRKM3575_EVSE/utilities" -I"/tmp/shu/iotc-evse-example/nxpev1060/TWRKM3575_EVSE/slcd" -I"/tmp/shu/iotc-evse-example/nxpev1060/TWRKM3575_EVSE/component/uart" -I"/tmp/shu/iotc-evse-example/nxpev1060/TWRKM3575_EVSE/component/serial_manager" -I"/tmp/shu/iotc-evse-example/nxpev1060/TWRKM3575_EVSE/component/lists" -O0 -fno-common -g3 -gdwarf-4 -Wall -c  -ffunction-sections  -fdata-sections  -ffreestanding  -fno-builtin -fmerge-constants -fmacro-prefix-map="../slcd/"= -mcpu=cortex-m0plus -mthumb -D__REDLIB__ -fstack-usage -specs=redlib.specs -MMD -MP -MF"slcd/slcd_engine.d" -MT"slcd/slcd_engine.o" -MT"slcd/slcd_engine.d" -o "slcd/slcd_engine.o" "../slcd/slcd_engine.c"
Building file: ../drivers/fsl_clock.c
Invoking: MCU C Compiler
arm-none-eabi-gcc -std=gnu99 -D__REDLIB__ -DCPU_MKM35Z512VLQ7 -DTWR_KM35Z75M -DTOWER -DSLCD_PANEL_GDH_1247WP_H -DCPU_MKM35Z512VLQ7_cm0plus -D__MCUXPRESSO -D__USE_CMSIS -DDEBUG -DFSL_RTOS_BM -DSDK_OS_BAREMETAL -DSERIAL_PORT_TYPE_UART=1 -DSDK_DEBUGCONSOLE=1 -DPRINTF_FLOAT_ENABLE=1 -I"/tmp/shu/iotc-evse-example/nxpev1060/TWRKM3575_EVSE/board" -I"/tmp/shu/iotc-evse-example/nxpev1060/TWRKM3575_EVSE/source" -I"/tmp/shu/iotc-evse-example/nxpev1060/TWRKM3575_EVSE" -I"/tmp/shu/iotc-evse-example/nxpev1060/TWRKM3575_EVSE/meterlib" -I"/tmp/shu/iotc-evse-example/nxpev1060/TWRKM3575_EVSE/fraclib" -I"/tmp/shu/iotc-evse-example/nxpev1060/TWRKM3575_EVSE/CMSIS" -I"/tmp/shu/iotc-evse-example/nxpev1060/TWRKM3575_EVSE/drivers" -I"/tmp/shu/iotc-evse-example/nxpev1060/TWRKM3575_EVSE/device" -I"/tmp/shu/iotc-evse-example/nxpev1060/TWRKM3575_EVSE/utilities" -I"/tmp/shu/iotc-evse-example/nxpev1060/TWRKM3575_EVSE/slcd" -I"/tmp/shu/iotc-evse-example/nxpev1060/TWRKM3575_EVSE/component/uart" -I"/tmp/shu/iotc-evse-example/nxpev1060/TWRKM3575_EVSE/component/serial_manager" -I"/tmp/shu/iotc-evse-example/nxpev1060/TWRKM3575_EVSE/component/lists" -O0 -fno-common -g3 -gdwarf-4 -Wall -c  -ffunction-sections  -fdata-sections  -ffreestanding  -fno-builtin -fmerge-constants -fmacro-prefix-map="../drivers/"= -mcpu=cortex-m0plus -mthumb -D__REDLIB__ -fstack-usage -specs=redlib.specs -MMD -MP -MF"drivers/fsl_adc16.d" -MT"drivers/fsl_adc16.o" -MT"drivers/fsl_adc16.d" -o "drivers/fsl_adc16.o" "../drivers/fsl_adc16.c"
Invoking: MCU C Compiler
arm-none-eabi-gcc -std=gnu99 -D__REDLIB__ -DCPU_MKM35Z512VLQ7 -DTWR_KM35Z75M -DTOWER -DSLCD_PANEL_GDH_1247WP_H -DCPU_MKM35Z512VLQ7_cm0plus -D__MCUXPRESSO -D__USE_CMSIS -DDEBUG -DFSL_RTOS_BM -DSDK_OS_BAREMETAL -DSERIAL_PORT_TYPE_UART=1 -DSDK_DEBUGCONSOLE=1 -DPRINTF_FLOAT_ENABLE=1 -I"/tmp/shu/iotc-evse-example/nxpev1060/TWRKM3575_EVSE/board" -I"/tmp/shu/iotc-evse-example/nxpev1060/TWRKM3575_EVSE/source" -I"/tmp/shu/iotc-evse-example/nxpev1060/TWRKM3575_EVSE" -I"/tmp/shu/iotc-evse-example/nxpev1060/TWRKM3575_EVSE/meterlib" -I"/tmp/shu/iotc-evse-example/nxpev1060/TWRKM3575_EVSE/fraclib" -I"/tmp/shu/iotc-evse-example/nxpev1060/TWRKM3575_EVSE/CMSIS" -I"/tmp/shu/iotc-evse-example/nxpev1060/TWRKM3575_EVSE/drivers" -I"/tmp/shu/iotc-evse-example/nxpev1060/TWRKM3575_EVSE/device" -I"/tmp/shu/iotc-evse-example/nxpev1060/TWRKM3575_EVSE/utilities" -I"/tmp/shu/iotc-evse-example/nxpev1060/TWRKM3575_EVSE/slcd" -I"/tmp/shu/iotc-evse-example/nxpev1060/TWRKM3575_EVSE/component/uart" -I"/tmp/shu/iotc-evse-example/nxpev1060/TWRKM3575_EVSE/component/serial_manager" -I"/tmp/shu/iotc-evse-example/nxpev1060/TWRKM3575_EVSE/component/lists" -O0 -fno-common -g3 -gdwarf-4 -Wall -c  -ffunction-sections  -fdata-sections  -ffreestanding  -fno-builtin -fmerge-constants -fmacro-prefix-map="../drivers/"= -mcpu=cortex-m0plus -mthumb -D__REDLIB__ -fstack-usage -specs=redlib.specs -MMD -MP -MF"drivers/fsl_clock.d" -MT"drivers/fsl_clock.o" -MT"drivers/fsl_clock.d" -o "drivers/fsl_clock.o" "../drivers/fsl_clock.c"
Building file: ../drivers/fsl_common.c
Building file: ../drivers/fsl_gpio.c
Invoking: MCU C Compiler
Building file: ../drivers/fsl_irtc.c
Building file: ../drivers/fsl_lptmr.c
arm-none-eabi-gcc -std=gnu99 -D__REDLIB__ -DCPU_MKM35Z512VLQ7 -DTWR_KM35Z75M -DTOWER -DSLCD_PANEL_GDH_1247WP_H -DCPU_MKM35Z512VLQ7_cm0plus -D__MCUXPRESSO -D__USE_CMSIS -DDEBUG -DFSL_RTOS_BM -DSDK_OS_BAREMETAL -DSERIAL_PORT_TYPE_UART=1 -DSDK_DEBUGCONSOLE=1 -DPRINTF_FLOAT_ENABLE=1 -I"/tmp/shu/iotc-evse-example/nxpev1060/TWRKM3575_EVSE/board" -I"/tmp/shu/iotc-evse-example/nxpev1060/TWRKM3575_EVSE/source" -I"/tmp/shu/iotc-evse-example/nxpev1060/TWRKM3575_EVSE" -I"/tmp/shu/iotc-evse-example/nxpev1060/TWRKM3575_EVSE/meterlib" -I"/tmp/shu/iotc-evse-example/nxpev1060/TWRKM3575_EVSE/fraclib" -I"/tmp/shu/iotc-evse-example/nxpev1060/TWRKM3575_EVSE/CMSIS" -I"/tmp/shu/iotc-evse-example/nxpev1060/TWRKM3575_EVSE/drivers" -I"/tmp/shu/iotc-evse-example/nxpev1060/TWRKM3575_EVSE/device" -I"/tmp/shu/iotc-evse-example/nxpev1060/TWRKM3575_EVSE/utilities" -I"/tmp/shu/iotc-evse-example/nxpev1060/TWRKM3575_EVSE/slcd" -I"/tmp/shu/iotc-evse-example/nxpev1060/TWRKM3575_EVSE/component/uart" -I"/tmp/shu/iotc-evse-example/nxpev1060/TWRKM3575_EVSE/component/serial_manager" -I"/tmp/shu/iotc-evse-example/nxpev1060/TWRKM3575_EVSE/component/lists" -O0 -fno-common -g3 -gdwarf-4 -Wall -c  -ffunction-sections  -fdata-sections  -ffreestanding  -fno-builtin -fmerge-constants -fmacro-prefix-map="../drivers/"= -mcpu=cortex-m0plus -mthumb -D__REDLIB__ -fstack-usage -specs=redlib.specs -MMD -MP -MF"drivers/fsl_common.d" -MT"drivers/fsl_common.o" -MT"drivers/fsl_common.d" -o "drivers/fsl_common.o" "../drivers/fsl_common.c"
Invoking: MCU C Compiler
arm-none-eabi-gcc -std=gnu99 -D__REDLIB__ -DCPU_MKM35Z512VLQ7 -DTWR_KM35Z75M -DTOWER -DSLCD_PANEL_GDH_1247WP_H -DCPU_MKM35Z512VLQ7_cm0plus -D__MCUXPRESSO -D__USE_CMSIS -DDEBUG -DFSL_RTOS_BM -DSDK_OS_BAREMETAL -DSERIAL_PORT_TYPE_UART=1 -DSDK_DEBUGCONSOLE=1 -DPRINTF_FLOAT_ENABLE=1 -I"/tmp/shu/iotc-evse-example/nxpev1060/TWRKM3575_EVSE/board" -I"/tmp/shu/iotc-evse-example/nxpev1060/TWRKM3575_EVSE/source" -I"/tmp/shu/iotc-evse-example/nxpev1060/TWRKM3575_EVSE" -I"/tmp/shu/iotc-evse-example/nxpev1060/TWRKM3575_EVSE/meterlib" -I"/tmp/shu/iotc-evse-example/nxpev1060/TWRKM3575_EVSE/fraclib" -I"/tmp/shu/iotc-evse-example/nxpev1060/TWRKM3575_EVSE/CMSIS" -I"/tmp/shu/iotc-evse-example/nxpev1060/TWRKM3575_EVSE/drivers" -I"/tmp/shu/iotc-evse-example/nxpev1060/TWRKM3575_EVSE/device" -I"/tmp/shu/iotc-evse-example/nxpev1060/TWRKM3575_EVSE/utilities" -I"/tmp/shu/iotc-evse-example/nxpev1060/TWRKM3575_EVSE/slcd" -I"/tmp/shu/iotc-evse-example/nxpev1060/TWRKM3575_EVSE/component/uart" -I"/tmp/shu/iotc-evse-example/nxpev1060/TWRKM3575_EVSE/component/serial_manager" -I"/tmp/shu/iotc-evse-example/nxpev1060/TWRKM3575_EVSE/component/lists" -O0 -fno-common -g3 -gdwarf-4 -Wall -c  -ffunction-sections  -fdata-sections  -ffreestanding  -fno-builtin -fmerge-constants -fmacro-prefix-map="../drivers/"= -mcpu=cortex-m0plus -mthumb -D__REDLIB__ -fstack-usage -specs=redlib.specs -MMD -MP -MF"drivers/fsl_gpio.d" -MT"drivers/fsl_gpio.o" -MT"drivers/fsl_gpio.d" -o "drivers/fsl_gpio.o" "../drivers/fsl_gpio.c"
Invoking: MCU C Compiler
arm-none-eabi-gcc -std=gnu99 -D__REDLIB__ -DCPU_MKM35Z512VLQ7 -DTWR_KM35Z75M -DTOWER -DSLCD_PANEL_GDH_1247WP_H -DCPU_MKM35Z512VLQ7_cm0plus -D__MCUXPRESSO -D__USE_CMSIS -DDEBUG -DFSL_RTOS_BM -DSDK_OS_BAREMETAL -DSERIAL_PORT_TYPE_UART=1 -DSDK_DEBUGCONSOLE=1 -DPRINTF_FLOAT_ENABLE=1 -I"/tmp/shu/iotc-evse-example/nxpev1060/TWRKM3575_EVSE/board" -I"/tmp/shu/iotc-evse-example/nxpev1060/TWRKM3575_EVSE/source" -I"/tmp/shu/iotc-evse-example/nxpev1060/TWRKM3575_EVSE" -I"/tmp/shu/iotc-evse-example/nxpev1060/TWRKM3575_EVSE/meterlib" -I"/tmp/shu/iotc-evse-example/nxpev1060/TWRKM3575_EVSE/fraclib" -I"/tmp/shu/iotc-evse-example/nxpev1060/TWRKM3575_EVSE/CMSIS" -I"/tmp/shu/iotc-evse-example/nxpev1060/TWRKM3575_EVSE/drivers" -I"/tmp/shu/iotc-evse-example/nxpev1060/TWRKM3575_EVSE/device" -I"/tmp/shu/iotc-evse-example/nxpev1060/TWRKM3575_EVSE/utilities" -I"/tmp/shu/iotc-evse-example/nxpev1060/TWRKM3575_EVSE/slcd" -I"/tmp/shu/iotc-evse-example/nxpev1060/TWRKM3575_EVSE/component/uart" -I"/tmp/shu/iotc-evse-example/nxpev1060/TWRKM3575_EVSE/component/serial_manager" -I"/tmp/shu/iotc-evse-example/nxpev1060/TWRKM3575_EVSE/component/lists" -O0 -fno-common -g3 -gdwarf-4 -Wall -c  -ffunction-sections  -fdata-sections  -ffreestanding  -fno-builtin -fmerge-constants -fmacro-prefix-map="../drivers/"= -mcpu=cortex-m0plus -mthumb -D__REDLIB__ -fstack-usage -specs=redlib.specs -MMD -MP -MF"drivers/fsl_lptmr.d" -MT"drivers/fsl_lptmr.o" -MT"drivers/fsl_lptmr.d" -o "drivers/fsl_lptmr.o" "../drivers/fsl_lptmr.c"
Invoking: MCU C Compiler
arm-none-eabi-gcc -std=gnu99 -D__REDLIB__ -DCPU_MKM35Z512VLQ7 -DTWR_KM35Z75M -DTOWER -DSLCD_PANEL_GDH_1247WP_H -DCPU_MKM35Z512VLQ7_cm0plus -D__MCUXPRESSO -D__USE_CMSIS -DDEBUG -DFSL_RTOS_BM -DSDK_OS_BAREMETAL -DSERIAL_PORT_TYPE_UART=1 -DSDK_DEBUGCONSOLE=1 -DPRINTF_FLOAT_ENABLE=1 -I"/tmp/shu/iotc-evse-example/nxpev1060/TWRKM3575_EVSE/board" -I"/tmp/shu/iotc-evse-example/nxpev1060/TWRKM3575_EVSE/source" -I"/tmp/shu/iotc-evse-example/nxpev1060/TWRKM3575_EVSE" -I"/tmp/shu/iotc-evse-example/nxpev1060/TWRKM3575_EVSE/meterlib" -I"/tmp/shu/iotc-evse-example/nxpev1060/TWRKM3575_EVSE/fraclib" -I"/tmp/shu/iotc-evse-example/nxpev1060/TWRKM3575_EVSE/CMSIS" -I"/tmp/shu/iotc-evse-example/nxpev1060/TWRKM3575_EVSE/drivers" -I"/tmp/shu/iotc-evse-example/nxpev1060/TWRKM3575_EVSE/device" -I"/tmp/shu/iotc-evse-example/nxpev1060/TWRKM3575_EVSE/utilities" -I"/tmp/shu/iotc-evse-example/nxpev1060/TWRKM3575_EVSE/slcd" -I"/tmp/shu/iotc-evse-example/nxpev1060/TWRKM3575_EVSE/component/uart" -I"/tmp/shu/iotc-evse-example/nxpev1060/TWRKM3575_EVSE/component/serial_manager" -I"/tmp/shu/iotc-evse-example/nxpev1060/TWRKM3575_EVSE/component/lists" -O0 -fno-common -g3 -gdwarf-4 -Wall -c  -ffunction-sections  -fdata-sections  -ffreestanding  -fno-builtin -fmerge-constants -fmacro-prefix-map="../drivers/"= -mcpu=cortex-m0plus -mthumb -D__REDLIB__ -fstack-usage -specs=redlib.specs -MMD -MP -MF"drivers/fsl_irtc.d" -MT"drivers/fsl_irtc.o" -MT"drivers/fsl_irtc.d" -o "drivers/fsl_irtc.o" "../drivers/fsl_irtc.c"
Building file: ../drivers/fsl_qtmr.c
Building file: ../drivers/fsl_lpuart.c
Invoking: MCU C Compiler
arm-none-eabi-gcc -std=gnu99 -D__REDLIB__ -DCPU_MKM35Z512VLQ7 -DTWR_KM35Z75M -DTOWER -DSLCD_PANEL_GDH_1247WP_H -DCPU_MKM35Z512VLQ7_cm0plus -D__MCUXPRESSO -D__USE_CMSIS -DDEBUG -DFSL_RTOS_BM -DSDK_OS_BAREMETAL -DSERIAL_PORT_TYPE_UART=1 -DSDK_DEBUGCONSOLE=1 -DPRINTF_FLOAT_ENABLE=1 -I"/tmp/shu/iotc-evse-example/nxpev1060/TWRKM3575_EVSE/board" -I"/tmp/shu/iotc-evse-example/nxpev1060/TWRKM3575_EVSE/source" -I"/tmp/shu/iotc-evse-example/nxpev1060/TWRKM3575_EVSE" -I"/tmp/shu/iotc-evse-example/nxpev1060/TWRKM3575_EVSE/meterlib" -I"/tmp/shu/iotc-evse-example/nxpev1060/TWRKM3575_EVSE/fraclib" -I"/tmp/shu/iotc-evse-example/nxpev1060/TWRKM3575_EVSE/CMSIS" -I"/tmp/shu/iotc-evse-example/nxpev1060/TWRKM3575_EVSE/drivers" -I"/tmp/shu/iotc-evse-example/nxpev1060/TWRKM3575_EVSE/device" -I"/tmp/shu/iotc-evse-example/nxpev1060/TWRKM3575_EVSE/utilities" -I"/tmp/shu/iotc-evse-example/nxpev1060/TWRKM3575_EVSE/slcd" -I"/tmp/shu/iotc-evse-example/nxpev1060/TWRKM3575_EVSE/component/uart" -I"/tmp/shu/iotc-evse-example/nxpev1060/TWRKM3575_EVSE/component/serial_manager" -I"/tmp/shu/iotc-evse-example/nxpev1060/TWRKM3575_EVSE/component/lists" -O0 -fno-common -g3 -gdwarf-4 -Wall -c  -ffunction-sections  -fdata-sections  -ffreestanding  -fno-builtin -fmerge-constants -fmacro-prefix-map="../drivers/"= -mcpu=cortex-m0plus -mthumb -D__REDLIB__ -fstack-usage -specs=redlib.specs -MMD -MP -MF"drivers/fsl_qtmr.d" -MT"drivers/fsl_qtmr.o" -MT"drivers/fsl_qtmr.d" -o "drivers/fsl_qtmr.o" "../drivers/fsl_qtmr.c"
Invoking: MCU C Compiler
arm-none-eabi-gcc -std=gnu99 -D__REDLIB__ -DCPU_MKM35Z512VLQ7 -DTWR_KM35Z75M -DTOWER -DSLCD_PANEL_GDH_1247WP_H -DCPU_MKM35Z512VLQ7_cm0plus -D__MCUXPRESSO -D__USE_CMSIS -DDEBUG -DFSL_RTOS_BM -DSDK_OS_BAREMETAL -DSERIAL_PORT_TYPE_UART=1 -DSDK_DEBUGCONSOLE=1 -DPRINTF_FLOAT_ENABLE=1 -I"/tmp/shu/iotc-evse-example/nxpev1060/TWRKM3575_EVSE/board" -I"/tmp/shu/iotc-evse-example/nxpev1060/TWRKM3575_EVSE/source" -I"/tmp/shu/iotc-evse-example/nxpev1060/TWRKM3575_EVSE" -I"/tmp/shu/iotc-evse-example/nxpev1060/TWRKM3575_EVSE/meterlib" -I"/tmp/shu/iotc-evse-example/nxpev1060/TWRKM3575_EVSE/fraclib" -I"/tmp/shu/iotc-evse-example/nxpev1060/TWRKM3575_EVSE/CMSIS" -I"/tmp/shu/iotc-evse-example/nxpev1060/TWRKM3575_EVSE/drivers" -I"/tmp/shu/iotc-evse-example/nxpev1060/TWRKM3575_EVSE/device" -I"/tmp/shu/iotc-evse-example/nxpev1060/TWRKM3575_EVSE/utilities" -I"/tmp/shu/iotc-evse-example/nxpev1060/TWRKM3575_EVSE/slcd" -I"/tmp/shu/iotc-evse-example/nxpev1060/TWRKM3575_EVSE/component/uart" -I"/tmp/shu/iotc-evse-example/nxpev1060/TWRKM3575_EVSE/component/serial_manager" -I"/tmp/shu/iotc-evse-example/nxpev1060/TWRKM3575_EVSE/component/lists" -O0 -fno-common -g3 -gdwarf-4 -Wall -c  -ffunction-sections  -fdata-sections  -ffreestanding  -fno-builtin -fmerge-constants -fmacro-prefix-map="../drivers/"= -mcpu=cortex-m0plus -mthumb -D__REDLIB__ -fstack-usage -specs=redlib.specs -MMD -MP -MF"drivers/fsl_lpuart.d" -MT"drivers/fsl_lpuart.o" -MT"drivers/fsl_lpuart.d" -o "drivers/fsl_lpuart.o" "../drivers/fsl_lpuart.c"
Finished building: ../source/semihost_hardfault.c
 
Finished building: ../slcd/GDH-1247WP.c
Finished building: ../source/mtb.c
 
Building file: ../drivers/fsl_rnga.c
 
Invoking: MCU C Compiler
arm-none-eabi-gcc -std=gnu99 -D__REDLIB__ -DCPU_MKM35Z512VLQ7 -DTWR_KM35Z75M -DTOWER -DSLCD_PANEL_GDH_1247WP_H -DCPU_MKM35Z512VLQ7_cm0plus -D__MCUXPRESSO -D__USE_CMSIS -DDEBUG -DFSL_RTOS_BM -DSDK_OS_BAREMETAL -DSERIAL_PORT_TYPE_UART=1 -DSDK_DEBUGCONSOLE=1 -DPRINTF_FLOAT_ENABLE=1 -I"/tmp/shu/iotc-evse-example/nxpev1060/TWRKM3575_EVSE/board" -I"/tmp/shu/iotc-evse-example/nxpev1060/TWRKM3575_EVSE/source" -I"/tmp/shu/iotc-evse-example/nxpev1060/TWRKM3575_EVSE" -I"/tmp/shu/iotc-evse-example/nxpev1060/TWRKM3575_EVSE/meterlib" -I"/tmp/shu/iotc-evse-example/nxpev1060/TWRKM3575_EVSE/fraclib" -I"/tmp/shu/iotc-evse-example/nxpev1060/TWRKM3575_EVSE/CMSIS" -I"/tmp/shu/iotc-evse-example/nxpev1060/TWRKM3575_EVSE/drivers" -I"/tmp/shu/iotc-evse-example/nxpev1060/TWRKM3575_EVSE/device" -I"/tmp/shu/iotc-evse-example/nxpev1060/TWRKM3575_EVSE/utilities" -I"/tmp/shu/iotc-evse-example/nxpev1060/TWRKM3575_EVSE/slcd" -I"/tmp/shu/iotc-evse-example/nxpev1060/TWRKM3575_EVSE/component/uart" -I"/tmp/shu/iotc-evse-example/nxpev1060/TWRKM3575_EVSE/component/serial_manager" -I"/tmp/shu/iotc-evse-example/nxpev1060/TWRKM3575_EVSE/component/lists" -O0 -fno-common -g3 -gdwarf-4 -Wall -c  -ffunction-sections  -fdata-sections  -ffreestanding  -fno-builtin -fmerge-constants -fmacro-prefix-map="../drivers/"= -mcpu=cortex-m0plus -mthumb -D__REDLIB__ -fstack-usage -specs=redlib.specs -MMD -MP -MF"drivers/fsl_rnga.d" -MT"drivers/fsl_rnga.o" -MT"drivers/fsl_rnga.d" -o "drivers/fsl_rnga.o" "../drivers/fsl_rnga.c"
Finished building: ../startup/startup_mkm35z7.c
Building file: ../drivers/fsl_smc.c
Building file: ../drivers/fsl_slcd.c
 
Invoking: MCU C Compiler
arm-none-eabi-gcc -std=gnu99 -D__REDLIB__ -DCPU_MKM35Z512VLQ7 -DTWR_KM35Z75M -DTOWER -DSLCD_PANEL_GDH_1247WP_H -DCPU_MKM35Z512VLQ7_cm0plus -D__MCUXPRESSO -D__USE_CMSIS -DDEBUG -DFSL_RTOS_BM -DSDK_OS_BAREMETAL -DSERIAL_PORT_TYPE_UART=1 -DSDK_DEBUGCONSOLE=1 -DPRINTF_FLOAT_ENABLE=1 -I"/tmp/shu/iotc-evse-example/nxpev1060/TWRKM3575_EVSE/board" -I"/tmp/shu/iotc-evse-example/nxpev1060/TWRKM3575_EVSE/source" -I"/tmp/shu/iotc-evse-example/nxpev1060/TWRKM3575_EVSE" -I"/tmp/shu/iotc-evse-example/nxpev1060/TWRKM3575_EVSE/meterlib" -I"/tmp/shu/iotc-evse-example/nxpev1060/TWRKM3575_EVSE/fraclib" -I"/tmp/shu/iotc-evse-example/nxpev1060/TWRKM3575_EVSE/CMSIS" -I"/tmp/shu/iotc-evse-example/nxpev1060/TWRKM3575_EVSE/drivers" -I"/tmp/shu/iotc-evse-example/nxpev1060/TWRKM3575_EVSE/device" -I"/tmp/shu/iotc-evse-example/nxpev1060/TWRKM3575_EVSE/utilities" -I"/tmp/shu/iotc-evse-example/nxpev1060/TWRKM3575_EVSE/slcd" -I"/tmp/shu/iotc-evse-example/nxpev1060/TWRKM3575_EVSE/component/uart" -I"/tmp/shu/iotc-evse-example/nxpev1060/TWRKM3575_EVSE/component/serial_manager" -I"/tmp/shu/iotc-evse-example/nxpev1060/TWRKM3575_EVSE/component/lists" -O0 -fno-common -g3 -gdwarf-4 -Wall -c  -ffunction-sections  -fdata-sections  -ffreestanding  -fno-builtin -fmerge-constants -fmacro-prefix-map="../drivers/"= -mcpu=cortex-m0plus -mthumb -D__REDLIB__ -fstack-usage -specs=redlib.specs -MMD -MP -MF"drivers/fsl_smc.d" -MT"drivers/fsl_smc.o" -MT"drivers/fsl_smc.d" -o "drivers/fsl_smc.o" "../drivers/fsl_smc.c"
Finished building: ../slcd/slcd_engine.c
Invoking: MCU C Compiler
arm-none-eabi-gcc -std=gnu99 -D__REDLIB__ -DCPU_MKM35Z512VLQ7 -DTWR_KM35Z75M -DTOWER -DSLCD_PANEL_GDH_1247WP_H -DCPU_MKM35Z512VLQ7_cm0plus -D__MCUXPRESSO -D__USE_CMSIS -DDEBUG -DFSL_RTOS_BM -DSDK_OS_BAREMETAL -DSERIAL_PORT_TYPE_UART=1 -DSDK_DEBUGCONSOLE=1 -DPRINTF_FLOAT_ENABLE=1 -I"/tmp/shu/iotc-evse-example/nxpev1060/TWRKM3575_EVSE/board" -I"/tmp/shu/iotc-evse-example/nxpev1060/TWRKM3575_EVSE/source" -I"/tmp/shu/iotc-evse-example/nxpev1060/TWRKM3575_EVSE" -I"/tmp/shu/iotc-evse-example/nxpev1060/TWRKM3575_EVSE/meterlib" -I"/tmp/shu/iotc-evse-example/nxpev1060/TWRKM3575_EVSE/fraclib" -I"/tmp/shu/iotc-evse-example/nxpev1060/TWRKM3575_EVSE/CMSIS" -I"/tmp/shu/iotc-evse-example/nxpev1060/TWRKM3575_EVSE/drivers" -I"/tmp/shu/iotc-evse-example/nxpev1060/TWRKM3575_EVSE/device" -I"/tmp/shu/iotc-evse-example/nxpev1060/TWRKM3575_EVSE/utilities" -I"/tmp/shu/iotc-evse-example/nxpev1060/TWRKM3575_EVSE/slcd" -I"/tmp/shu/iotc-evse-example/nxpev1060/TWRKM3575_EVSE/component/uart" -I"/tmp/shu/iotc-evse-example/nxpev1060/TWRKM3575_EVSE/component/serial_manager" -I"/tmp/shu/iotc-evse-example/nxpev1060/TWRKM3575_EVSE/component/lists" -O0 -fno-common -g3 -gdwarf-4 -Wall -c  -ffunction-sections  -fdata-sections  -ffreestanding  -fno-builtin -fmerge-constants -fmacro-prefix-map="../drivers/"= -mcpu=cortex-m0plus -mthumb -D__REDLIB__ -fstack-usage -specs=redlib.specs -MMD -MP -MF"drivers/fsl_slcd.d" -MT"drivers/fsl_slcd.o" -MT"drivers/fsl_slcd.d" -o "drivers/fsl_slcd.o" "../drivers/fsl_slcd.c"
 
Building file: ../drivers/fsl_uart.c
Building file: ../device/system_MKM35Z7.c
Invoking: MCU C Compiler
arm-none-eabi-gcc -std=gnu99 -D__REDLIB__ -DCPU_MKM35Z512VLQ7 -DTWR_KM35Z75M -DTOWER -DSLCD_PANEL_GDH_1247WP_H -DCPU_MKM35Z512VLQ7_cm0plus -D__MCUXPRESSO -D__USE_CMSIS -DDEBUG -DFSL_RTOS_BM -DSDK_OS_BAREMETAL -DSERIAL_PORT_TYPE_UART=1 -DSDK_DEBUGCONSOLE=1 -DPRINTF_FLOAT_ENABLE=1 -I"/tmp/shu/iotc-evse-example/nxpev1060/TWRKM3575_EVSE/board" -I"/tmp/shu/iotc-evse-example/nxpev1060/TWRKM3575_EVSE/source" -I"/tmp/shu/iotc-evse-example/nxpev1060/TWRKM3575_EVSE" -I"/tmp/shu/iotc-evse-example/nxpev1060/TWRKM3575_EVSE/meterlib" -I"/tmp/shu/iotc-evse-example/nxpev1060/TWRKM3575_EVSE/fraclib" -I"/tmp/shu/iotc-evse-example/nxpev1060/TWRKM3575_EVSE/CMSIS" -I"/tmp/shu/iotc-evse-example/nxpev1060/TWRKM3575_EVSE/drivers" -I"/tmp/shu/iotc-evse-example/nxpev1060/TWRKM3575_EVSE/device" -I"/tmp/shu/iotc-evse-example/nxpev1060/TWRKM3575_EVSE/utilities" -I"/tmp/shu/iotc-evse-example/nxpev1060/TWRKM3575_EVSE/slcd" -I"/tmp/shu/iotc-evse-example/nxpev1060/TWRKM3575_EVSE/component/uart" -I"/tmp/shu/iotc-evse-example/nxpev1060/TWRKM3575_EVSE/component/serial_manager" -I"/tmp/shu/iotc-evse-example/nxpev1060/TWRKM3575_EVSE/component/lists" -O0 -fno-common -g3 -gdwarf-4 -Wall -c  -ffunction-sections  -fdata-sections  -ffreestanding  -fno-builtin -fmerge-constants -fmacro-prefix-map="../drivers/"= -mcpu=cortex-m0plus -mthumb -D__REDLIB__ -fstack-usage -specs=redlib.specs -MMD -MP -MF"drivers/fsl_uart.d" -MT"drivers/fsl_uart.o" -MT"drivers/fsl_uart.d" -o "drivers/fsl_uart.o" "../drivers/fsl_uart.c"
Invoking: MCU C Compiler
arm-none-eabi-gcc -std=gnu99 -D__REDLIB__ -DCPU_MKM35Z512VLQ7 -DTWR_KM35Z75M -DTOWER -DSLCD_PANEL_GDH_1247WP_H -DCPU_MKM35Z512VLQ7_cm0plus -D__MCUXPRESSO -D__USE_CMSIS -DDEBUG -DFSL_RTOS_BM -DSDK_OS_BAREMETAL -DSERIAL_PORT_TYPE_UART=1 -DSDK_DEBUGCONSOLE=1 -DPRINTF_FLOAT_ENABLE=1 -I"/tmp/shu/iotc-evse-example/nxpev1060/TWRKM3575_EVSE/board" -I"/tmp/shu/iotc-evse-example/nxpev1060/TWRKM3575_EVSE/source" -I"/tmp/shu/iotc-evse-example/nxpev1060/TWRKM3575_EVSE" -I"/tmp/shu/iotc-evse-example/nxpev1060/TWRKM3575_EVSE/meterlib" -I"/tmp/shu/iotc-evse-example/nxpev1060/TWRKM3575_EVSE/fraclib" -I"/tmp/shu/iotc-evse-example/nxpev1060/TWRKM3575_EVSE/CMSIS" -I"/tmp/shu/iotc-evse-example/nxpev1060/TWRKM3575_EVSE/drivers" -I"/tmp/shu/iotc-evse-example/nxpev1060/TWRKM3575_EVSE/device" -I"/tmp/shu/iotc-evse-example/nxpev1060/TWRKM3575_EVSE/utilities" -I"/tmp/shu/iotc-evse-example/nxpev1060/TWRKM3575_EVSE/slcd" -I"/tmp/shu/iotc-evse-example/nxpev1060/TWRKM3575_EVSE/component/uart" -I"/tmp/shu/iotc-evse-example/nxpev1060/TWRKM3575_EVSE/component/serial_manager" -I"/tmp/shu/iotc-evse-example/nxpev1060/TWRKM3575_EVSE/component/lists" -O0 -fno-common -g3 -gdwarf-4 -Wall -c  -ffunction-sections  -fdata-sections  -ffreestanding  -fno-builtin -fmerge-constants -fmacro-prefix-map="../device/"= -mcpu=cortex-m0plus -mthumb -D__REDLIB__ -fstack-usage -specs=redlib.specs -MMD -MP -MF"device/system_MKM35Z7.d" -MT"device/system_MKM35Z7.o" -MT"device/system_MKM35Z7.d" -o "device/system_MKM35Z7.o" "../device/system_MKM35Z7.c"
../source/PWR_Main.c: In function 'PTx_IRQHandler':
../source/PWR_Main.c:144:19: warning: implicit declaration of function 'PWM_OnOFF' [-Wimplicit-function-declaration]
  144 |                   PWM_OnOFF(0, 53);
      |                   ^~~~~~~~~
../source/PWR_Main.c: At top level:
../source/PWR_Main.c:655:6: warning: conflicting types for 'PWM_OnOFF'; have 'void(uint8_t,  uint8_t)' {aka 'void(unsigned char,  unsigned char)'}
  655 | void PWM_OnOFF(uint8_t onoff, uint8_t perc)
      |      ^~~~~~~~~
../source/PWR_Main.c:144:19: note: previous implicit declaration of 'PWM_OnOFF' with type 'void(uint8_t,  uint8_t)' {aka 'void(unsigned char,  unsigned char)'}
  144 |                   PWM_OnOFF(0, 53);
      |                   ^~~~~~~~~
Finished building: ../drivers/fsl_common.c
 
Finished building: ../drivers/fsl_adc16.c
Finished building: ../drivers/fsl_lptmr.c
Building file: ../component/uart/uart_adapter.c
 
 
Invoking: MCU C Compiler
arm-none-eabi-gcc -std=gnu99 -D__REDLIB__ -DCPU_MKM35Z512VLQ7 -DTWR_KM35Z75M -DTOWER -DSLCD_PANEL_GDH_1247WP_H -DCPU_MKM35Z512VLQ7_cm0plus -D__MCUXPRESSO -D__USE_CMSIS -DDEBUG -DFSL_RTOS_BM -DSDK_OS_BAREMETAL -DSERIAL_PORT_TYPE_UART=1 -DSDK_DEBUGCONSOLE=1 -DPRINTF_FLOAT_ENABLE=1 -I"/tmp/shu/iotc-evse-example/nxpev1060/TWRKM3575_EVSE/board" -I"/tmp/shu/iotc-evse-example/nxpev1060/TWRKM3575_EVSE/source" -I"/tmp/shu/iotc-evse-example/nxpev1060/TWRKM3575_EVSE" -I"/tmp/shu/iotc-evse-example/nxpev1060/TWRKM3575_EVSE/meterlib" -I"/tmp/shu/iotc-evse-example/nxpev1060/TWRKM3575_EVSE/fraclib" -I"/tmp/shu/iotc-evse-example/nxpev1060/TWRKM3575_EVSE/CMSIS" -I"/tmp/shu/iotc-evse-example/nxpev1060/TWRKM3575_EVSE/drivers" -I"/tmp/shu/iotc-evse-example/nxpev1060/TWRKM3575_EVSE/device" -I"/tmp/shu/iotc-evse-example/nxpev1060/TWRKM3575_EVSE/utilities" -I"/tmp/shu/iotc-evse-example/nxpev1060/TWRKM3575_EVSE/slcd" -I"/tmp/shu/iotc-evse-example/nxpev1060/TWRKM3575_EVSE/component/uart" -I"/tmp/shu/iotc-evse-example/nxpev1060/TWRKM3575_EVSE/component/serial_manager" -I"/tmp/shu/iotc-evse-example/nxpev1060/TWRKM3575_EVSE/component/lists" -O0 -fno-common -g3 -gdwarf-4 -Wall -c  -ffunction-sections  -fdata-sections  -ffreestanding  -fno-builtin -fmerge-constants -fmacro-prefix-map="../component/uart/"= -mcpu=cortex-m0plus -mthumb -D__REDLIB__ -fstack-usage -specs=redlib.specs -MMD -MP -MF"component/uart/uart_adapter.d" -MT"component/uart/uart_adapter.o" -MT"component/uart/uart_adapter.d" -o "component/uart/uart_adapter.o" "../component/uart/uart_adapter.c"
Building file: ../component/serial_manager/serial_manager.c
Building file: ../component/serial_manager/serial_port_uart.c
Invoking: MCU C Compiler
Invoking: MCU C Compiler
arm-none-eabi-gcc -std=gnu99 -D__REDLIB__ -DCPU_MKM35Z512VLQ7 -DTWR_KM35Z75M -DTOWER -DSLCD_PANEL_GDH_1247WP_H -DCPU_MKM35Z512VLQ7_cm0plus -D__MCUXPRESSO -D__USE_CMSIS -DDEBUG -DFSL_RTOS_BM -DSDK_OS_BAREMETAL -DSERIAL_PORT_TYPE_UART=1 -DSDK_DEBUGCONSOLE=1 -DPRINTF_FLOAT_ENABLE=1 -I"/tmp/shu/iotc-evse-example/nxpev1060/TWRKM3575_EVSE/board" -I"/tmp/shu/iotc-evse-example/nxpev1060/TWRKM3575_EVSE/source" -I"/tmp/shu/iotc-evse-example/nxpev1060/TWRKM3575_EVSE" -I"/tmp/shu/iotc-evse-example/nxpev1060/TWRKM3575_EVSE/meterlib" -I"/tmp/shu/iotc-evse-example/nxpev1060/TWRKM3575_EVSE/fraclib" -I"/tmp/shu/iotc-evse-example/nxpev1060/TWRKM3575_EVSE/CMSIS" -I"/tmp/shu/iotc-evse-example/nxpev1060/TWRKM3575_EVSE/drivers" -I"/tmp/shu/iotc-evse-example/nxpev1060/TWRKM3575_EVSE/device" -I"/tmp/shu/iotc-evse-example/nxpev1060/TWRKM3575_EVSE/utilities" -I"/tmp/shu/iotc-evse-example/nxpev1060/TWRKM3575_EVSE/slcd" -I"/tmp/shu/iotc-evse-example/nxpev1060/TWRKM3575_EVSE/component/uart" -I"/tmp/shu/iotc-evse-example/nxpev1060/TWRKM3575_EVSE/component/serial_manager" -I"/tmp/shu/iotc-evse-example/nxpev1060/TWRKM3575_EVSE/component/lists" -O0 -fno-common -g3 -gdwarf-4 -Wall -c  -ffunction-sections  -fdata-sections  -ffreestanding  -fno-builtin -fmerge-constants -fmacro-prefix-map="../component/serial_manager/"= -mcpu=cortex-m0plus -mthumb -D__REDLIB__ -fstack-usage -specs=redlib.specs -MMD -MP -MF"component/serial_manager/serial_manager.d" -MT"component/serial_manager/serial_manager.o" -MT"component/serial_manager/serial_manager.d" -o "component/serial_manager/serial_manager.o" "../component/serial_manager/serial_manager.c"
arm-none-eabi-gcc -std=gnu99 -D__REDLIB__ -DCPU_MKM35Z512VLQ7 -DTWR_KM35Z75M -DTOWER -DSLCD_PANEL_GDH_1247WP_H -DCPU_MKM35Z512VLQ7_cm0plus -D__MCUXPRESSO -D__USE_CMSIS -DDEBUG -DFSL_RTOS_BM -DSDK_OS_BAREMETAL -DSERIAL_PORT_TYPE_UART=1 -DSDK_DEBUGCONSOLE=1 -DPRINTF_FLOAT_ENABLE=1 -I"/tmp/shu/iotc-evse-example/nxpev1060/TWRKM3575_EVSE/board" -I"/tmp/shu/iotc-evse-example/nxpev1060/TWRKM3575_EVSE/source" -I"/tmp/shu/iotc-evse-example/nxpev1060/TWRKM3575_EVSE" -I"/tmp/shu/iotc-evse-example/nxpev1060/TWRKM3575_EVSE/meterlib" -I"/tmp/shu/iotc-evse-example/nxpev1060/TWRKM3575_EVSE/fraclib" -I"/tmp/shu/iotc-evse-example/nxpev1060/TWRKM3575_EVSE/CMSIS" -I"/tmp/shu/iotc-evse-example/nxpev1060/TWRKM3575_EVSE/drivers" -I"/tmp/shu/iotc-evse-example/nxpev1060/TWRKM3575_EVSE/device" -I"/tmp/shu/iotc-evse-example/nxpev1060/TWRKM3575_EVSE/utilities" -I"/tmp/shu/iotc-evse-example/nxpev1060/TWRKM3575_EVSE/slcd" -I"/tmp/shu/iotc-evse-example/nxpev1060/TWRKM3575_EVSE/component/uart" -I"/tmp/shu/iotc-evse-example/nxpev1060/TWRKM3575_EVSE/component/serial_manager" -I"/tmp/shu/iotc-evse-example/nxpev1060/TWRKM3575_EVSE/component/lists" -O0 -fno-common -g3 -gdwarf-4 -Wall -c  -ffunction-sections  -fdata-sections  -ffreestanding  -fno-builtin -fmerge-constants -fmacro-prefix-map="../component/serial_manager/"= -mcpu=cortex-m0plus -mthumb -D__REDLIB__ -fstack-usage -specs=redlib.specs -MMD -MP -MF"component/serial_manager/serial_port_uart.d" -MT"component/serial_manager/serial_port_uart.o" -MT"component/serial_manager/serial_port_uart.d" -o "component/serial_manager/serial_port_uart.o" "../component/serial_manager/serial_port_uart.c"
Finished building: ../drivers/fsl_gpio.c
 
Building file: ../component/lists/generic_list.c
Invoking: MCU C Compiler
Finished building: ../utilities/fsl_debug_console.c
arm-none-eabi-gcc -std=gnu99 -D__REDLIB__ -DCPU_MKM35Z512VLQ7 -DTWR_KM35Z75M -DTOWER -DSLCD_PANEL_GDH_1247WP_H -DCPU_MKM35Z512VLQ7_cm0plus -D__MCUXPRESSO -D__USE_CMSIS -DDEBUG -DFSL_RTOS_BM -DSDK_OS_BAREMETAL -DSERIAL_PORT_TYPE_UART=1 -DSDK_DEBUGCONSOLE=1 -DPRINTF_FLOAT_ENABLE=1 -I"/tmp/shu/iotc-evse-example/nxpev1060/TWRKM3575_EVSE/board" -I"/tmp/shu/iotc-evse-example/nxpev1060/TWRKM3575_EVSE/source" -I"/tmp/shu/iotc-evse-example/nxpev1060/TWRKM3575_EVSE" -I"/tmp/shu/iotc-evse-example/nxpev1060/TWRKM3575_EVSE/meterlib" -I"/tmp/shu/iotc-evse-example/nxpev1060/TWRKM3575_EVSE/fraclib" -I"/tmp/shu/iotc-evse-example/nxpev1060/TWRKM3575_EVSE/CMSIS" -I"/tmp/shu/iotc-evse-example/nxpev1060/TWRKM3575_EVSE/drivers" -I"/tmp/shu/iotc-evse-example/nxpev1060/TWRKM3575_EVSE/device" -I"/tmp/shu/iotc-evse-example/nxpev1060/TWRKM3575_EVSE/utilities" -I"/tmp/shu/iotc-evse-example/nxpev1060/TWRKM3575_EVSE/slcd" -I"/tmp/shu/iotc-evse-example/nxpev1060/TWRKM3575_EVSE/component/uart" -I"/tmp/shu/iotc-evse-example/nxpev1060/TWRKM3575_EVSE/component/serial_manager" -I"/tmp/shu/iotc-evse-example/nxpev1060/TWRKM3575_EVSE/component/lists" -O0 -fno-common -g3 -gdwarf-4 -Wall -c  -ffunction-sections  -fdata-sections  -ffreestanding  -fno-builtin -fmerge-constants -fmacro-prefix-map="../component/lists/"= -mcpu=cortex-m0plus -mthumb -D__REDLIB__ -fstack-usage -specs=redlib.specs -MMD -MP -MF"component/lists/generic_list.d" -MT"component/lists/generic_list.o" -MT"component/lists/generic_list.d" -o "component/lists/generic_list.o" "../component/lists/generic_list.c"
 
Building file: ../board/board.c
Invoking: MCU C Compiler
arm-none-eabi-gcc -std=gnu99 -D__REDLIB__ -DCPU_MKM35Z512VLQ7 -DTWR_KM35Z75M -DTOWER -DSLCD_PANEL_GDH_1247WP_H -DCPU_MKM35Z512VLQ7_cm0plus -D__MCUXPRESSO -D__USE_CMSIS -DDEBUG -DFSL_RTOS_BM -DSDK_OS_BAREMETAL -DSERIAL_PORT_TYPE_UART=1 -DSDK_DEBUGCONSOLE=1 -DPRINTF_FLOAT_ENABLE=1 -I"/tmp/shu/iotc-evse-example/nxpev1060/TWRKM3575_EVSE/board" -I"/tmp/shu/iotc-evse-example/nxpev1060/TWRKM3575_EVSE/source" -I"/tmp/shu/iotc-evse-example/nxpev1060/TWRKM3575_EVSE" -I"/tmp/shu/iotc-evse-example/nxpev1060/TWRKM3575_EVSE/meterlib" -I"/tmp/shu/iotc-evse-example/nxpev1060/TWRKM3575_EVSE/fraclib" -I"/tmp/shu/iotc-evse-example/nxpev1060/TWRKM3575_EVSE/CMSIS" -I"/tmp/shu/iotc-evse-example/nxpev1060/TWRKM3575_EVSE/drivers" -I"/tmp/shu/iotc-evse-example/nxpev1060/TWRKM3575_EVSE/device" -I"/tmp/shu/iotc-evse-example/nxpev1060/TWRKM3575_EVSE/utilities" -I"/tmp/shu/iotc-evse-example/nxpev1060/TWRKM3575_EVSE/slcd" -I"/tmp/shu/iotc-evse-example/nxpev1060/TWRKM3575_EVSE/component/uart" -I"/tmp/shu/iotc-evse-example/nxpev1060/TWRKM3575_EVSE/component/serial_manager" -I"/tmp/shu/iotc-evse-example/nxpev1060/TWRKM3575_EVSE/component/lists" -O0 -fno-common -g3 -gdwarf-4 -Wall -c  -ffunction-sections  -fdata-sections  -ffreestanding  -fno-builtin -fmerge-constants -fmacro-prefix-map="../board/"= -mcpu=cortex-m0plus -mthumb -D__REDLIB__ -fstack-usage -specs=redlib.specs -MMD -MP -MF"board/board.d" -MT"board/board.o" -MT"board/board.d" -o "board/board.o" "../board/board.c"
Finished building: ../drivers/fsl_qtmr.c
 
Building file: ../board/clock_config.c
Invoking: MCU C Compiler
arm-none-eabi-gcc -std=gnu99 -D__REDLIB__ -DCPU_MKM35Z512VLQ7 -DTWR_KM35Z75M -DTOWER -DSLCD_PANEL_GDH_1247WP_H -DCPU_MKM35Z512VLQ7_cm0plus -D__MCUXPRESSO -D__USE_CMSIS -DDEBUG -DFSL_RTOS_BM -DSDK_OS_BAREMETAL -DSERIAL_PORT_TYPE_UART=1 -DSDK_DEBUGCONSOLE=1 -DPRINTF_FLOAT_ENABLE=1 -I"/tmp/shu/iotc-evse-example/nxpev1060/TWRKM3575_EVSE/board" -I"/tmp/shu/iotc-evse-example/nxpev1060/TWRKM3575_EVSE/source" -I"/tmp/shu/iotc-evse-example/nxpev1060/TWRKM3575_EVSE" -I"/tmp/shu/iotc-evse-example/nxpev1060/TWRKM3575_EVSE/meterlib" -I"/tmp/shu/iotc-evse-example/nxpev1060/TWRKM3575_EVSE/fraclib" -I"/tmp/shu/iotc-evse-example/nxpev1060/TWRKM3575_EVSE/CMSIS" -I"/tmp/shu/iotc-evse-example/nxpev1060/TWRKM3575_EVSE/drivers" -I"/tmp/shu/iotc-evse-example/nxpev1060/TWRKM3575_EVSE/device" -I"/tmp/shu/iotc-evse-example/nxpev1060/TWRKM3575_EVSE/utilities" -I"/tmp/shu/iotc-evse-example/nxpev1060/TWRKM3575_EVSE/slcd" -I"/tmp/shu/iotc-evse-example/nxpev1060/TWRKM3575_EVSE/component/uart" -I"/tmp/shu/iotc-evse-example/nxpev1060/TWRKM3575_EVSE/component/serial_manager" -I"/tmp/shu/iotc-evse-example/nxpev1060/TWRKM3575_EVSE/component/lists" -O0 -fno-common -g3 -gdwarf-4 -Wall -c  -ffunction-sections  -fdata-sections  -ffreestanding  -fno-builtin -fmerge-constants -fmacro-prefix-map="../board/"= -mcpu=cortex-m0plus -mthumb -D__REDLIB__ -fstack-usage -specs=redlib.specs -MMD -MP -MF"board/clock_config.d" -MT"board/clock_config.o" -MT"board/clock_config.d" -o "board/clock_config.o" "../board/clock_config.c"
Finished building: ../drivers/fsl_lpuart.c
Finished building: ../drivers/fsl_irtc.c
 
 
Finished building: ../utilities/fsl_str.c
 
Building file: ../board/peripherals.c
Building file: ../board/pin_mux.c
Finished building: ../drivers/fsl_clock.c
Invoking: MCU C Compiler
Finished building: ../drivers/fsl_rnga.c
Invoking: MCU C Compiler
Finished building: ../source/PWR_Main.c
 
arm-none-eabi-gcc -std=gnu99 -D__REDLIB__ -DCPU_MKM35Z512VLQ7 -DTWR_KM35Z75M -DTOWER -DSLCD_PANEL_GDH_1247WP_H -DCPU_MKM35Z512VLQ7_cm0plus -D__MCUXPRESSO -D__USE_CMSIS -DDEBUG -DFSL_RTOS_BM -DSDK_OS_BAREMETAL -DSERIAL_PORT_TYPE_UART=1 -DSDK_DEBUGCONSOLE=1 -DPRINTF_FLOAT_ENABLE=1 -I"/tmp/shu/iotc-evse-example/nxpev1060/TWRKM3575_EVSE/board" -I"/tmp/shu/iotc-evse-example/nxpev1060/TWRKM3575_EVSE/source" -I"/tmp/shu/iotc-evse-example/nxpev1060/TWRKM3575_EVSE" -I"/tmp/shu/iotc-evse-example/nxpev1060/TWRKM3575_EVSE/meterlib" -I"/tmp/shu/iotc-evse-example/nxpev1060/TWRKM3575_EVSE/fraclib" -I"/tmp/shu/iotc-evse-example/nxpev1060/TWRKM3575_EVSE/CMSIS" -I"/tmp/shu/iotc-evse-example/nxpev1060/TWRKM3575_EVSE/drivers" -I"/tmp/shu/iotc-evse-example/nxpev1060/TWRKM3575_EVSE/device" -I"/tmp/shu/iotc-evse-example/nxpev1060/TWRKM3575_EVSE/utilities" -I"/tmp/shu/iotc-evse-example/nxpev1060/TWRKM3575_EVSE/slcd" -I"/tmp/shu/iotc-evse-example/nxpev1060/TWRKM3575_EVSE/component/uart" -I"/tmp/shu/iotc-evse-example/nxpev1060/TWRKM3575_EVSE/component/serial_manager" -I"/tmp/shu/iotc-evse-example/nxpev1060/TWRKM3575_EVSE/component/lists" -O0 -fno-common -g3 -gdwarf-4 -Wall -c  -ffunction-sections  -fdata-sections  -ffreestanding  -fno-builtin -fmerge-constants -fmacro-prefix-map="../board/"= -mcpu=cortex-m0plus -mthumb -D__REDLIB__ -fstack-usage -specs=redlib.specs -MMD -MP -MF"board/peripherals.d" -MT"board/peripherals.o" -MT"board/peripherals.d" -o "board/peripherals.o" "../board/peripherals.c"
Finished building: ../device/system_MKM35Z7.c
arm-none-eabi-gcc -std=gnu99 -D__REDLIB__ -DCPU_MKM35Z512VLQ7 -DTWR_KM35Z75M -DTOWER -DSLCD_PANEL_GDH_1247WP_H -DCPU_MKM35Z512VLQ7_cm0plus -D__MCUXPRESSO -D__USE_CMSIS -DDEBUG -DFSL_RTOS_BM -DSDK_OS_BAREMETAL -DSERIAL_PORT_TYPE_UART=1 -DSDK_DEBUGCONSOLE=1 -DPRINTF_FLOAT_ENABLE=1 -I"/tmp/shu/iotc-evse-example/nxpev1060/TWRKM3575_EVSE/board" -I"/tmp/shu/iotc-evse-example/nxpev1060/TWRKM3575_EVSE/source" -I"/tmp/shu/iotc-evse-example/nxpev1060/TWRKM3575_EVSE" -I"/tmp/shu/iotc-evse-example/nxpev1060/TWRKM3575_EVSE/meterlib" -I"/tmp/shu/iotc-evse-example/nxpev1060/TWRKM3575_EVSE/fraclib" -I"/tmp/shu/iotc-evse-example/nxpev1060/TWRKM3575_EVSE/CMSIS" -I"/tmp/shu/iotc-evse-example/nxpev1060/TWRKM3575_EVSE/drivers" -I"/tmp/shu/iotc-evse-example/nxpev1060/TWRKM3575_EVSE/device" -I"/tmp/shu/iotc-evse-example/nxpev1060/TWRKM3575_EVSE/utilities" -I"/tmp/shu/iotc-evse-example/nxpev1060/TWRKM3575_EVSE/slcd" -I"/tmp/shu/iotc-evse-example/nxpev1060/TWRKM3575_EVSE/component/uart" -I"/tmp/shu/iotc-evse-example/nxpev1060/TWRKM3575_EVSE/component/serial_manager" -I"/tmp/shu/iotc-evse-example/nxpev1060/TWRKM3575_EVSE/component/lists" -O0 -fno-common -g3 -gdwarf-4 -Wall -c  -ffunction-sections  -fdata-sections  -ffreestanding  -fno-builtin -fmerge-constants -fmacro-prefix-map="../board/"= -mcpu=cortex-m0plus -mthumb -D__REDLIB__ -fstack-usage -specs=redlib.specs -MMD -MP -MF"board/pin_mux.d" -MT"board/pin_mux.o" -MT"board/pin_mux.d" -o "board/pin_mux.o" "../board/pin_mux.c"
 
 
 
Finished building: ../drivers/fsl_smc.c
 
Finished building: ../drivers/fsl_slcd.c
 
Finished building: ../drivers/fsl_uart.c
 
Finished building: ../component/serial_manager/serial_port_uart.c
 
Finished building: ../component/serial_manager/serial_manager.c
 
Finished building: ../component/uart/uart_adapter.c
 
Finished building: ../board/board.c
 
Finished building: ../component/lists/generic_list.c
 
Finished building: ../board/clock_config.c
 
Finished building: ../board/peripherals.c
 
Finished building: ../board/pin_mux.c
 
Building target: TWRKM3575_EVSE.axf
Invoking: MCU Linker
arm-none-eabi-gcc -nostdlib -L"/tmp/shu/iotc-evse-example/nxpev1060/TWRKM3575_EVSE/meterlib" -L"/tmp/shu/iotc-evse-example/nxpev1060/TWRKM3575_EVSE/fraclib" -Xlinker -Map="TWRKM3575_EVSE.map" -Xlinker --gc-sections -Xlinker -print-memory-usage -Xlinker --sort-section=alignment -Xlinker --cref -mcpu=cortex-m0plus -mthumb -T TWRKM3575_EVSE_Debug.ld -o "TWRKM3575_EVSE.axf" ./utilities/fsl_assert.o ./utilities/fsl_debug_console.o ./utilities/fsl_str.o  ./startup/startup_mkm35z7.o  ./source/PWR_Main.o ./source/mtb.o ./source/semihost_hardfault.o  ./slcd/GDH-1247WP.o ./slcd/slcd_engine.o  ./drivers/fsl_adc16.o ./drivers/fsl_clock.o ./drivers/fsl_common.o ./drivers/fsl_gpio.o ./drivers/fsl_irtc.o ./drivers/fsl_lptmr.o ./drivers/fsl_lpuart.o ./drivers/fsl_qtmr.o ./drivers/fsl_rnga.o ./drivers/fsl_slcd.o ./drivers/fsl_smc.o ./drivers/fsl_uart.o  ./device/system_MKM35Z7.o  ./component/uart/uart_adapter.o  ./component/serial_manager/serial_manager.o ./component/serial_manager/serial_port_uart.o  ./component/lists/generic_list.o  ./board/board.o ./board/clock_config.o ./board/peripherals.o ./board/pin_mux.o    -lmeter_cm0p_mmau_gcc -lfrac_cm0p_mmau_gcc
Memory region         Used Size  Region Size  %age Used
   PROGRAM_FLASH:       40072 B       512 KB      7.64%
            SRAM:         11 KB        64 KB     17.19%
Finished building target: TWRKM3575_EVSE.axf
 
Performing post-build steps
arm-none-eabi-size "TWRKM3575_EVSE.axf"; # arm-none-eabi-objcopy -v -O binary "TWRKM3575_EVSE.axf" "TWRKM3575_EVSE.bin" ; # checksum -p MKM35Z512xxx7 -d "TWRKM3575_EVSE.bin";
   text	   data	    bss	    dec	    hex	filename
  37644	   2428	   8832	  48904	   bf08	TWRKM3575_EVSE.axf
 

15:53:20 Build Finished. 0 errors, 2 warnings. (took 881ms)

