/tmp/shu/nxpev10642/TWRKM3575_EVSE/CMSIS/core_cm0plus.h:741:22:__NVIC_EnableIRQ	16	static
/tmp/shu/nxpev10642/TWRKM3575_EVSE/CMSIS/core_cm0plus.h:850:22:__NVIC_SetPriority	24	static
/tmp/shu/nxpev10642/TWRKM3575_EVSE/CMSIS/core_cm0plus.h:1056:26:SysTick_Config	16	static
/tmp/shu/nxpev10642/TWRKM3575_EVSE/drivers/fsl_common.h:484:28:EnableIRQ	16	static
/tmp/shu/nxpev10642/TWRKM3575_EVSE/drivers/fsl_gpio.h:182:20:GPIO_PortSet	16	static
/tmp/shu/nxpev10642/TWRKM3575_EVSE/drivers/fsl_gpio.h:193:20:GPIO_PortClear	16	static
/tmp/shu/nxpev10642/TWRKM3575_EVSE/drivers/fsl_slcd.h:349:20:SLCD_StartDisplay	16	static
/tmp/shu/nxpev10642/TWRKM3575_EVSE/drivers/fsl_slcd.h:399:20:SLCD_SetBackPlanePhase	24	static
/tmp/shu/nxpev10642/TWRKM3575_EVSE/drivers/fsl_slcd.h:421:20:SLCD_SetFrontPlaneSegments	24	static
/tmp/shu/nxpev10642/TWRKM3575_EVSE/drivers/fsl_slcd.h:443:20:SLCD_SetFrontPlaneOnePhase	40	static
/tmp/shu/nxpev10642/TWRKM3575_EVSE/drivers/fsl_adc16.h:363:20:ADC16_EnableHardwareTrigger	16	static
/tmp/shu/nxpev10642/TWRKM3575_EVSE/drivers/fsl_adc16.h:487:24:ADC16_GetChannelConversionValue	16	static
/tmp/shu/nxpev10642/TWRKM3575_EVSE/drivers/fsl_lptmr.h:183:20:LPTMR_EnableInterrupts	24	static
/tmp/shu/nxpev10642/TWRKM3575_EVSE/drivers/fsl_lptmr.h:270:20:LPTMR_ClearStatusFlags	16	static
/tmp/shu/nxpev10642/TWRKM3575_EVSE/drivers/fsl_lptmr.h:295:20:LPTMR_SetTimerPeriod	16	static
/tmp/shu/nxpev10642/TWRKM3575_EVSE/drivers/fsl_lptmr.h:339:20:LPTMR_StartTimer	24	static
/tmp/shu/nxpev10642/TWRKM3575_EVSE/drivers/fsl_qtmr.h:350:20:QTMR_StartTimer	24	static
/tmp/shu/nxpev10642/TWRKM3575_EVSE/drivers/fsl_qtmr.h:364:20:QTMR_StopTimer	16	static
../source/PWR_Main.c:130:6:PTx_IRQHandler	8	static
../source/PWR_Main.c:234:13:SLCD_SetLCDPin	40	static
../source/PWR_Main.c:262:13:SLCD_APP_Init	56	static
../source/PWR_Main.c:304:13:SLCD_Clear_Screen	8	static
../source/PWR_Main.c:332:13:SLCD_Set_Display_Ready	24	static
../source/PWR_Main.c:361:13:Run_MeterLib	32	static
../source/PWR_Main.c:405:6:LPTMR0_LPTMR1_IRQHandler	8	static
../source/PWR_Main.c:470:13:Start_Timer	16	static
../source/PWR_Main.c:501:13:Start_Potentiometer	8	static
../source/PWR_Main.c:548:13:Process_HostCommand	64	static
../source/PWR_Main.c:655:6:PWM_OnOFF	40	static
../source/PWR_Main.c:693:6:SysTick_Handler	8	static
../source/PWR_Main.c:715:5:main	8	static
