15:43:27 **** Incremental Build of configuration Debug for project RT1064_EasyEVSE_V2 ****
make -r -j16 all 
Building target: RT1064_EasyEVSE_V2.axf
Invoking: MCU Linker
arm-none-eabi-gcc -nostdlib -L"/tmp/shu/nxpev10642/evkmimxrt1064_netxduo_lib_V2/Debug" -L"/tmp/shu/nxpev10642/RT1064_EasyEVSE_V2/azure-rtos/binary/guix/cortex_m7/mcux" -L"/tmp/shu/nxpev10642/RT1064_EasyEVSE_V2/azure-rtos/binary/filex/cortex_m7/mcux" -L"/tmp/shu/nxpev10642/RT1064_EasyEVSE_V2/azure-rtos/binary/threadx/cortex_m7/mcux" -Xlinker -Map="RT1064_EasyEVSE_V2.map" -Xlinker --gc-sections -Xlinker -print-memory-usage -Xlinker --sort-section=alignment -Xlinker --cref -mcpu=cortex-m7 -mfpu=fpv5-d16 -mfloat-abi=hard -mthumb -T RT1064_EasyEVSE_V2_Debug.ld -o "RT1064_EasyEVSE_V2.axf" ./xip/evkmimxrt1064_flexspi_nor_config.o ./xip/fsl_flexspi_nor_boot.o  ./utilities/fsl_assert.o ./utilities/fsl_debug_console.o ./utilities/fsl_str.o  ./touchpanel/fsl_ft5406_rt.o ./touchpanel/fsl_gt911.o  ./startup/startup_mimxrt1064.o  ./source/EVSE_GUIX_main.o ./source/EVSE_GUIX_resources.o ./source/EVSE_GUIX_specifications.o ./source/EVSE_iot_comms.o ./source/get_seed.o ./source/gx_display_driver_imxrt10xx_565rgb.o ./source/gx_driver_imxrt10xx_irq.o ./source/gx_touch_driver_imxrt10xx_capacitive.o ./source/iotconnect_app.o ./source/main.o ./source/nx_azure_iot_cert.o ./source/nx_azure_iot_ciphersuites.o ./source/nx_azure_iot_pnp_helpers.o ./source/phApp_Init.o ./source/sample_device_identity.o ./source/se05x_setup.o ./source/semihost_hardfault.o  ./se_hostlib/sss/src/se05x/fsl_sss_se05x_apis.o ./se_hostlib/sss/src/se05x/fsl_sss_se05x_eckey.o ./se_hostlib/sss/src/se05x/fsl_sss_se05x_mw.o ./se_hostlib/sss/src/se05x/fsl_sss_se05x_policy.o ./se_hostlib/sss/src/se05x/fsl_sss_se05x_scp03.o  ./se_hostlib/sss/src/mbedtls/fsl_sss_mbedtls_apis.o  ./se_hostlib/sss/src/fsl_sss_apis.o ./se_hostlib/sss/src/fsl_sss_util_asn1_der.o ./se_hostlib/sss/src/fsl_sss_util_rsa_sign_utils.o  ./se_hostlib/sss/ex/src/ex_sss_boot.o ./se_hostlib/sss/ex/src/ex_sss_boot_connectstring.o ./se_hostlib/sss/ex/src/ex_sss_se05x.o ./se_hostlib/sss/ex/src/ex_sss_se05x_auth.o  ./se_hostlib/se_azure_iot/src/se05x_GetCertificate.o ./se_hostlib/se_azure_iot/src/se05x_GetRandom.o ./se_hostlib/se_azure_iot/src/se05x_nx_ecdsa_sign.o  ./se_hostlib/hostlib/hostLib/se05x_03_xx_xx/se05x_APDU.o  ./se_hostlib/hostlib/hostLib/se05x/src/se05x_ECC_curves.o ./se_hostlib/hostlib/hostLib/se05x/src/se05x_mw.o ./se_hostlib/hostlib/hostLib/se05x/src/se05x_tlv.o  ./se_hostlib/hostlib/hostLib/platform/ksdk/ax_reset.o ./se_hostlib/hostlib/hostLib/platform/ksdk/i2c_frdm.o ./se_hostlib/hostlib/hostLib/platform/ksdk/i2c_imxrt10xx.o ./se_hostlib/hostlib/hostLib/platform/ksdk/i2c_lpc54xxx.o ./se_hostlib/hostlib/hostLib/platform/ksdk/i2c_lpc55sxx.o ./se_hostlib/hostlib/hostLib/platform/ksdk/se05x_reset.o ./se_hostlib/hostlib/hostLib/platform/ksdk/timer_kinetis.o ./se_hostlib/hostlib/hostLib/platform/ksdk/timer_kinetis_bm.o ./se_hostlib/hostlib/hostLib/platform/ksdk/timer_kinetis_freertos.o ./se_hostlib/hostlib/hostLib/platform/ksdk/timer_threadx.o  ./se_hostlib/hostlib/hostLib/libCommon/smCom/T1oI2C/phNxpEsePal_i2c.o ./se_hostlib/hostlib/hostLib/libCommon/smCom/T1oI2C/phNxpEseProto7816_3.o ./se_hostlib/hostlib/hostLib/libCommon/smCom/T1oI2C/phNxpEse_Api.o  ./se_hostlib/hostlib/hostLib/libCommon/smCom/smCom.o ./se_hostlib/hostlib/hostLib/libCommon/smCom/smComT1oI2C.o  ./se_hostlib/hostlib/hostLib/libCommon/scp/scp.o  ./se_hostlib/hostlib/hostLib/libCommon/nxScp/nxScp03_Com.o  ./se_hostlib/hostlib/hostLib/libCommon/log/nxLog.o  ./se_hostlib/hostlib/hostLib/libCommon/infra/global_platf.o ./se_hostlib/hostlib/hostLib/libCommon/infra/sm_apdu.o ./se_hostlib/hostlib/hostLib/libCommon/infra/sm_connect.o ./se_hostlib/hostlib/hostLib/libCommon/infra/sm_errors.o ./se_hostlib/hostlib/hostLib/libCommon/infra/sm_printf.o  ./ports/nx_driver_imxrt.o ./ports/nx_driver_imxrt_irq.o  ./phy/fsl_phyksz8081.o  ./phOsal/src/Azurertos/phOsal_Azurertos.o  ./mdio/fsl_enet_mdio.o  ./iotc-azrtos-sdk/src/iotconnect.o ./iotc-azrtos-sdk/src/iotconnect_certs.o ./iotc-azrtos-sdk/src/iotconnect_di.o ./iotc-azrtos-sdk/src/iotconnect_malloc_tx_byte_pool.o  ./iotc-azrtos-sdk/libTO/Sources/src/aes-gcm-sw/aes-gcm-sw.o ./iotc-azrtos-sdk/libTO/Sources/src/aes-gcm-sw/aes.o ./iotc-azrtos-sdk/libTO/Sources/src/aes-gcm-sw/gcm.o  ./iotc-azrtos-sdk/libTO/Sources/src/api_admin.o ./iotc-azrtos-sdk/libTO/Sources/src/api_auth.o ./iotc-azrtos-sdk/libTO/Sources/src/api_core.o ./iotc-azrtos-sdk/libTO/Sources/src/api_encrypt.o ./iotc-azrtos-sdk/libTO/Sources/src/api_hash.o ./iotc-azrtos-sdk/libTO/Sources/src/api_keys.o ./iotc-azrtos-sdk/libTO/Sources/src/api_loader.o ./iotc-azrtos-sdk/libTO/Sources/src/api_lora.o ./iotc-azrtos-sdk/libTO/Sources/src/api_mac.o ./iotc-azrtos-sdk/libTO/Sources/src/api_measure.o ./iotc-azrtos-sdk/libTO/Sources/src/api_nvm.o ./iotc-azrtos-sdk/libTO/Sources/src/api_system.o ./iotc-azrtos-sdk/libTO/Sources/src/api_tls.o ./iotc-azrtos-sdk/libTO/Sources/src/driver_client.o ./iotc-azrtos-sdk/libTO/Sources/src/helper_certs.o ./iotc-azrtos-sdk/libTO/Sources/src/helper_measured_boot.o ./iotc-azrtos-sdk/libTO/Sources/src/helper_tls.o ./iotc-azrtos-sdk/libTO/Sources/src/hse_driver.o ./iotc-azrtos-sdk/libTO/Sources/src/log.o ./iotc-azrtos-sdk/libTO/Sources/src/seclink.o ./iotc-azrtos-sdk/libTO/Sources/src/seclink_none.o ./iotc-azrtos-sdk/libTO/Sources/src/selftest.o ./iotc-azrtos-sdk/libTO/Sources/src/sha256.o ./iotc-azrtos-sdk/libTO/Sources/src/sse_driver.o ./iotc-azrtos-sdk/libTO/Sources/src/utils.o  ./iotc-azrtos-sdk/iotc-c-lib/src/iotconnect_common.o ./iotc-azrtos-sdk/iotc-c-lib/src/iotconnect_device_identity.o ./iotc-azrtos-sdk/iotc-c-lib/src/iotconnect_discovery.o ./iotc-azrtos-sdk/iotc-c-lib/src/iotconnect_discovery_v3.o ./iotc-azrtos-sdk/iotc-c-lib/src/iotconnect_event.o ./iotc-azrtos-sdk/iotc-c-lib/src/iotconnect_lib.o ./iotc-azrtos-sdk/iotc-c-lib/src/iotconnect_telemetry.o  ./iotc-azrtos-sdk/cJSON/cJSON.o ./iotc-azrtos-sdk/cJSON/cJSON_Utils.o  ./iotc-azrtos-sdk/azrtos-layer/src/azrtos_crypto_config.o ./iotc-azrtos-sdk/azrtos-layer/src/azrtos_download_client.o ./iotc-azrtos-sdk/azrtos-layer/src/azrtos_https_client.o ./iotc-azrtos-sdk/azrtos-layer/src/azrtos_iothub_client.o ./iotc-azrtos-sdk/azrtos-layer/src/azrtos_time.o  ./iotc-azrtos-sdk/azrtos-layer/azrtos-ota/src/azrtos_ota_fw_client.o  ./iotc-azrtos-sdk/azrtos-layer/azrtos-adu/src/azrtos_adu_agent.o  ./iotc-azrtos-sdk/authentication/src/iotc_algorithms.o  ./iotc-azrtos-sdk/authentication/driver/iotc_auth_driver.o ./iotc-azrtos-sdk/authentication/driver/sw_auth_driver.o ./iotc-azrtos-sdk/authentication/driver/to_auth_driver.o  ./drivers/fsl_clock.o ./drivers/fsl_common.o ./drivers/fsl_common_arm.o ./drivers/fsl_elcdif.o ./drivers/fsl_enet.o ./drivers/fsl_gpio.o ./drivers/fsl_lpi2c.o ./drivers/fsl_lpspi.o ./drivers/fsl_lpuart.o ./drivers/fsl_pit.o ./drivers/fsl_trng.o  ./device/system_MIMXRT1064.o  ./component/uart/fsl_adapter_lpuart.o  ./component/serial_manager/fsl_component_serial_manager.o ./component/serial_manager/fsl_component_serial_port_uart.o  ./component/lists/fsl_component_generic_list.o  ./board/board.o ./board/clock_config.o ./board/dcd.o ./board/pin_mux.o  ./azure_iot/azure_iot_security_module/src/utils/ievent_loop.o ./azure_iot/azure_iot_security_module/src/utils/irand.o ./azure_iot/azure_iot_security_module/src/utils/itime.o ./azure_iot/azure_iot_security_module/src/utils/os_utils.o  ./azure_iot/azure_iot_security_module/src/model/objects/object_network_activity_ext.o  ./azure_iot/azure_iot_security_module/src/collectors/collector_network_activity.o ./azure_iot/azure_iot_security_module/src/collectors/collector_system_information.o  ./azure_iot/azure_iot_security_module/iot-security-module-core/src/utils/collection/bit_vector.o ./azure_iot/azure_iot_security_module/iot-security-module-core/src/utils/collection/hashtable.o ./azure_iot/azure_iot_security_module/iot-security-module-core/src/utils/collection/list.o ./azure_iot/azure_iot_security_module/iot-security-module-core/src/utils/collection/stack.o  ./azure_iot/azure_iot_security_module/iot-security-module-core/src/utils/event_loop_be.o ./azure_iot/azure_iot_security_module/iot-security-module-core/src/utils/iconv.o ./azure_iot/azure_iot_security_module/iot-security-module-core/src/utils/notifier.o ./azure_iot/azure_iot_security_module/iot-security-module-core/src/utils/string_utils.o ./azure_iot/azure_iot_security_module/iot-security-module-core/src/utils/uuid.o  ./azure_iot/azure_iot_security_module/iot-security-module-core/src/serializer/extensions/custom_builder_allocator.o ./azure_iot/azure_iot_security_module/iot-security-module-core/src/serializer/extensions/page_allocator.o  ./azure_iot/azure_iot_security_module/iot-security-module-core/src/serializer/heartbeat.o ./azure_iot/azure_iot_security_module/iot-security-module-core/src/serializer/network_activity.o ./azure_iot/azure_iot_security_module/iot-security-module-core/src/serializer/serializer.o ./azure_iot/azure_iot_security_module/iot-security-module-core/src/serializer/serializer_private.o ./azure_iot/azure_iot_security_module/iot-security-module-core/src/serializer/system_information.o  ./azure_iot/azure_iot_security_module/iot-security-module-core/src/model/collector.o ./azure_iot/azure_iot_security_module/iot-security-module-core/src/model/security_message.o  ./azure_iot/azure_iot_security_module/iot-security-module-core/src/collectors/collector_heartbeat.o  ./azure_iot/azure_iot_security_module/iot-security-module-core/src/collector_collection.o ./azure_iot/azure_iot_security_module/iot-security-module-core/src/collectors_info.o ./azure_iot/azure_iot_security_module/iot-security-module-core/src/components_factory.o ./azure_iot/azure_iot_security_module/iot-security-module-core/src/components_manager.o ./azure_iot/azure_iot_security_module/iot-security-module-core/src/core.o ./azure_iot/azure_iot_security_module/iot-security-module-core/src/logger.o ./azure_iot/azure_iot_security_module/iot-security-module-core/src/object_pool_static.o  ./azure_iot/azure_iot_security_module/iot-security-module-core/deps/flatcc/src/runtime/builder.o ./azure_iot/azure_iot_security_module/iot-security-module-core/deps/flatcc/src/runtime/emitter.o ./azure_iot/azure_iot_security_module/iot-security-module-core/deps/flatcc/src/runtime/refmap.o  ./azure_iot/azure_iot_security_module/nx_azure_iot_security_module.o  ./azure_iot/azure-sdk-for-c/sdk/src/azure/platform/az_nohttp.o ./azure_iot/azure-sdk-for-c/sdk/src/azure/platform/az_noplatform.o  ./azure_iot/azure-sdk-for-c/sdk/src/azure/iot/az_iot_common.o ./azure_iot/azure-sdk-for-c/sdk/src/azure/iot/az_iot_hub_client.o ./azure_iot/azure-sdk-for-c/sdk/src/azure/iot/az_iot_hub_client_c2d.o ./azure_iot/azure-sdk-for-c/sdk/src/azure/iot/az_iot_hub_client_commands.o ./azure_iot/azure-sdk-for-c/sdk/src/azure/iot/az_iot_hub_client_methods.o ./azure_iot/azure-sdk-for-c/sdk/src/azure/iot/az_iot_hub_client_properties.o ./azure_iot/azure-sdk-for-c/sdk/src/azure/iot/az_iot_hub_client_sas.o ./azure_iot/azure-sdk-for-c/sdk/src/azure/iot/az_iot_hub_client_telemetry.o ./azure_iot/azure-sdk-for-c/sdk/src/azure/iot/az_iot_hub_client_twin.o ./azure_iot/azure-sdk-for-c/sdk/src/azure/iot/az_iot_provisioning_client.o ./azure_iot/azure-sdk-for-c/sdk/src/azure/iot/az_iot_provisioning_client_sas.o  ./azure_iot/azure-sdk-for-c/sdk/src/azure/core/az_base64.o ./azure_iot/azure-sdk-for-c/sdk/src/azure/core/az_context.o ./azure_iot/azure-sdk-for-c/sdk/src/azure/core/az_http_pipeline.o ./azure_iot/azure-sdk-for-c/sdk/src/azure/core/az_http_policy.o ./azure_iot/azure-sdk-for-c/sdk/src/azure/core/az_http_policy_logging.o ./azure_iot/azure-sdk-for-c/sdk/src/azure/core/az_http_policy_retry.o ./azure_iot/azure-sdk-for-c/sdk/src/azure/core/az_http_request.o ./azure_iot/azure-sdk-for-c/sdk/src/azure/core/az_http_response.o ./azure_iot/azure-sdk-for-c/sdk/src/azure/core/az_json_reader.o ./azure_iot/azure-sdk-for-c/sdk/src/azure/core/az_json_token.o ./azure_iot/azure-sdk-for-c/sdk/src/azure/core/az_json_writer.o ./azure_iot/azure-sdk-for-c/sdk/src/azure/core/az_log.o ./azure_iot/azure-sdk-for-c/sdk/src/azure/core/az_precondition.o ./azure_iot/azure-sdk-for-c/sdk/src/azure/core/az_span.o  ./azure_iot/nx_azure_iot.o ./azure_iot/nx_azure_iot_adu_agent.o ./azure_iot/nx_azure_iot_adu_root_key.o ./azure_iot/nx_azure_iot_hub_client.o ./azure_iot/nx_azure_iot_hub_client_properties.o ./azure_iot/nx_azure_iot_json_reader.o ./azure_iot/nx_azure_iot_json_writer.o ./azure_iot/nx_azure_iot_provisioning_client.o  ./azure-rtos/threadx/ports/cortex_m7/gnu/src/tx_thread_context_restore.o ./azure-rtos/threadx/ports/cortex_m7/gnu/src/tx_thread_context_save.o ./azure-rtos/threadx/ports/cortex_m7/gnu/src/tx_thread_interrupt_control.o ./azure-rtos/threadx/ports/cortex_m7/gnu/src/tx_thread_interrupt_disable.o ./azure-rtos/threadx/ports/cortex_m7/gnu/src/tx_thread_interrupt_restore.o ./azure-rtos/threadx/ports/cortex_m7/gnu/src/tx_thread_schedule.o ./azure-rtos/threadx/ports/cortex_m7/gnu/src/tx_thread_stack_build.o ./azure-rtos/threadx/ports/cortex_m7/gnu/src/tx_thread_system_return.o ./azure-rtos/threadx/ports/cortex_m7/gnu/src/tx_timer_interrupt.o  ./azure-rtos/threadx/ports/common/tx_initialize_low_level.o  ./azure-rtos/netxduo/addons/web/nx_tcpserver.o ./azure-rtos/netxduo/addons/web/nx_web_http_client.o ./azure-rtos/netxduo/addons/web/nx_web_http_server.o  ./azure-rtos/netxduo/addons/tftp/nxd_tftp_client.o ./azure-rtos/netxduo/addons/tftp/nxd_tftp_server.o  ./azure-rtos/netxduo/addons/telnet/nxd_telnet_client.o ./azure-rtos/netxduo/addons/telnet/nxd_telnet_server.o  ./azure-rtos/netxduo/addons/sntp/nxd_sntp_client.o  ./azure-rtos/netxduo/addons/snmp/nx_des.o ./azure-rtos/netxduo/addons/snmp/nx_sha1.o ./azure-rtos/netxduo/addons/snmp/nxd_snmp.o  ./azure-rtos/netxduo/addons/smtp/nxd_smtp_client.o  ./azure-rtos/netxduo/addons/ptp/nxd_ptp_client.o  ./azure-rtos/netxduo/addons/pppoe/nx_pppoe_client.o ./azure-rtos/netxduo/addons/pppoe/nx_pppoe_server.o  ./azure-rtos/netxduo/addons/ppp/nx_ppp.o  ./azure-rtos/netxduo/addons/pop3/nxd_pop3_client.o  ./azure-rtos/netxduo/addons/nat/nx_nat.o  ./azure-rtos/netxduo/addons/mqtt/nxd_mqtt_client.o  ./azure-rtos/netxduo/addons/mdns/nxd_mdns.o  ./azure-rtos/netxduo/addons/lwm2m/nx_lwm2m_client.o  ./azure-rtos/netxduo/addons/http/nxd_http_client.o ./azure-rtos/netxduo/addons/http/nxd_http_server.o  ./azure-rtos/netxduo/addons/ftp/nxd_ftp_client.o ./azure-rtos/netxduo/addons/ftp/nxd_ftp_server.o  ./azure-rtos/netxduo/addons/dns/nxd_dns.o  ./azure-rtos/netxduo/addons/dhcp/nxd_dhcp_client.o ./azure-rtos/netxduo/addons/dhcp/nxd_dhcp_server.o ./azure-rtos/netxduo/addons/dhcp/nxd_dhcpv6_client.o ./azure-rtos/netxduo/addons/dhcp/nxd_dhcpv6_server.o  ./azure-rtos/netxduo/addons/cloud/nx_cloud.o  ./azure-rtos/netxduo/addons/auto_ip/nx_auto_ip.o  ./NxpNfcRdLib/comps/phpalSli15693/src/Sw/phpalSli15693_Sw.o  ./NxpNfcRdLib/comps/phpalSli15693/src/phpalSli15693.o  ./NxpNfcRdLib/comps/phpalMifare/src/Sw/phpalMifare_Sw.o  ./NxpNfcRdLib/comps/phpalMifare/src/phpalMifare.o  ./NxpNfcRdLib/comps/phpalI18092mT/src/Sw/phpalI18092mT_Sw.o ./NxpNfcRdLib/comps/phpalI18092mT/src/Sw/phpalI18092mT_Sw_Int.o  ./NxpNfcRdLib/comps/phpalI18092mT/src/phpalI18092mT.o  ./NxpNfcRdLib/comps/phpalI18092mPI/src/Sw/phpalI18092mPI_Sw.o ./NxpNfcRdLib/comps/phpalI18092mPI/src/Sw/phpalI18092mPI_Sw_Int.o  ./NxpNfcRdLib/comps/phpalI18092mPI/src/phpalI18092mPI.o  ./NxpNfcRdLib/comps/phpalI18000p3m3/src/Sw/phpalI18000p3m3_Sw.o  ./NxpNfcRdLib/comps/phpalI18000p3m3/src/phpalI18000p3m3.o  ./NxpNfcRdLib/comps/phpalI14443p4mC/src/Sw/phpalI14443p4mC_Sw.o ./NxpNfcRdLib/comps/phpalI14443p4mC/src/Sw/phpalI14443p4mC_Sw_Int.o  ./NxpNfcRdLib/comps/phpalI14443p4mC/src/phpalI14443p4mC.o  ./NxpNfcRdLib/comps/phpalI14443p4a/src/Sw/phpalI14443p4a_Sw.o  ./NxpNfcRdLib/comps/phpalI14443p4a/src/phpalI14443p4a.o  ./NxpNfcRdLib/comps/phpalI14443p4/src/Sw/phpalI14443p4_Sw.o  ./NxpNfcRdLib/comps/phpalI14443p4/src/phpalI14443p4.o  ./NxpNfcRdLib/comps/phpalI14443p3b/src/Sw/phpalI14443p3b_Sw.o  ./NxpNfcRdLib/comps/phpalI14443p3b/src/phpalI14443p3b.o  ./NxpNfcRdLib/comps/phpalI14443p3a/src/Sw/phpalI14443p3a_Sw.o  ./NxpNfcRdLib/comps/phpalI14443p3a/src/phpalI14443p3a.o  ./NxpNfcRdLib/comps/phpalFelica/src/Sw/phpalFelica_Sw.o  ./NxpNfcRdLib/comps/phpalFelica/src/phpalFelica.o  ./NxpNfcRdLib/comps/phpalEpcUid/src/Sw/phpalEpcUid_Sw.o  ./NxpNfcRdLib/comps/phpalEpcUid/src/phpalEpcUid.o  ./NxpNfcRdLib/comps/phnpSnep/src/Sw/phnpSnep_Sw.o  ./NxpNfcRdLib/comps/phnpSnep/src/phnpSnep.o  ./NxpNfcRdLib/comps/phlnLlcp/src/Sw/phlnLlcp_Sw.o ./NxpNfcRdLib/comps/phlnLlcp/src/Sw/phlnLlcp_Sw_Int.o ./NxpNfcRdLib/comps/phlnLlcp/src/Sw/phlnLlcp_Sw_Mac.o ./NxpNfcRdLib/comps/phlnLlcp/src/Sw/phlnLlcp_Sw_Transport.o ./NxpNfcRdLib/comps/phlnLlcp/src/Sw/phlnLlcp_Sw_Transport_Connection.o ./NxpNfcRdLib/comps/phlnLlcp/src/Sw/phlnLlcp_Sw_Transport_Connectionless.o ./NxpNfcRdLib/comps/phlnLlcp/src/Sw/phlnLlcp_Timers.o  ./NxpNfcRdLib/comps/phlnLlcp/src/phlnLlcp.o  ./NxpNfcRdLib/comps/phhalHw/src/Rc663/phhalHw_Rc663.o ./NxpNfcRdLib/comps/phhalHw/src/Rc663/phhalHw_Rc663_Cmd.o ./NxpNfcRdLib/comps/phhalHw/src/Rc663/phhalHw_Rc663_Int.o ./NxpNfcRdLib/comps/phhalHw/src/Rc663/phhalHw_Rc663_Wait.o  ./NxpNfcRdLib/comps/phhalHw/src/Pn5180/phhalHw_Pn5180.o ./NxpNfcRdLib/comps/phhalHw/src/Pn5180/phhalHw_Pn5180_Instr.o ./NxpNfcRdLib/comps/phhalHw/src/Pn5180/phhalHw_Pn5180_Int.o ./NxpNfcRdLib/comps/phhalHw/src/Pn5180/phhalHw_Pn5180_Wait.o  ./NxpNfcRdLib/comps/phhalHw/src/PN7462AU/phhalHw_PN7462AU.o ./NxpNfcRdLib/comps/phhalHw/src/PN7462AU/phhalHw_PN7462AU_Int.o  ./NxpNfcRdLib/comps/phhalHw/src/phhalHw.o  ./NxpNfcRdLib/comps/phceT4T/src/Sw/phceT4T_Sw.o ./NxpNfcRdLib/comps/phceT4T/src/Sw/phceT4T_Sw_Int.o  ./NxpNfcRdLib/comps/phceT4T/src/phceT4T.o  ./NxpNfcRdLib/comps/phalVca/src/Sw/phalVca_Sw.o  ./NxpNfcRdLib/comps/phalVca/src/phalVca.o ./NxpNfcRdLib/comps/phalVca/src/phalVca_Int.o  ./NxpNfcRdLib/comps/phalTop/src/Sw/phalTop_Sw.o ./NxpNfcRdLib/comps/phalTop/src/Sw/phalTop_Sw_Int_MfcTop.o ./NxpNfcRdLib/comps/phalTop/src/Sw/phalTop_Sw_Int_T1T.o ./NxpNfcRdLib/comps/phalTop/src/Sw/phalTop_Sw_Int_T2T.o ./NxpNfcRdLib/comps/phalTop/src/Sw/phalTop_Sw_Int_T3T.o ./NxpNfcRdLib/comps/phalTop/src/Sw/phalTop_Sw_Int_T4T.o ./NxpNfcRdLib/comps/phalTop/src/Sw/phalTop_Sw_Int_T5T.o  ./NxpNfcRdLib/comps/phalTop/src/phalTop.o  ./NxpNfcRdLib/comps/phalT1T/src/Sw/phalT1T_Sw.o  ./NxpNfcRdLib/comps/phalT1T/src/phalT1T.o  ./NxpNfcRdLib/comps/phalMful/src/Sw/phalMful_Sw.o  ./NxpNfcRdLib/comps/phalMful/src/phalMful.o ./NxpNfcRdLib/comps/phalMful/src/phalMful_Int.o  ./NxpNfcRdLib/comps/phalMfdfLight/src/Sw/phalMfdfLight_Sw.o ./NxpNfcRdLib/comps/phalMfdfLight/src/Sw/phalMfdfLight_Sw_Int.o  ./NxpNfcRdLib/comps/phalMfdfLight/src/phalMfdfLight.o ./NxpNfcRdLib/comps/phalMfdfLight/src/phalMfdfLight_Int.o  ./NxpNfcRdLib/comps/phalMfdf/src/Sw/phalMfdf_Sw.o ./NxpNfcRdLib/comps/phalMfdf/src/Sw/phalMfdf_Sw_Int.o  ./NxpNfcRdLib/comps/phalMfdf/src/phalMfdf.o ./NxpNfcRdLib/comps/phalMfdf/src/phalMfdf_Int.o  ./NxpNfcRdLib/comps/phalMfc/src/Sw/phalMfc_Sw.o  ./NxpNfcRdLib/comps/phalMfc/src/phalMfc.o ./NxpNfcRdLib/comps/phalMfc/src/phalMfc_Int.o  ./NxpNfcRdLib/comps/phalMfNtag42XDna/src/Sw/phalMfNtag42XDna_Sw.o ./NxpNfcRdLib/comps/phalMfNtag42XDna/src/Sw/phalMfNtag42XDna_Sw_Int.o  ./NxpNfcRdLib/comps/phalMfNtag42XDna/src/phalMfNtag42XDna.o ./NxpNfcRdLib/comps/phalMfNtag42XDna/src/phalMfNtag42XDna_Int.o  ./NxpNfcRdLib/comps/phalICode/src/Sw/phalICode_Sw.o  ./NxpNfcRdLib/comps/phalICode/src/phalICode.o ./NxpNfcRdLib/comps/phalICode/src/phalICode_Int.o  ./NxpNfcRdLib/comps/phalI18000p3m3/src/Sw/phalI18000p3m3_Sw.o ./NxpNfcRdLib/comps/phalI18000p3m3/src/Sw/phalI18000p3m3_Sw_Int.o  ./NxpNfcRdLib/comps/phalI18000p3m3/src/phalI18000p3m3.o  ./NxpNfcRdLib/comps/phalFelica/src/Sw/phalFelica_Sw.o  ./NxpNfcRdLib/comps/phalFelica/src/phalFelica.o  ./NxpNfcRdLib/comps/phacDiscLoop/src/Sw/phacDiscLoop_Sw.o ./NxpNfcRdLib/comps/phacDiscLoop/src/Sw/phacDiscLoop_Sw_Int.o ./NxpNfcRdLib/comps/phacDiscLoop/src/Sw/phacDiscLoop_Sw_Int_A.o ./NxpNfcRdLib/comps/phacDiscLoop/src/Sw/phacDiscLoop_Sw_Int_B.o ./NxpNfcRdLib/comps/phacDiscLoop/src/Sw/phacDiscLoop_Sw_Int_F.o ./NxpNfcRdLib/comps/phacDiscLoop/src/Sw/phacDiscLoop_Sw_Int_I18000p3m3.o ./NxpNfcRdLib/comps/phacDiscLoop/src/Sw/phacDiscLoop_Sw_Int_V.o  ./NxpNfcRdLib/comps/phacDiscLoop/src/phacDiscLoop.o  ./NxpNfcRdLib/comps/phTools/src/phTools.o ./NxpNfcRdLib/comps/phTools/src/phTools_Q.o  ./NxpNfcRdLib/comps/phTMIUtils/src/phTMIUtils.o  ./NxpNfcRdLib/comps/phNfcLib/src/phNfcLib.o ./NxpNfcRdLib/comps/phNfcLib/src/phNfcLib_15693.o ./NxpNfcRdLib/comps/phNfcLib/src/phNfcLib_18000p3m3.o ./NxpNfcRdLib/comps/phNfcLib/src/phNfcLib_Initialization.o ./NxpNfcRdLib/comps/phNfcLib/src/phNfcLib_MFC.o ./NxpNfcRdLib/comps/phNfcLib/src/phNfcLib_MFDF.o ./NxpNfcRdLib/comps/phNfcLib/src/phNfcLib_MFUL.o ./NxpNfcRdLib/comps/phNfcLib/src/phNfcLib_Utility.o  ./NxpNfcRdLib/comps/phLog/src/phLog.o  ./NxpNfcRdLib/comps/phKeyStore/src/Sw/phKeyStore_Sw.o  ./NxpNfcRdLib/comps/phKeyStore/src/Rc663/phKeyStore_Rc663.o  ./NxpNfcRdLib/comps/phKeyStore/src/phKeyStore.o  ./NxpNfcRdLib/comps/phCryptoSym/src/Sw/phCryptoSym_Lrp.o ./NxpNfcRdLib/comps/phCryptoSym/src/Sw/phCryptoSym_Sw.o ./NxpNfcRdLib/comps/phCryptoSym/src/Sw/phCryptoSym_Sw_Aes.o ./NxpNfcRdLib/comps/phCryptoSym/src/Sw/phCryptoSym_Sw_Des.o ./NxpNfcRdLib/comps/phCryptoSym/src/Sw/phCryptoSym_Sw_Int.o  ./NxpNfcRdLib/comps/phCryptoSym/src/phCryptoSym.o  ./NxpNfcRdLib/comps/phCryptoRng/src/Sw/phCryptoRng_Sw.o  ./NxpNfcRdLib/comps/phCryptoRng/src/phCryptoRng.o  ./NxpNfcRdLib/comps/phCidManager/src/Sw/phCidManager_Sw.o  ./NxpNfcRdLib/comps/phCidManager/src/phCidManager.o  ./DAL/src/IMXRT/phDriver_ImxrtSDK.o ./DAL/src/IMXRT/phbalReg_ImxrtSpi.o    -levkmimxrt1064_netxduo_lib_V2 -lguix -lfilex -lthreadx
Memory region         Used Size  Region Size  %age Used
   PROGRAM_FLASH:      744120 B         4 MB     17.74%
     BOARD_SDRAM:      214852 B        30 MB      0.68%
        SRAM_DTC:          0 GB       256 KB      0.00%
        SRAM_ITC:          0 GB       256 KB      0.00%
         SRAM_OC:          0 GB       512 KB      0.00%
   NCACHE_REGION:      604344 B         2 MB     28.82%
Finished building target: RT1064_EasyEVSE_V2.axf
 
Performing post-build steps
arm-none-eabi-size "RT1064_EasyEVSE_V2.axf"; # arm-none-eabi-objcopy -v -O binary "RT1064_EasyEVSE_V2.axf" "RT1064_EasyEVSE_V2.bin" ; # checksum -p MIMXRT1064xxxxA -d "RT1064_EasyEVSE_V2.bin";
   text	   data	    bss	    dec	    hex	filename
 737452	   6668	 812524	1556644	 17c0a4	RT1064_EasyEVSE_V2.axf
 
