14:55:08 **** Incremental Build of configuration Debug for project RT1064_EasyEVSE_V2 ****
make -r -j16 all 
make[1]: Nothing to be done for 'main-build'.
Performing post-build steps
arm-none-eabi-size "RT1064_EasyEVSE_V2.axf"; # arm-none-eabi-objcopy -v -O binary "RT1064_EasyEVSE_V2.axf" "RT1064_EasyEVSE_V2.bin" ; # checksum -p MIMXRT1064xxxxA -d "RT1064_EasyEVSE_V2.bin";
   text	   data	    bss	    dec	    hex	filename
 737488	   6668	 812524	1556680	 17c0c8	RT1064_EasyEVSE_V2.axf
 

14:55:09 Build Finished. 0 errors, 0 warnings. (took 429ms)

