14:53:51 **** Incremental Build of configuration Debug for project TWRKM3575_EVSE ****
make -r -j16 all 
make[1]: Nothing to be done for 'main-build'.
Performing post-build steps
arm-none-eabi-size "TWRKM3575_EVSE.axf"; # arm-none-eabi-objcopy -v -O binary "TWRKM3575_EVSE.axf" "TWRKM3575_EVSE.bin" ; # checksum -p MKM35Z512xxx7 -d "TWRKM3575_EVSE.bin";
   text	   data	    bss	    dec	    hex	filename
  37644	   2428	   8832	  48904	   bf08	TWRKM3575_EVSE.axf
 

14:53:52 Build Finished. 0 errors, 0 warnings. (took 280ms)

