12:47:45 **** Incremental Build of configuration Debug for project evkmimxrt1060_netxduo_lib_V2 ****
make -r -j16 all 
make[1]: Nothing to be done for 'main-build'.
Performing post-build steps
arm-none-eabi-size "libevkmimxrt1060_netxduo_lib_V2.a" ; # arm-none-eabi-objdump -h -S "libevkmimxrt1060_netxduo_lib_V2.a" >"libevkmimxrt1060_netxduo_lib_V2.lss"
   text	   data	    bss	    dec	    hex	filename
    297	      0	      4	    301	    12d	se05x_nx_debug_printf.o (ex libevkmimxrt1060_netxduo_lib_V2.a)
    132	      0	      8	    140	     8c	se05x_nx_ecdsa.o (ex libevkmimxrt1060_netxduo_lib_V2.a)
    128	      0	      4	    132	     84	se05x_nx_get_random.o (ex libevkmimxrt1060_netxduo_lib_V2.a)
   1838	      0	      0	   1838	    72e	nx_cloud.o (ex libevkmimxrt1060_netxduo_lib_V2.a)
     36	      0	      8	     44	     2c	nx_ip_initialize.o (ex libevkmimxrt1060_netxduo_lib_V2.a)
     36	      0	      8	     44	     2c	nx_packet_pool_initialize.o (ex libevkmimxrt1060_netxduo_lib_V2.a)
   2200	      8	    192	   2400	    960	nx_ram_network_driver.o (ex libevkmimxrt1060_netxduo_lib_V2.a)
    252	    102	     20	    374	    176	nx_system_initialize.o (ex libevkmimxrt1060_netxduo_lib_V2.a)
     14	      0	     16	     30	     1e	nx_tcp_initialize.o (ex libevkmimxrt1060_netxduo_lib_V2.a)
      0	      0	      0	      0	      0	nx_tcp_server_socket_driver_listen.o (ex libevkmimxrt1060_netxduo_lib_V2.a)
      0	      0	      0	      0	      0	nx_tcp_socket_driver_establish.o (ex libevkmimxrt1060_netxduo_lib_V2.a)
      0	      0	      0	      0	      0	nx_tcp_socket_driver_packet_receive.o (ex libevkmimxrt1060_netxduo_lib_V2.a)
      0	      0	      0	      0	      0	nx_udp_socket_driver_packet_receive.o (ex libevkmimxrt1060_netxduo_lib_V2.a)
  15729	      3	      4	  15736	   3d78	nxd_dhcp_client.o (ex libevkmimxrt1060_netxduo_lib_V2.a)
  10113	      0	      0	  10113	   2781	nxd_dhcp_server.o (ex libevkmimxrt1060_netxduo_lib_V2.a)
   9485	     13	    260	   9758	   261e	nxd_dns.o (ex libevkmimxrt1060_netxduo_lib_V2.a)
   7508	      0	      0	   7508	   1d54	nxd_http_client.o (ex libevkmimxrt1060_netxduo_lib_V2.a)
  17613	    124	    100	  17837	   45ad	nxd_http_server.o (ex libevkmimxrt1060_netxduo_lib_V2.a)
  11215	      0	      0	  11215	   2bcf	nxd_mqtt_client.o (ex libevkmimxrt1060_netxduo_lib_V2.a)
  11256	      0	     52	  11308	   2c2c	nxd_sntp_client.o (ex libevkmimxrt1060_netxduo_lib_V2.a)
 118183	    129	      0	 118312	  1ce28	nxd_source.o (ex libevkmimxrt1060_netxduo_lib_V2.a)
      0	      0	      0	      0	      0	nx_secure_crypto_method_self_test_3des.o (ex libevkmimxrt1060_netxduo_lib_V2.a)
      0	      0	      0	      0	      0	nx_secure_crypto_method_self_test_aes.o (ex libevkmimxrt1060_netxduo_lib_V2.a)
      0	      0	      0	      0	      0	nx_secure_crypto_method_self_test_des.o (ex libevkmimxrt1060_netxduo_lib_V2.a)
      0	      0	      0	      0	      0	nx_secure_crypto_method_self_test_hmac_md5.o (ex libevkmimxrt1060_netxduo_lib_V2.a)
      0	      0	      0	      0	      0	nx_secure_crypto_method_self_test_hmac_sha.o (ex libevkmimxrt1060_netxduo_lib_V2.a)
      0	      0	      0	      0	      0	nx_secure_crypto_method_self_test_md5.o (ex libevkmimxrt1060_netxduo_lib_V2.a)
      0	      0	      0	      0	      0	nx_secure_crypto_method_self_test_prf.o (ex libevkmimxrt1060_netxduo_lib_V2.a)
      0	      0	      0	      0	      0	nx_secure_crypto_method_self_test_rsa.o (ex libevkmimxrt1060_netxduo_lib_V2.a)
      0	      0	      0	      0	      0	nx_secure_crypto_method_self_test_sha.o (ex libevkmimxrt1060_netxduo_lib_V2.a)
     16	      0	      0	     16	     10	nx_secure_crypto_rng_self_test.o (ex libevkmimxrt1060_netxduo_lib_V2.a)
     26	      0	      0	     26	     1a	nx_secure_crypto_table_self_test.o (ex libevkmimxrt1060_netxduo_lib_V2.a)
      0	      0	      0	      0	      0	nx_secure_dtls_allocate_handshake_packet.o (ex libevkmimxrt1060_netxduo_lib_V2.a)
      0	      0	      0	      0	      0	nx_secure_dtls_client_handshake.o (ex libevkmimxrt1060_netxduo_lib_V2.a)
     26	      0	      0	     26	     1a	nx_secure_dtls_client_protocol_version_override.o (ex libevkmimxrt1060_netxduo_lib_V2.a)
     28	      0	      0	     28	     1c	nx_secure_dtls_client_session_start.o (ex libevkmimxrt1060_netxduo_lib_V2.a)
     30	      0	      0	     30	     1e	nx_secure_dtls_ecc_initialize.o (ex libevkmimxrt1060_netxduo_lib_V2.a)
      0	      0	      0	      0	      0	nx_secure_dtls_hash_record.o (ex libevkmimxrt1060_netxduo_lib_V2.a)
     14	      0	     16	     30	     1e	nx_secure_dtls_initialize.o (ex libevkmimxrt1060_netxduo_lib_V2.a)
     28	      0	      0	     28	     1c	nx_secure_dtls_packet_allocate.o (ex libevkmimxrt1060_netxduo_lib_V2.a)
      0	      0	      0	      0	      0	nx_secure_dtls_process_clienthello.o (ex libevkmimxrt1060_netxduo_lib_V2.a)
      0	      0	      0	      0	      0	nx_secure_dtls_process_handshake_header.o (ex libevkmimxrt1060_netxduo_lib_V2.a)
      0	      0	      0	      0	      0	nx_secure_dtls_process_header.o (ex libevkmimxrt1060_netxduo_lib_V2.a)
      0	      0	      0	      0	      0	nx_secure_dtls_process_helloverifyrequest.o (ex libevkmimxrt1060_netxduo_lib_V2.a)
      0	      0	      0	      0	      0	nx_secure_dtls_process_record.o (ex libevkmimxrt1060_netxduo_lib_V2.a)
      0	      0	      0	      0	      0	nx_secure_dtls_psk_add.o (ex libevkmimxrt1060_netxduo_lib_V2.a)
     20	      0	      0	     20	     14	nx_secure_dtls_receive_callback.o (ex libevkmimxrt1060_netxduo_lib_V2.a)
      0	      0	      0	      0	      0	nx_secure_dtls_retransmit.o (ex libevkmimxrt1060_netxduo_lib_V2.a)
      0	      0	      0	      0	      0	nx_secure_dtls_retransmit_queue_flush.o (ex libevkmimxrt1060_netxduo_lib_V2.a)
      0	      0	      0	      0	      0	nx_secure_dtls_send_clienthello.o (ex libevkmimxrt1060_netxduo_lib_V2.a)
      0	      0	      0	      0	      0	nx_secure_dtls_send_handshake_record.o (ex libevkmimxrt1060_netxduo_lib_V2.a)
      0	      0	      0	      0	      0	nx_secure_dtls_send_helloverifyrequest.o (ex libevkmimxrt1060_netxduo_lib_V2.a)
      0	      0	      0	      0	      0	nx_secure_dtls_send_record.o (ex libevkmimxrt1060_netxduo_lib_V2.a)
      0	      0	      0	      0	      0	nx_secure_dtls_send_serverhello.o (ex libevkmimxrt1060_netxduo_lib_V2.a)
     28	      0	      0	     28	     1c	nx_secure_dtls_server_create.o (ex libevkmimxrt1060_netxduo_lib_V2.a)
     22	      0	      0	     22	     16	nx_secure_dtls_server_delete.o (ex libevkmimxrt1060_netxduo_lib_V2.a)
     30	      0	      0	     30	     1e	nx_secure_dtls_server_ecc_initialize.o (ex libevkmimxrt1060_netxduo_lib_V2.a)
      0	      0	      0	      0	      0	nx_secure_dtls_server_handshake.o (ex libevkmimxrt1060_netxduo_lib_V2.a)
     26	      0	      0	     26	     1a	nx_secure_dtls_server_local_certificate_add.o (ex libevkmimxrt1060_netxduo_lib_V2.a)
     28	      0	      0	     28	     1c	nx_secure_dtls_server_local_certificate_remove.o (ex libevkmimxrt1060_netxduo_lib_V2.a)
     26	      0	      0	     26	     1a	nx_secure_dtls_server_notify_set.o (ex libevkmimxrt1060_netxduo_lib_V2.a)
     26	      0	      0	     26	     1a	nx_secure_dtls_server_protocol_version_override.o (ex libevkmimxrt1060_netxduo_lib_V2.a)
      0	      0	      0	      0	      0	nx_secure_dtls_server_psk_add.o (ex libevkmimxrt1060_netxduo_lib_V2.a)
     24	      0	      0	     24	     18	nx_secure_dtls_server_session_send.o (ex libevkmimxrt1060_netxduo_lib_V2.a)
     24	      0	      0	     24	     18	nx_secure_dtls_server_session_start.o (ex libevkmimxrt1060_netxduo_lib_V2.a)
     22	      0	      0	     22	     16	nx_secure_dtls_server_start.o (ex libevkmimxrt1060_netxduo_lib_V2.a)
     22	      0	      0	     22	     16	nx_secure_dtls_server_stop.o (ex libevkmimxrt1060_netxduo_lib_V2.a)
     26	      0	      0	     26	     1a	nx_secure_dtls_server_trusted_certificate_add.o (ex libevkmimxrt1060_netxduo_lib_V2.a)
     28	      0	      0	     28	     1c	nx_secure_dtls_server_trusted_certificate_remove.o (ex libevkmimxrt1060_netxduo_lib_V2.a)
     28	      0	      0	     28	     1c	nx_secure_dtls_server_x509_client_verify_configure.o (ex libevkmimxrt1060_netxduo_lib_V2.a)
     22	      0	      0	     22	     16	nx_secure_dtls_server_x509_client_verify_disable.o (ex libevkmimxrt1060_netxduo_lib_V2.a)
      0	      0	      0	      0	      0	nx_secure_dtls_session_cache.o (ex libevkmimxrt1060_netxduo_lib_V2.a)
     28	      0	      0	     28	     1c	nx_secure_dtls_session_client_info_get.o (ex libevkmimxrt1060_netxduo_lib_V2.a)
     28	      0	      0	     28	     1c	nx_secure_dtls_session_create.o (ex libevkmimxrt1060_netxduo_lib_V2.a)
     22	      0	      0	     22	     16	nx_secure_dtls_session_delete.o (ex libevkmimxrt1060_netxduo_lib_V2.a)
     24	      0	      0	     24	     18	nx_secure_dtls_session_end.o (ex libevkmimxrt1060_netxduo_lib_V2.a)
     26	      0	      0	     26	     1a	nx_secure_dtls_session_local_certificate_add.o (ex libevkmimxrt1060_netxduo_lib_V2.a)
     28	      0	      0	     28	     1c	nx_secure_dtls_session_local_certificate_remove.o (ex libevkmimxrt1060_netxduo_lib_V2.a)
     26	      0	      0	     26	     1a	nx_secure_dtls_session_receive.o (ex libevkmimxrt1060_netxduo_lib_V2.a)
     22	      0	      0	     22	     16	nx_secure_dtls_session_reset.o (ex libevkmimxrt1060_netxduo_lib_V2.a)
     28	      0	      0	     28	     1c	nx_secure_dtls_session_send.o (ex libevkmimxrt1060_netxduo_lib_V2.a)
      0	      0	      0	      0	      0	nx_secure_dtls_session_sliding_window_check.o (ex libevkmimxrt1060_netxduo_lib_V2.a)
      0	      0	      0	      0	      0	nx_secure_dtls_session_sliding_window_update.o (ex libevkmimxrt1060_netxduo_lib_V2.a)
     28	      0	      0	     28	     1c	nx_secure_dtls_session_start.o (ex libevkmimxrt1060_netxduo_lib_V2.a)
     26	      0	      0	     26	     1a	nx_secure_dtls_session_trusted_certificate_add.o (ex libevkmimxrt1060_netxduo_lib_V2.a)
     28	      0	      0	     28	     1c	nx_secure_dtls_session_trusted_certificate_remove.o (ex libevkmimxrt1060_netxduo_lib_V2.a)
      0	      0	      0	      0	      0	nx_secure_dtls_verify_mac.o (ex libevkmimxrt1060_netxduo_lib_V2.a)
     28	      0	      0	     28	     1c	nx_secure_module_hash_compute.o (ex libevkmimxrt1060_netxduo_lib_V2.a)
      0	      0	      0	      0	      0	nx_secure_tls_1_3_client_handshake.o (ex libevkmimxrt1060_netxduo_lib_V2.a)
      0	      0	      0	      0	      0	nx_secure_tls_1_3_crypto_init.o (ex libevkmimxrt1060_netxduo_lib_V2.a)
      0	      0	      0	      0	      0	nx_secure_tls_1_3_finished_hash_generate.o (ex libevkmimxrt1060_netxduo_lib_V2.a)
      0	      0	      0	      0	      0	nx_secure_tls_1_3_generate_keys.o (ex libevkmimxrt1060_netxduo_lib_V2.a)
      0	      0	      0	      0	      0	nx_secure_tls_1_3_server_handshake.o (ex libevkmimxrt1060_netxduo_lib_V2.a)
      0	      0	      0	      0	      0	nx_secure_tls_1_3_session_keys_set.o (ex libevkmimxrt1060_netxduo_lib_V2.a)
      0	      0	      0	      0	      0	nx_secure_tls_1_3_transcript_hash_save.o (ex libevkmimxrt1060_netxduo_lib_V2.a)
     32	      0	      0	     32	     20	nx_secure_tls_active_certificate_set.o (ex libevkmimxrt1060_netxduo_lib_V2.a)
    132	      0	      0	    132	     84	nx_secure_tls_allocate_handshake_packet.o (ex libevkmimxrt1060_netxduo_lib_V2.a)
    204	      8	      0	    212	     d4	nx_secure_tls_check_protocol_version.o (ex libevkmimxrt1060_netxduo_lib_V2.a)
    106	      0	      0	    106	     6a	nx_secure_tls_ciphersuite_lookup.o (ex libevkmimxrt1060_netxduo_lib_V2.a)
   1528	      0	      0	   1528	    5f8	nx_secure_tls_client_handshake.o (ex libevkmimxrt1060_netxduo_lib_V2.a)
      0	      0	      0	      0	      0	nx_secure_tls_client_psk_set.o (ex libevkmimxrt1060_netxduo_lib_V2.a)
   2449	      0	    576	   3025	    bd1	nx_secure_tls_ecc_generate_keys.o (ex libevkmimxrt1060_netxduo_lib_V2.a)
     84	      0	      0	     84	     54	nx_secure_tls_ecc_initialize.o (ex libevkmimxrt1060_netxduo_lib_V2.a)
    132	      0	      0	    132	     84	nx_secure_tls_find_curve_method.o (ex libevkmimxrt1060_netxduo_lib_V2.a)
    408	      0	     36	    444	    1bc	nx_secure_tls_finished_hash_generate.o (ex libevkmimxrt1060_netxduo_lib_V2.a)
    654	      0	     64	    718	    2ce	nx_secure_tls_generate_keys.o (ex libevkmimxrt1060_netxduo_lib_V2.a)
    660	      0	      0	    660	    294	nx_secure_tls_generate_premaster_secret.o (ex libevkmimxrt1060_netxduo_lib_V2.a)
    186	      0	      0	    186	     ba	nx_secure_tls_handshake_hash_init.o (ex libevkmimxrt1060_netxduo_lib_V2.a)
    132	      0	      0	    132	     84	nx_secure_tls_handshake_hash_update.o (ex libevkmimxrt1060_netxduo_lib_V2.a)
    172	      0	      0	    172	     ac	nx_secure_tls_handshake_process.o (ex libevkmimxrt1060_netxduo_lib_V2.a)
    716	      0	      0	    716	    2cc	nx_secure_tls_hash_record.o (ex libevkmimxrt1060_netxduo_lib_V2.a)
     58	     97	     60	    215	     d7	nx_secure_tls_initialize.o (ex libevkmimxrt1060_netxduo_lib_V2.a)
    110	      0	      0	    110	     6e	nx_secure_tls_key_material_init.o (ex libevkmimxrt1060_netxduo_lib_V2.a)
    148	      0	      0	    148	     94	nx_secure_tls_local_certificate_add.o (ex libevkmimxrt1060_netxduo_lib_V2.a)
     82	      0	      0	     82	     52	nx_secure_tls_local_certificate_find.o (ex libevkmimxrt1060_netxduo_lib_V2.a)
    104	      0	      0	    104	     68	nx_secure_tls_local_certificate_remove.o (ex libevkmimxrt1060_netxduo_lib_V2.a)
   1028	      0	      0	   1028	    404	nx_secure_tls_map_error_to_alert.o (ex libevkmimxrt1060_netxduo_lib_V2.a)
    526	      0	      0	    526	    20e	nx_secure_tls_metadata_size_calculate.o (ex libevkmimxrt1060_netxduo_lib_V2.a)
    456	      0	      0	    456	    1c8	nx_secure_tls_newest_supported_version.o (ex libevkmimxrt1060_netxduo_lib_V2.a)
    280	      0	      0	    280	    118	nx_secure_tls_packet_allocate.o (ex libevkmimxrt1060_netxduo_lib_V2.a)
      0	      0	      0	      0	      0	nx_secure_tls_packet_release.o (ex libevkmimxrt1060_netxduo_lib_V2.a)
    416	      0	      0	    416	    1a0	nx_secure_tls_process_certificate_request.o (ex libevkmimxrt1060_netxduo_lib_V2.a)
   1239	      0	    730	   1969	    7b1	nx_secure_tls_process_certificate_verify.o (ex libevkmimxrt1060_netxduo_lib_V2.a)
    144	      0	      0	    144	     90	nx_secure_tls_process_changecipherspec.o (ex libevkmimxrt1060_netxduo_lib_V2.a)
   1496	      0	    600	   2096	    830	nx_secure_tls_process_client_key_exchange.o (ex libevkmimxrt1060_netxduo_lib_V2.a)
   1702	      0	      0	   1702	    6a6	nx_secure_tls_process_clienthello.o (ex libevkmimxrt1060_netxduo_lib_V2.a)
   1386	      0	      0	   1386	    56a	nx_secure_tls_process_clienthello_extensions.o (ex libevkmimxrt1060_netxduo_lib_V2.a)
      0	      0	      0	      0	      0	nx_secure_tls_process_encrypted_extensions.o (ex libevkmimxrt1060_netxduo_lib_V2.a)
    228	      0	     32	    260	    104	nx_secure_tls_process_finished.o (ex libevkmimxrt1060_netxduo_lib_V2.a)
    100	      0	      0	    100	     64	nx_secure_tls_process_handshake_header.o (ex libevkmimxrt1060_netxduo_lib_V2.a)
    164	      0	      0	    164	     a4	nx_secure_tls_process_header.o (ex libevkmimxrt1060_netxduo_lib_V2.a)
      0	      0	      0	      0	      0	nx_secure_tls_process_newsessionticket.o (ex libevkmimxrt1060_netxduo_lib_V2.a)
   1202	      0	      0	   1202	    4b2	nx_secure_tls_process_record.o (ex libevkmimxrt1060_netxduo_lib_V2.a)
    928	      0	      0	    928	    3a0	nx_secure_tls_process_remote_certificate.o (ex libevkmimxrt1060_netxduo_lib_V2.a)
   1996	      0	    576	   2572	    a0c	nx_secure_tls_process_server_key_exchange.o (ex libevkmimxrt1060_netxduo_lib_V2.a)
    516	      0	      0	    516	    204	nx_secure_tls_process_serverhello.o (ex libevkmimxrt1060_netxduo_lib_V2.a)
    680	      0	      0	    680	    2a8	nx_secure_tls_process_serverhello_extensions.o (ex libevkmimxrt1060_netxduo_lib_V2.a)
     48	      0	      0	     48	     30	nx_secure_tls_protocol_version_get.o (ex libevkmimxrt1060_netxduo_lib_V2.a)
      0	      0	      0	      0	      0	nx_secure_tls_psk_add.o (ex libevkmimxrt1060_netxduo_lib_V2.a)
      0	      0	      0	      0	      0	nx_secure_tls_psk_binder_generate.o (ex libevkmimxrt1060_netxduo_lib_V2.a)
      0	      0	      0	      0	      0	nx_secure_tls_psk_find.o (ex libevkmimxrt1060_netxduo_lib_V2.a)
      0	      0	      0	      0	      0	nx_secure_tls_psk_identity_find.o (ex libevkmimxrt1060_netxduo_lib_V2.a)
    178	      0	      0	    178	     b2	nx_secure_tls_record_hash_calculate.o (ex libevkmimxrt1060_netxduo_lib_V2.a)
    452	      0	      0	    452	    1c4	nx_secure_tls_record_hash_initialize.o (ex libevkmimxrt1060_netxduo_lib_V2.a)
    130	      0	      0	    130	     82	nx_secure_tls_record_hash_update.o (ex libevkmimxrt1060_netxduo_lib_V2.a)
   1674	      0	      0	   1674	    68a	nx_secure_tls_record_payload_decrypt.o (ex libevkmimxrt1060_netxduo_lib_V2.a)
   1232	      0	    128	   1360	    550	nx_secure_tls_record_payload_encrypt.o (ex libevkmimxrt1060_netxduo_lib_V2.a)
    100	      0	      0	    100	     64	nx_secure_tls_remote_certificate_allocate.o (ex libevkmimxrt1060_netxduo_lib_V2.a)
    140	      0	      0	    140	     8c	nx_secure_tls_remote_certificate_buffer_allocate.o (ex libevkmimxrt1060_netxduo_lib_V2.a)
    144	      0	      0	    144	     90	nx_secure_tls_remote_certificate_free.o (ex libevkmimxrt1060_netxduo_lib_V2.a)
     82	      0	      0	     82	     52	nx_secure_tls_remote_certificate_free_all.o (ex libevkmimxrt1060_netxduo_lib_V2.a)
    312	      0	      0	    312	    138	nx_secure_tls_remote_certificate_verify.o (ex libevkmimxrt1060_netxduo_lib_V2.a)
    100	      0	      0	    100	     64	nx_secure_tls_send_alert.o (ex libevkmimxrt1060_netxduo_lib_V2.a)
    420	      0	      0	    420	    1a4	nx_secure_tls_send_certificate.o (ex libevkmimxrt1060_netxduo_lib_V2.a)
    364	      0	      0	    364	    16c	nx_secure_tls_send_certificate_request.o (ex libevkmimxrt1060_netxduo_lib_V2.a)
   1455	      0	    730	   2185	    889	nx_secure_tls_send_certificate_verify.o (ex libevkmimxrt1060_netxduo_lib_V2.a)
     68	      0	      0	     68	     44	nx_secure_tls_send_changecipherspec.o (ex libevkmimxrt1060_netxduo_lib_V2.a)
    596	      0	    600	   1196	    4ac	nx_secure_tls_send_client_key_exchange.o (ex libevkmimxrt1060_netxduo_lib_V2.a)
    778	      0	      0	    778	    30a	nx_secure_tls_send_clienthello.o (ex libevkmimxrt1060_netxduo_lib_V2.a)
   1820	      0	      0	   1820	    71c	nx_secure_tls_send_clienthello_extensions.o (ex libevkmimxrt1060_netxduo_lib_V2.a)
      0	      0	      0	      0	      0	nx_secure_tls_send_encrypted_extensions.o (ex libevkmimxrt1060_netxduo_lib_V2.a)
    200	      0	      0	    200	     c8	nx_secure_tls_send_finished.o (ex libevkmimxrt1060_netxduo_lib_V2.a)
    238	      0	      0	    238	     ee	nx_secure_tls_send_handshake_record.o (ex libevkmimxrt1060_netxduo_lib_V2.a)
     32	      0	      0	     32	     20	nx_secure_tls_send_hellorequest.o (ex libevkmimxrt1060_netxduo_lib_V2.a)
      0	      0	      0	      0	      0	nx_secure_tls_send_newsessionticket.o (ex libevkmimxrt1060_netxduo_lib_V2.a)
    780	      0	      0	    780	    30c	nx_secure_tls_send_record.o (ex libevkmimxrt1060_netxduo_lib_V2.a)
    144	      0	      0	    144	     90	nx_secure_tls_send_server_key_exchange.o (ex libevkmimxrt1060_netxduo_lib_V2.a)
    402	      0	      0	    402	    192	nx_secure_tls_send_serverhello.o (ex libevkmimxrt1060_netxduo_lib_V2.a)
    464	      0	      0	    464	    1d0	nx_secure_tls_send_serverhello_extensions.o (ex libevkmimxrt1060_netxduo_lib_V2.a)
     50	      0	      0	     50	     32	nx_secure_tls_server_certificate_add.o (ex libevkmimxrt1060_netxduo_lib_V2.a)
     54	      0	      0	     54	     36	nx_secure_tls_server_certificate_find.o (ex libevkmimxrt1060_netxduo_lib_V2.a)
     52	      0	      0	     52	     34	nx_secure_tls_server_certificate_remove.o (ex libevkmimxrt1060_netxduo_lib_V2.a)
   1016	      0	      0	   1016	    3f8	nx_secure_tls_server_handshake.o (ex libevkmimxrt1060_netxduo_lib_V2.a)
     64	      0	      0	     64	     40	nx_secure_tls_session_alert_value_get.o (ex libevkmimxrt1060_netxduo_lib_V2.a)
     32	      0	      0	     32	     20	nx_secure_tls_session_certificate_callback_set.o (ex libevkmimxrt1060_netxduo_lib_V2.a)
     32	      0	      0	     32	     20	nx_secure_tls_session_client_callback_set.o (ex libevkmimxrt1060_netxduo_lib_V2.a)
     30	      0	      0	     30	     1e	nx_secure_tls_session_client_verify_disable.o (ex libevkmimxrt1060_netxduo_lib_V2.a)
     30	      0	      0	     30	     1e	nx_secure_tls_session_client_verify_enable.o (ex libevkmimxrt1060_netxduo_lib_V2.a)
     68	      0	      0	     68	     44	nx_secure_tls_session_create.o (ex libevkmimxrt1060_netxduo_lib_V2.a)
   2811	      0	      0	   2811	    afb	nx_secure_tls_session_create_ext.o (ex libevkmimxrt1060_netxduo_lib_V2.a)
    172	      0	      0	    172	     ac	nx_secure_tls_session_delete.o (ex libevkmimxrt1060_netxduo_lib_V2.a)
    308	      0	      0	    308	    134	nx_secure_tls_session_end.o (ex libevkmimxrt1060_netxduo_lib_V2.a)
    116	      0	      0	    116	     74	nx_secure_tls_session_iv_size_get.o (ex libevkmimxrt1060_netxduo_lib_V2.a)
    774	      0	      0	    774	    306	nx_secure_tls_session_keys_set.o (ex libevkmimxrt1060_netxduo_lib_V2.a)
     94	      0	      0	     94	     5e	nx_secure_tls_session_packet_buffer_set.o (ex libevkmimxrt1060_netxduo_lib_V2.a)
     32	      0	      0	     32	     20	nx_secure_tls_session_protocol_version_override.o (ex libevkmimxrt1060_netxduo_lib_V2.a)
    176	      0	      0	    176	     b0	nx_secure_tls_session_receive.o (ex libevkmimxrt1060_netxduo_lib_V2.a)
    612	      0	      0	    612	    264	nx_secure_tls_session_receive_records.o (ex libevkmimxrt1060_netxduo_lib_V2.a)
    484	      0	      0	    484	    1e4	nx_secure_tls_session_renegotiate.o (ex libevkmimxrt1060_netxduo_lib_V2.a)
     32	      0	      0	     32	     20	nx_secure_tls_session_renegotiate_callback_set.o (ex libevkmimxrt1060_netxduo_lib_V2.a)
    364	      0	      0	    364	    16c	nx_secure_tls_session_reset.o (ex libevkmimxrt1060_netxduo_lib_V2.a)
     68	      0	      0	     68	     44	nx_secure_tls_session_send.o (ex libevkmimxrt1060_netxduo_lib_V2.a)
     32	      0	      0	     32	     20	nx_secure_tls_session_server_callback_set.o (ex libevkmimxrt1060_netxduo_lib_V2.a)
    230	      0	      0	    230	     e6	nx_secure_tls_session_sni_extension_parse.o (ex libevkmimxrt1060_netxduo_lib_V2.a)
     32	      0	      0	     32	     20	nx_secure_tls_session_sni_extension_set.o (ex libevkmimxrt1060_netxduo_lib_V2.a)
    296	      0	      0	    296	    128	nx_secure_tls_session_start.o (ex libevkmimxrt1060_netxduo_lib_V2.a)
     32	      0	      0	     32	     20	nx_secure_tls_session_time_function_set.o (ex libevkmimxrt1060_netxduo_lib_V2.a)
     62	      0	      0	     62	     3e	nx_secure_tls_session_x509_client_verify_configure.o (ex libevkmimxrt1060_netxduo_lib_V2.a)
     64	      0	      0	     64	     40	nx_secure_tls_shutdown.o (ex libevkmimxrt1060_netxduo_lib_V2.a)
    148	      0	      0	    148	     94	nx_secure_tls_trusted_certificate_add.o (ex libevkmimxrt1060_netxduo_lib_V2.a)
     88	      0	      0	     88	     58	nx_secure_tls_trusted_certificate_remove.o (ex libevkmimxrt1060_netxduo_lib_V2.a)
    396	      0	     64	    460	    1cc	nx_secure_tls_verify_mac.o (ex libevkmimxrt1060_netxduo_lib_V2.a)
   3494	      0	      0	   3494	    da6	nx_secure_x509.o (ex libevkmimxrt1060_netxduo_lib_V2.a)
    400	      0	      0	    400	    190	nx_secure_x509_asn1_tlv_block_parse.o (ex libevkmimxrt1060_netxduo_lib_V2.a)
    158	      0	      0	    158	     9e	nx_secure_x509_certificate_chain_verify.o (ex libevkmimxrt1060_netxduo_lib_V2.a)
    312	      0	      0	    312	    138	nx_secure_x509_certificate_initialize.o (ex libevkmimxrt1060_netxduo_lib_V2.a)
    166	      0	      0	    166	     a6	nx_secure_x509_certificate_list_add.o (ex libevkmimxrt1060_netxduo_lib_V2.a)
    132	      0	      0	    132	     84	nx_secure_x509_certificate_list_find.o (ex libevkmimxrt1060_netxduo_lib_V2.a)
    124	      0	      0	    124	     7c	nx_secure_x509_certificate_list_remove.o (ex libevkmimxrt1060_netxduo_lib_V2.a)
   1812	      0	      0	   1812	    714	nx_secure_x509_certificate_revocation_list_parse.o (ex libevkmimxrt1060_netxduo_lib_V2.a)
   1008	      0	    576	   1584	    630	nx_secure_x509_certificate_verify.o (ex libevkmimxrt1060_netxduo_lib_V2.a)
    112	      0	      0	    112	     70	nx_secure_x509_common_name_dns_check.o (ex libevkmimxrt1060_netxduo_lib_V2.a)
    668	      0	      0	    668	    29c	nx_secure_x509_crl_revocation_check.o (ex libevkmimxrt1060_netxduo_lib_V2.a)
    988	      0	    576	   1564	    61c	nx_secure_x509_crl_verify.o (ex libevkmimxrt1060_netxduo_lib_V2.a)
    122	      0	      0	    122	     7a	nx_secure_x509_distinguished_name_compare.o (ex libevkmimxrt1060_netxduo_lib_V2.a)
    550	      0	      0	    550	    226	nx_secure_x509_distinguished_name_parse.o (ex libevkmimxrt1060_netxduo_lib_V2.a)
     62	      0	      0	     62	     3e	nx_secure_x509_dns_name_initialize.o (ex libevkmimxrt1060_netxduo_lib_V2.a)
    512	      0	      0	    512	    200	nx_secure_x509_ec_private_key_parse.o (ex libevkmimxrt1060_netxduo_lib_V2.a)
    904	      0	      0	    904	    388	nx_secure_x509_expiration_check.o (ex libevkmimxrt1060_netxduo_lib_V2.a)
    250	      0	      0	    250	     fa	nx_secure_x509_extended_key_usage_extension_parse.o (ex libevkmimxrt1060_netxduo_lib_V2.a)
    428	      0	      0	    428	    1ac	nx_secure_x509_extension_find.o (ex libevkmimxrt1060_netxduo_lib_V2.a)
    120	      0	      0	    120	     78	nx_secure_x509_find_certificate_methods.o (ex libevkmimxrt1060_netxduo_lib_V2.a)
    108	      0	     10	    118	     76	nx_secure_x509_find_curve_method.o (ex libevkmimxrt1060_netxduo_lib_V2.a)
     70	      0	      0	     70	     46	nx_secure_x509_free_certificate_get.o (ex libevkmimxrt1060_netxduo_lib_V2.a)
    162	      0	      0	    162	     a2	nx_secure_x509_key_usage_extension_parse.o (ex libevkmimxrt1060_netxduo_lib_V2.a)
     92	      0	      0	     92	     5c	nx_secure_x509_local_certificate_find.o (ex libevkmimxrt1060_netxduo_lib_V2.a)
    112	      0	      0	    112	     70	nx_secure_x509_local_device_certificate_get.o (ex libevkmimxrt1060_netxduo_lib_V2.a)
    505	    780	      0	   1285	    505	nx_secure_x509_oid_parse.o (ex libevkmimxrt1060_netxduo_lib_V2.a)
    874	      0	      0	    874	    36a	nx_secure_x509_pkcs1_rsa_private_key_parse.o (ex libevkmimxrt1060_netxduo_lib_V2.a)
    446	      0	      0	    446	    1be	nx_secure_x509_pkcs7_decode.o (ex libevkmimxrt1060_netxduo_lib_V2.a)
    128	      0	      0	    128	     80	nx_secure_x509_remote_endpoint_certificate_get.o (ex libevkmimxrt1060_netxduo_lib_V2.a)
    168	      0	      0	    168	     a8	nx_secure_x509_store_certificate_add.o (ex libevkmimxrt1060_netxduo_lib_V2.a)
    156	      0	      0	    156	     9c	nx_secure_x509_store_certificate_find.o (ex libevkmimxrt1060_netxduo_lib_V2.a)
    132	      0	      0	    132	     84	nx_secure_x509_store_certificate_remove.o (ex libevkmimxrt1060_netxduo_lib_V2.a)
    250	      0	      0	    250	     fa	nx_secure_x509_subject_alt_names_find.o (ex libevkmimxrt1060_netxduo_lib_V2.a)
    174	      0	      0	    174	     ae	nx_secure_x509_wildcard_compare.o (ex libevkmimxrt1060_netxduo_lib_V2.a)
     26	      0	      0	     26	     1a	nxe_secure_dtls_client_protocol_version_override.o (ex libevkmimxrt1060_netxduo_lib_V2.a)
     28	      0	      0	     28	     1c	nxe_secure_dtls_client_session_start.o (ex libevkmimxrt1060_netxduo_lib_V2.a)
     30	      0	      0	     30	     1e	nxe_secure_dtls_ecc_initialize.o (ex libevkmimxrt1060_netxduo_lib_V2.a)
     28	      0	      0	     28	     1c	nxe_secure_dtls_packet_allocate.o (ex libevkmimxrt1060_netxduo_lib_V2.a)
      0	      0	      0	      0	      0	nxe_secure_dtls_psk_add.o (ex libevkmimxrt1060_netxduo_lib_V2.a)
     28	      0	      0	     28	     1c	nxe_secure_dtls_server_create.o (ex libevkmimxrt1060_netxduo_lib_V2.a)
     22	      0	      0	     22	     16	nxe_secure_dtls_server_delete.o (ex libevkmimxrt1060_netxduo_lib_V2.a)
     30	      0	      0	     30	     1e	nxe_secure_dtls_server_ecc_initialize.o (ex libevkmimxrt1060_netxduo_lib_V2.a)
     26	      0	      0	     26	     1a	nxe_secure_dtls_server_local_certificate_add.o (ex libevkmimxrt1060_netxduo_lib_V2.a)
     28	      0	      0	     28	     1c	nxe_secure_dtls_server_local_certificate_remove.o (ex libevkmimxrt1060_netxduo_lib_V2.a)
     26	      0	      0	     26	     1a	nxe_secure_dtls_server_notify_set.o (ex libevkmimxrt1060_netxduo_lib_V2.a)
     26	      0	      0	     26	     1a	nxe_secure_dtls_server_protocol_version_override.o (ex libevkmimxrt1060_netxduo_lib_V2.a)
      0	      0	      0	      0	      0	nxe_secure_dtls_server_psk_add.o (ex libevkmimxrt1060_netxduo_lib_V2.a)
     24	      0	      0	     24	     18	nxe_secure_dtls_server_session_send.o (ex libevkmimxrt1060_netxduo_lib_V2.a)
     24	      0	      0	     24	     18	nxe_secure_dtls_server_session_start.o (ex libevkmimxrt1060_netxduo_lib_V2.a)
     22	      0	      0	     22	     16	nxe_secure_dtls_server_start.o (ex libevkmimxrt1060_netxduo_lib_V2.a)
     22	      0	      0	     22	     16	nxe_secure_dtls_server_stop.o (ex libevkmimxrt1060_netxduo_lib_V2.a)
     26	      0	      0	     26	     1a	nxe_secure_dtls_server_trusted_certificate_add.o (ex libevkmimxrt1060_netxduo_lib_V2.a)
     28	      0	      0	     28	     1c	nxe_secure_dtls_server_trusted_certificate_remove.o (ex libevkmimxrt1060_netxduo_lib_V2.a)
     28	      0	      0	     28	     1c	nxe_secure_dtls_server_x509_client_verify_configure.o (ex libevkmimxrt1060_netxduo_lib_V2.a)
     22	      0	      0	     22	     16	nxe_secure_dtls_server_x509_client_verify_disable.o (ex libevkmimxrt1060_netxduo_lib_V2.a)
     28	      0	      0	     28	     1c	nxe_secure_dtls_session_client_info_get.o (ex libevkmimxrt1060_netxduo_lib_V2.a)
     28	      0	      0	     28	     1c	nxe_secure_dtls_session_create.o (ex libevkmimxrt1060_netxduo_lib_V2.a)
     22	      0	      0	     22	     16	nxe_secure_dtls_session_delete.o (ex libevkmimxrt1060_netxduo_lib_V2.a)
     24	      0	      0	     24	     18	nxe_secure_dtls_session_end.o (ex libevkmimxrt1060_netxduo_lib_V2.a)
     26	      0	      0	     26	     1a	nxe_secure_dtls_session_local_certificate_add.o (ex libevkmimxrt1060_netxduo_lib_V2.a)
     28	      0	      0	     28	     1c	nxe_secure_dtls_session_local_certificate_remove.o (ex libevkmimxrt1060_netxduo_lib_V2.a)
     26	      0	      0	     26	     1a	nxe_secure_dtls_session_receive.o (ex libevkmimxrt1060_netxduo_lib_V2.a)
     22	      0	      0	     22	     16	nxe_secure_dtls_session_reset.o (ex libevkmimxrt1060_netxduo_lib_V2.a)
     28	      0	      0	     28	     1c	nxe_secure_dtls_session_send.o (ex libevkmimxrt1060_netxduo_lib_V2.a)
     28	      0	      0	     28	     1c	nxe_secure_dtls_session_start.o (ex libevkmimxrt1060_netxduo_lib_V2.a)
     26	      0	      0	     26	     1a	nxe_secure_dtls_session_trusted_certificate_add.o (ex libevkmimxrt1060_netxduo_lib_V2.a)
     28	      0	      0	     28	     1c	nxe_secure_dtls_session_trusted_certificate_remove.o (ex libevkmimxrt1060_netxduo_lib_V2.a)
    120	      0	      0	    120	     78	nxe_secure_tls_active_certificate_set.o (ex libevkmimxrt1060_netxduo_lib_V2.a)
      0	      0	      0	      0	      0	nxe_secure_tls_client_psk_set.o (ex libevkmimxrt1060_netxduo_lib_V2.a)
    120	      0	      0	    120	     78	nxe_secure_tls_local_certificate_add.o (ex libevkmimxrt1060_netxduo_lib_V2.a)
    132	      0	      0	    132	     84	nxe_secure_tls_local_certificate_find.o (ex libevkmimxrt1060_netxduo_lib_V2.a)
    128	      0	      0	    128	     80	nxe_secure_tls_local_certificate_remove.o (ex libevkmimxrt1060_netxduo_lib_V2.a)
    100	      0	      0	    100	     64	nxe_secure_tls_metadata_size_calculate.o (ex libevkmimxrt1060_netxduo_lib_V2.a)
    168	      0	      0	    168	     a8	nxe_secure_tls_packet_allocate.o (ex libevkmimxrt1060_netxduo_lib_V2.a)
      0	      0	      0	      0	      0	nxe_secure_tls_psk_add.o (ex libevkmimxrt1060_netxduo_lib_V2.a)
    144	      0	      0	    144	     90	nxe_secure_tls_remote_certificate_allocate.o (ex libevkmimxrt1060_netxduo_lib_V2.a)
    144	      0	      0	    144	     90	nxe_secure_tls_remote_certificate_buffer_allocate.o (ex libevkmimxrt1060_netxduo_lib_V2.a)
    108	      0	      0	    108	     6c	nxe_secure_tls_remote_certificate_free_all.o (ex libevkmimxrt1060_netxduo_lib_V2.a)
    124	      0	      0	    124	     7c	nxe_secure_tls_server_certificate_add.o (ex libevkmimxrt1060_netxduo_lib_V2.a)
    116	      0	      0	    116	     74	nxe_secure_tls_server_certificate_find.o (ex libevkmimxrt1060_netxduo_lib_V2.a)
    112	      0	      0	    112	     70	nxe_secure_tls_server_certificate_remove.o (ex libevkmimxrt1060_netxduo_lib_V2.a)
     76	      0	      0	     76	     4c	nxe_secure_tls_session_alert_value_get.o (ex libevkmimxrt1060_netxduo_lib_V2.a)
    120	      0	      0	    120	     78	nxe_secure_tls_session_certificate_callback_set.o (ex libevkmimxrt1060_netxduo_lib_V2.a)
    120	      0	      0	    120	     78	nxe_secure_tls_session_client_callback_set.o (ex libevkmimxrt1060_netxduo_lib_V2.a)
    108	      0	      0	    108	     6c	nxe_secure_tls_session_client_verify_disable.o (ex libevkmimxrt1060_netxduo_lib_V2.a)
    108	      0	      0	    108	     6c	nxe_secure_tls_session_client_verify_enable.o (ex libevkmimxrt1060_netxduo_lib_V2.a)
    164	      0	      0	    164	     a4	nxe_secure_tls_session_create.o (ex libevkmimxrt1060_netxduo_lib_V2.a)
    140	      0	      0	    140	     8c	nxe_secure_tls_session_delete.o (ex libevkmimxrt1060_netxduo_lib_V2.a)
    112	      0	      0	    112	     70	nxe_secure_tls_session_end.o (ex libevkmimxrt1060_netxduo_lib_V2.a)
    136	      0	      0	    136	     88	nxe_secure_tls_session_packet_buffer_set.o (ex libevkmimxrt1060_netxduo_lib_V2.a)
    152	      0	      0	    152	     98	nxe_secure_tls_session_protocol_version_override.o (ex libevkmimxrt1060_netxduo_lib_V2.a)
    136	      0	      0	    136	     88	nxe_secure_tls_session_receive.o (ex libevkmimxrt1060_netxduo_lib_V2.a)
    116	      0	      0	    116	     74	nxe_secure_tls_session_renegotiate.o (ex libevkmimxrt1060_netxduo_lib_V2.a)
    120	      0	      0	    120	     78	nxe_secure_tls_session_renegotiate_callback_set.o (ex libevkmimxrt1060_netxduo_lib_V2.a)
    108	      0	      0	    108	     6c	nxe_secure_tls_session_reset.o (ex libevkmimxrt1060_netxduo_lib_V2.a)
    140	      0	      0	    140	     8c	nxe_secure_tls_session_send.o (ex libevkmimxrt1060_netxduo_lib_V2.a)
    120	      0	      0	    120	     78	nxe_secure_tls_session_server_callback_set.o (ex libevkmimxrt1060_netxduo_lib_V2.a)
    128	      0	      0	    128	     80	nxe_secure_tls_session_sni_extension_parse.o (ex libevkmimxrt1060_netxduo_lib_V2.a)
    120	      0	      0	    120	     78	nxe_secure_tls_session_sni_extension_set.o (ex libevkmimxrt1060_netxduo_lib_V2.a)
    128	      0	      0	    128	     80	nxe_secure_tls_session_start.o (ex libevkmimxrt1060_netxduo_lib_V2.a)
    120	      0	      0	    120	     78	nxe_secure_tls_session_time_function_set.o (ex libevkmimxrt1060_netxduo_lib_V2.a)
    208	      0	      0	    208	     d0	nxe_secure_tls_session_x509_client_verify_configure.o (ex libevkmimxrt1060_netxduo_lib_V2.a)
    124	      0	      0	    124	     7c	nxe_secure_tls_trusted_certificate_add.o (ex libevkmimxrt1060_netxduo_lib_V2.a)
    132	      0	      0	    132	     84	nxe_secure_tls_trusted_certificate_remove.o (ex libevkmimxrt1060_netxduo_lib_V2.a)
    132	      0	      0	    132	     84	nxe_secure_x509_certificate_initialize.o (ex libevkmimxrt1060_netxduo_lib_V2.a)
    108	      0	      0	    108	     6c	nxe_secure_x509_common_name_dns_check.o (ex libevkmimxrt1060_netxduo_lib_V2.a)
    120	      0	      0	    120	     78	nxe_secure_x509_crl_revocation_check.o (ex libevkmimxrt1060_netxduo_lib_V2.a)
    112	      0	      0	    112	     70	nxe_secure_x509_dns_name_initialize.o (ex libevkmimxrt1060_netxduo_lib_V2.a)
     92	      0	      0	     92	     5c	nxe_secure_x509_extended_key_usage_extension_parse.o (ex libevkmimxrt1060_netxduo_lib_V2.a)
    108	      0	      0	    108	     6c	nxe_secure_x509_extension_find.o (ex libevkmimxrt1060_netxduo_lib_V2.a)
    100	      0	      0	    100	     64	nxe_secure_x509_key_usage_extension_parse.o (ex libevkmimxrt1060_netxduo_lib_V2.a)
    856	      0	      0	    856	    358	nx_crypto_3des.o (ex libevkmimxrt1060_netxduo_lib_V2.a)
  10976	      0	      0	  10976	   2ae0	nx_crypto_aes.o (ex libevkmimxrt1060_netxduo_lib_V2.a)
    492	      0	      0	    492	    1ec	nx_crypto_cbc.o (ex libevkmimxrt1060_netxduo_lib_V2.a)
   1698	      0	      0	   1698	    6a2	nx_crypto_ccm.o (ex libevkmimxrt1060_netxduo_lib_V2.a)
    784	      0	      0	    784	    310	nx_crypto_ctr.o (ex libevkmimxrt1060_netxduo_lib_V2.a)
   4912	      0	      0	   4912	   1330	nx_crypto_des.o (ex libevkmimxrt1060_netxduo_lib_V2.a)
    632	      0	      0	    632	    278	nx_crypto_dh.o (ex libevkmimxrt1060_netxduo_lib_V2.a)
   3412	      0	    948	   4360	   1108	nx_crypto_drbg.o (ex libevkmimxrt1060_netxduo_lib_V2.a)
  19958	     20	      0	  19978	   4e0a	nx_crypto_ec.o (ex libevkmimxrt1060_netxduo_lib_V2.a)
   2924	      0	      0	   2924	    b6c	nx_crypto_ec_secp192r1_fixed_points.o (ex libevkmimxrt1060_netxduo_lib_V2.a)
   3156	      0	      0	   3156	    c54	nx_crypto_ec_secp224r1_fixed_points.o (ex libevkmimxrt1060_netxduo_lib_V2.a)
   3388	      0	      0	   3388	    d3c	nx_crypto_ec_secp256r1_fixed_points.o (ex libevkmimxrt1060_netxduo_lib_V2.a)
   9052	      0	      0	   9052	   235c	nx_crypto_ec_secp384r1_fixed_points.o (ex libevkmimxrt1060_netxduo_lib_V2.a)
  11492	      0	      0	  11492	   2ce4	nx_crypto_ec_secp521r1_fixed_points.o (ex libevkmimxrt1060_netxduo_lib_V2.a)
   1434	      0	      0	   1434	    59a	nx_crypto_ecdh.o (ex libevkmimxrt1060_netxduo_lib_V2.a)
   3990	      0	      0	   3990	    f96	nx_crypto_ecdsa.o (ex libevkmimxrt1060_netxduo_lib_V2.a)
   7647	      0	      0	   7647	   1ddf	nx_crypto_ecjpake.o (ex libevkmimxrt1060_netxduo_lib_V2.a)
   2080	      0	      0	   2080	    820	nx_crypto_gcm.o (ex libevkmimxrt1060_netxduo_lib_V2.a)
   1122	    564	      0	   1686	    696	nx_crypto_generic_ciphersuites.o (ex libevkmimxrt1060_netxduo_lib_V2.a)
   1386	      0	      0	   1386	    56a	nx_crypto_hkdf.o (ex libevkmimxrt1060_netxduo_lib_V2.a)
   1448	      0	      0	   1448	    5a8	nx_crypto_hmac.o (ex libevkmimxrt1060_netxduo_lib_V2.a)
    394	      0	      0	    394	    18a	nx_crypto_hmac_md5.o (ex libevkmimxrt1060_netxduo_lib_V2.a)
    394	      0	      0	    394	    18a	nx_crypto_hmac_sha1.o (ex libevkmimxrt1060_netxduo_lib_V2.a)
    446	      0	      0	    446	    1be	nx_crypto_hmac_sha2.o (ex libevkmimxrt1060_netxduo_lib_V2.a)
    506	      0	      0	    506	    1fa	nx_crypto_hmac_sha5.o (ex libevkmimxrt1060_netxduo_lib_V2.a)
  10214	      0	      0	  10214	   27e6	nx_crypto_huge_number.o (ex libevkmimxrt1060_netxduo_lib_V2.a)
    444	      0	      0	    444	    1bc	nx_crypto_huge_number_extended.o (ex libevkmimxrt1060_netxduo_lib_V2.a)
     16	      8	      0	     24	     18	nx_crypto_initialize.o (ex libevkmimxrt1060_netxduo_lib_V2.a)
   4310	      0	      0	   4310	   10d6	nx_crypto_md5.o (ex libevkmimxrt1060_netxduo_lib_V2.a)
      0	      0	      0	      0	      0	nx_crypto_method_self_test.o (ex libevkmimxrt1060_netxduo_lib_V2.a)
      0	      0	      0	      0	      0	nx_crypto_method_self_test_3des.o (ex libevkmimxrt1060_netxduo_lib_V2.a)
      0	      0	      0	      0	      0	nx_crypto_method_self_test_aes.o (ex libevkmimxrt1060_netxduo_lib_V2.a)
      0	      0	      0	      0	      0	nx_crypto_method_self_test_des.o (ex libevkmimxrt1060_netxduo_lib_V2.a)
      0	      0	      0	      0	      0	nx_crypto_method_self_test_drbg.o (ex libevkmimxrt1060_netxduo_lib_V2.a)
      0	      0	      0	      0	      0	nx_crypto_method_self_test_ecdh.o (ex libevkmimxrt1060_netxduo_lib_V2.a)
      0	      0	      0	      0	      0	nx_crypto_method_self_test_ecdsa.o (ex libevkmimxrt1060_netxduo_lib_V2.a)
      0	      0	      0	      0	      0	nx_crypto_method_self_test_hmac_md5.o (ex libevkmimxrt1060_netxduo_lib_V2.a)
      0	      0	      0	      0	      0	nx_crypto_method_self_test_hmac_sha.o (ex libevkmimxrt1060_netxduo_lib_V2.a)
      0	      0	      0	      0	      0	nx_crypto_method_self_test_md5.o (ex libevkmimxrt1060_netxduo_lib_V2.a)
      0	      0	      0	      0	      0	nx_crypto_method_self_test_pkcs1.o (ex libevkmimxrt1060_netxduo_lib_V2.a)
      0	      0	      0	      0	      0	nx_crypto_method_self_test_prf.o (ex libevkmimxrt1060_netxduo_lib_V2.a)
      0	      0	      0	      0	      0	nx_crypto_method_self_test_rsa.o (ex libevkmimxrt1060_netxduo_lib_V2.a)
      0	      0	      0	      0	      0	nx_crypto_method_self_test_sha.o (ex libevkmimxrt1060_netxduo_lib_V2.a)
      0	   1504	     32	   1536	    600	nx_crypto_methods.o (ex libevkmimxrt1060_netxduo_lib_V2.a)
      0	      0	      0	      0	      0	nx_crypto_module_start.o (ex libevkmimxrt1060_netxduo_lib_V2.a)
     78	      0	      0	     78	     4e	nx_crypto_null_cipher.o (ex libevkmimxrt1060_netxduo_lib_V2.a)
    560	      0	      0	    560	    230	nx_crypto_phash.o (ex libevkmimxrt1060_netxduo_lib_V2.a)
   1499	      0	      0	   1499	    5db	nx_crypto_pkcs1_v1.5.o (ex libevkmimxrt1060_netxduo_lib_V2.a)
    706	      0	      0	    706	    2c2	nx_crypto_rsa.o (ex libevkmimxrt1060_netxduo_lib_V2.a)
   1810	      0	      0	   1810	    712	nx_crypto_sha1.o (ex libevkmimxrt1060_netxduo_lib_V2.a)
   6126	      0	      0	   6126	   17ee	nx_crypto_sha2.o (ex libevkmimxrt1060_netxduo_lib_V2.a)
   5590	      0	      0	   5590	   15d6	nx_crypto_sha5.o (ex libevkmimxrt1060_netxduo_lib_V2.a)
    470	      0	      0	    470	    1d6	nx_crypto_tls_prf_1.o (ex libevkmimxrt1060_netxduo_lib_V2.a)
    378	      0	      0	    378	    17a	nx_crypto_tls_prf_sha256.o (ex libevkmimxrt1060_netxduo_lib_V2.a)
    386	      0	      0	    386	    182	nx_crypto_tls_prf_sha384.o (ex libevkmimxrt1060_netxduo_lib_V2.a)
    386	      0	      0	    386	    182	nx_crypto_tls_prf_sha512.o (ex libevkmimxrt1060_netxduo_lib_V2.a)
    754	      0	      0	    754	    2f2	nx_crypto_xcbc_mac.o (ex libevkmimxrt1060_netxduo_lib_V2.a)
 

12:47:46 Build Finished. 0 errors, 0 warnings. (took 1s.363ms)

