12:49:55 **** Incremental Build of configuration Debug for project RT1060_EasyEVSE_V2 ****
make -r -j16 all 
make[1]: Nothing to be done for 'main-build'.
Performing post-build steps
arm-none-eabi-size "RT1060_EasyEVSE_V2.axf"; # arm-none-eabi-objcopy -v -O binary "RT1060_EasyEVSE_V2.axf" "RT1060_EasyEVSE_V2.bin" ; # checksum -p MIMXRT1062xxxxA -d "RT1060_EasyEVSE_V2.bin";
   text	   data	    bss	    dec	    hex	filename
 789592	   5544	 755364	1550500	 17a8a4	RT1060_EasyEVSE_V2.axf
 

12:49:55 Build Finished. 0 errors, 0 warnings. (took 551ms)

