Archive member included to satisfy reference by file (symbol)

/tmp/shu/nxpev10642/TWRKM3575_EVSE/meterlib/libmeter_cm0p_mmau_gcc.a(meterlib1ph.o)
                              ./source/PWR_Main.o (METERLIB1PH_ProcSamples)
/tmp/shu/nxpev10642/TWRKM3575_EVSE/fraclib/libfrac_cm0p_mmau_gcc.a(fraclib.o)
                              /tmp/shu/nxpev10642/TWRKM3575_EVSE/meterlib/libmeter_cm0p_mmau_gcc.a(meterlib1ph.o) (S_div_llll)
/usr/local/mcuxpressoide-11.9.0_2144/ide/plugins/com.nxp.mcuxpresso.tools.linux_11.9.0.202307121226/tools/bin/../lib/gcc/arm-none-eabi/12.3.1/../../../../arm-none-eabi/lib/thumb/v6-m/nofp/libcr_nohost_nf.a(_cr__main.o)
                              ./startup/startup_mkm35z7.o (__main)
/usr/local/mcuxpressoide-11.9.0_2144/ide/plugins/com.nxp.mcuxpresso.tools.linux_11.9.0.202307121226/tools/bin/../lib/gcc/arm-none-eabi/12.3.1/../../../../arm-none-eabi/lib/thumb/v6-m/nofp/libcr_c.a(memcpy.o)
                              ./utilities/fsl_str.o (memcpy)
/usr/local/mcuxpressoide-11.9.0_2144/ide/plugins/com.nxp.mcuxpresso.tools.linux_11.9.0.202307121226/tools/bin/../lib/gcc/arm-none-eabi/12.3.1/../../../../arm-none-eabi/lib/thumb/v6-m/nofp/libcr_c.a(memset.o)
                              ./utilities/fsl_debug_console.o (memset)
/usr/local/mcuxpressoide-11.9.0_2144/ide/plugins/com.nxp.mcuxpresso.tools.linux_11.9.0.202307121226/tools/bin/../lib/gcc/arm-none-eabi/12.3.1/../../../../arm-none-eabi/lib/thumb/v6-m/nofp/libcr_c.a(alloc.o)
                              ./drivers/fsl_common.o (malloc)
/usr/local/mcuxpressoide-11.9.0_2144/ide/plugins/com.nxp.mcuxpresso.tools.linux_11.9.0.202307121226/tools/bin/../lib/gcc/arm-none-eabi/12.3.1/../../../../arm-none-eabi/lib/thumb/v6-m/nofp/libcr_c.a(initio.o)
                              /usr/local/mcuxpressoide-11.9.0_2144/ide/plugins/com.nxp.mcuxpresso.tools.linux_11.9.0.202307121226/tools/bin/../lib/gcc/arm-none-eabi/12.3.1/../../../../arm-none-eabi/lib/thumb/v6-m/nofp/libcr_nohost_nf.a(_cr__main.o) (_initio)
/usr/local/mcuxpressoide-11.9.0_2144/ide/plugins/com.nxp.mcuxpresso.tools.linux_11.9.0.202307121226/tools/bin/../lib/gcc/arm-none-eabi/12.3.1/../../../../arm-none-eabi/lib/thumb/v6-m/nofp/libcr_c.a(modf.o)
                              ./utilities/fsl_str.o (modf)
/usr/local/mcuxpressoide-11.9.0_2144/ide/plugins/com.nxp.mcuxpresso.tools.linux_11.9.0.202307121226/tools/bin/../lib/gcc/arm-none-eabi/12.3.1/../../../../arm-none-eabi/lib/thumb/v6-m/nofp/libcr_c.a(pow.o)
                              ./utilities/fsl_str.o (pow)
/usr/local/mcuxpressoide-11.9.0_2144/ide/plugins/com.nxp.mcuxpresso.tools.linux_11.9.0.202307121226/tools/bin/../lib/gcc/arm-none-eabi/12.3.1/../../../../arm-none-eabi/lib/thumb/v6-m/nofp/libcr_c.a(scanf.o)
                              ./utilities/fsl_str.o (strtoul)
/usr/local/mcuxpressoide-11.9.0_2144/ide/plugins/com.nxp.mcuxpresso.tools.linux_11.9.0.202307121226/tools/bin/../lib/gcc/arm-none-eabi/12.3.1/../../../../arm-none-eabi/lib/thumb/v6-m/nofp/libcr_c.a(setvbuf.o)
                              /usr/local/mcuxpressoide-11.9.0_2144/ide/plugins/com.nxp.mcuxpresso.tools.linux_11.9.0.202307121226/tools/bin/../lib/gcc/arm-none-eabi/12.3.1/../../../../arm-none-eabi/lib/thumb/v6-m/nofp/libcr_c.a(initio.o) (setvbuf)
/usr/local/mcuxpressoide-11.9.0_2144/ide/plugins/com.nxp.mcuxpresso.tools.linux_11.9.0.202307121226/tools/bin/../lib/gcc/arm-none-eabi/12.3.1/../../../../arm-none-eabi/lib/thumb/v6-m/nofp/libcr_c.a(sin.o)
                              ./source/PWR_Main.o (sin)
/usr/local/mcuxpressoide-11.9.0_2144/ide/plugins/com.nxp.mcuxpresso.tools.linux_11.9.0.202307121226/tools/bin/../lib/gcc/arm-none-eabi/12.3.1/../../../../arm-none-eabi/lib/thumb/v6-m/nofp/libcr_c.a(sqrt.o)
                              ./source/PWR_Main.o (sqrt)
/usr/local/mcuxpressoide-11.9.0_2144/ide/plugins/com.nxp.mcuxpresso.tools.linux_11.9.0.202307121226/tools/bin/../lib/gcc/arm-none-eabi/12.3.1/../../../../arm-none-eabi/lib/thumb/v6-m/nofp/libcr_c.a(strcpy.o)
                              ./source/PWR_Main.o (strcpy)
/usr/local/mcuxpressoide-11.9.0_2144/ide/plugins/com.nxp.mcuxpresso.tools.linux_11.9.0.202307121226/tools/bin/../lib/gcc/arm-none-eabi/12.3.1/../../../../arm-none-eabi/lib/thumb/v6-m/nofp/libcr_c.a(strlen.o)
                              ./utilities/fsl_str.o (strlen)
/usr/local/mcuxpressoide-11.9.0_2144/ide/plugins/com.nxp.mcuxpresso.tools.linux_11.9.0.202307121226/tools/bin/../lib/gcc/arm-none-eabi/12.3.1/../../../../arm-none-eabi/lib/thumb/v6-m/nofp/libcr_c.a(ungetc.o)
                              /usr/local/mcuxpressoide-11.9.0_2144/ide/plugins/com.nxp.mcuxpresso.tools.linux_11.9.0.202307121226/tools/bin/../lib/gcc/arm-none-eabi/12.3.1/../../../../arm-none-eabi/lib/thumb/v6-m/nofp/libcr_c.a(scanf.o) (ungetc)
/usr/local/mcuxpressoide-11.9.0_2144/ide/plugins/com.nxp.mcuxpresso.tools.linux_11.9.0.202307121226/tools/bin/../lib/gcc/arm-none-eabi/12.3.1/../../../../arm-none-eabi/lib/thumb/v6-m/nofp/libcr_c.a(__fillbuf.o)
[...]
Memory Configuration

Name             Origin             Length             Attributes
PROGRAM_FLASH    0x00000000         0x00080000         xr
SRAM             0x1fffc000         0x00010000         xrw
*default*        0x00000000         0xffffffff

Linker script and memory map

LOAD ./utilities/fsl_assert.o
LOAD ./utilities/fsl_debug_console.o
LOAD ./utilities/fsl_str.o
LOAD ./startup/startup_mkm35z7.o
LOAD ./source/PWR_Main.o
LOAD ./source/mtb.o
LOAD ./source/semihost_hardfault.o
LOAD ./slcd/GDH-1247WP.o
LOAD ./slcd/slcd_engine.o
LOAD ./drivers/fsl_adc16.o
LOAD ./drivers/fsl_clock.o
LOAD ./drivers/fsl_common.o
LOAD ./drivers/fsl_gpio.o
LOAD ./drivers/fsl_irtc.o
LOAD ./drivers/fsl_lptmr.o
LOAD ./drivers/fsl_lpuart.o
LOAD ./drivers/fsl_qtmr.o
LOAD ./drivers/fsl_rnga.o
LOAD ./drivers/fsl_slcd.o
LOAD ./drivers/fsl_smc.o
LOAD ./drivers/fsl_uart.o
LOAD ./device/system_MKM35Z7.o
LOAD ./component/uart/uart_adapter.o
LOAD ./component/serial_manager/serial_manager.o
LOAD ./component/serial_manager/serial_port_uart.o
LOAD ./component/lists/generic_list.o
LOAD ./board/board.o
LOAD ./board/clock_config.o
LOAD ./board/peripherals.o
LOAD ./board/pin_mux.o
LOAD /tmp/shu/nxpev10642/TWRKM3575_EVSE/meterlib/libmeter_cm0p_mmau_gcc.a
LOAD /tmp/shu/nxpev10642/TWRKM3575_EVSE/fraclib/libfrac_cm0p_mmau_gcc.a
START GROUP
LOAD /usr/local/mcuxpressoide-11.9.0_2144/ide/plugins/com.nxp.mcuxpresso.tools.linux_11.9.0.202307121226/tools/bin/../lib/gcc/arm-none-eabi/12.3.1/../../../../arm-none-eabi/lib/thumb/v6-m/nofp/libcr_nohost_nf.a
LOAD /usr/local/mcuxpressoide-11.9.0_2144/ide/plugins/com.nxp.mcuxpresso.tools.linux_11.9.0.202307121226/tools/bin/../lib/gcc/arm-none-eabi/12.3.1/../../../../arm-none-eabi/lib/thumb/v6-m/nofp/libcr_c.a
LOAD /usr/local/mcuxpressoide-11.9.0_2144/ide/plugins/com.nxp.mcuxpresso.tools.linux_11.9.0.202307121226/tools/bin/../lib/gcc/arm-none-eabi/12.3.1/thumb/v6-m/nofp/libcr_eabihelpers.a
LOAD /usr/local/mcuxpressoide-11.9.0_2144/ide/plugins/com.nxp.mcuxpresso.tools.linux_11.9.0.202307121226/tools/bin/../lib/gcc/arm-none-eabi/12.3.1/thumb/v6-m/nofp/libgcc.a
END GROUP
                0x00000000                        __base_PROGRAM_FLASH = 0x0
                0x00000000                        __base_Flash = 0x0
                0x00080000                        __top_PROGRAM_FLASH = 0x80000
                0x00080000                        __top_Flash = 0x80000
                0x1fffc000                        __base_SRAM = 0x1fffc000
                0x1fffc000                        __base_RAM = 0x1fffc000
                0x2000c000                        __top_SRAM = 0x2000c000
                0x2000c000                        __top_RAM = 0x2000c000

.text           0x00000000     0x92e8
 FILL mask 0xff
                0x00000000                        __vectors_start__ = ABSOLUTE (.)
 *(SORT_BY_ALIGNMENT(.isr_vector))
 .isr_vector    0x00000000       0xc0 ./startup/startup_mkm35z7.o
                0x00000000                __Vectors
                0x00000000                g_pfnVectors
                0x000000c0                        . = ALIGN (0x4)
                0x000000c0                        __section_table_start = .
                0x000000c0                        __data_section_table = .
                0x000000c0        0x4 LONG 0x92e8 LOADADDR (.data)
                0x000000c4        0x4 LONG 0x1fffc080 ADDR (.data)
                0x000000c8        0x4 LONG 0x97c SIZEOF (.data)
                0x000000cc                        __data_section_table_end = .
                0x000000cc                        __bss_section_table = .
                0x000000cc        0x4 LONG 0x1fffca00 ADDR (.bss)
                0x000000d0        0x4 LONG 0x200 SIZEOF (.bss)
                0x000000d4                        __bss_section_table_end = .
                0x000000d4                        __section_table_end = .
 *(SORT_BY_ALIGNMENT(.after_vectors*))
 .after_vectors.reset
                0x000000d4       0x4c ./startup/startup_mkm35z7.o
                0x000000d4                ResetISR
 .after_vectors.init_data
                0x00000120       0x12 ./startup/startup_mkm35z7.o
                0x00000120                data_init
 .after_vectors.init_bss
                0x00000132       0x10 ./startup/startup_mkm35z7.o
                0x00000132                bss_init
 .after_vectors
                0x00000142      0x10c ./startup/startup_mkm35z7.o
                0x00000142                NMI_Handler
                0x00000146                SVC_Handler
                0x00000148                PendSV_Handler
                0x0000014c                PMC_DriverIRQHandler
                0x0000014c                DMA0_DriverIRQHandler
                0x0000014c                AFE_CH3_DriverIRQHandler
                0x0000014c                I2C0_I2C1_DriverIRQHandler
                0x0000014c                LLWU_DriverIRQHandler
                0x0000014c                PIT0_PIT1_DriverIRQHandler
                0x0000014c                TMR1_DriverIRQHandler
                0x0000014c                MCG_DriverIRQHandler
                0x0000014c                MMAU_DriverIRQHandler
                0x0000014c                FTFA_DriverIRQHandler
                0x0000014c                IntDefaultHandler
                0x0000014c                XBAR_DriverIRQHandler
                0x0000014c                CMP0_CMP1_CMP2_DriverIRQHandler
                0x0000014c                SPI0_SPI1_SPI2_DriverIRQHandler
                0x0000014c                RNGA_DriverIRQHandler
                0x0000014c                DMA3_DriverIRQHandler
                0x0000014c                LPTMR0_LPTMR1_DriverIRQHandler
                0x0000014c                PTx_DriverIRQHandler
                0x0000014c                WDOG_EWM_DriverIRQHandler
                0x0000014c                PDB0_DriverIRQHandler
                0x0000014c                TMR3_DriverIRQHandler
                0x0000014c                TMR2_DriverIRQHandler
                0x0000014c                RTC_DriverIRQHandler
                0x0000014c                LCD_DriverIRQHandler
                0x0000014c                DMA1_DriverIRQHandler
                0x0000014c                TMR0_DriverIRQHandler
                0x0000014c                AFE_CH0_DriverIRQHandler
                0x0000014c                ADC0_DriverIRQHandler
                0x0000014c                AFE_CH1_DriverIRQHandler
                0x0000014c                AFE_CH2_DriverIRQHandler
                0x0000014c                DMA2_DriverIRQHandler
                0x0000014e                DMA0_IRQHandler
                0x00000156                DMA1_IRQHandler
                0x0000015e                DMA2_IRQHandler
                0x00000166                DMA3_IRQHandler
                0x0000016e                SPI0_SPI1_SPI2_IRQHandler
                0x00000176                PDB0_IRQHandler
                0x0000017e                PMC_IRQHandler
                0x00000186                TMR0_IRQHandler
                0x0000018e                TMR1_IRQHandler
                0x00000196                TMR2_IRQHandler
                0x0000019e                TMR3_IRQHandler
                0x000001a6                PIT0_PIT1_IRQHandler
                0x000001ae                LLWU_IRQHandler
                0x000001b6                FTFA_IRQHandler
                0x000001be                CMP0_CMP1_CMP2_IRQHandler
                0x000001c6                LCD_IRQHandler
                0x000001ce                ADC0_IRQHandler
                0x000001de                RNGA_IRQHandler
                0x000001e6                UART0_UART1_UART2_UART3_IRQHandler
                0x000001ee                MMAU_IRQHandler
                0x000001f6                AFE_CH0_IRQHandler
                0x000001fe                AFE_CH1_IRQHandler
                0x00000206                AFE_CH2_IRQHandler
                0x0000020e                AFE_CH3_IRQHandler
                0x00000216                RTC_IRQHandler
                0x0000021e                I2C0_I2C1_IRQHandler
                0x00000226                LPUART0_IRQHandler
                0x0000022e                MCG_IRQHandler
                0x00000236                WDOG_EWM_IRQHandler
                0x00000246                XBAR_IRQHandler
                0x00000400                        . = 0x400
 *fill*         0x0000024e      0x1b2 ff
                0x00000400                        PROVIDE (__FLASH_CONFIG_START__ = .)
 *(SORT_BY_ALIGNMENT(.FlashConfig))
 .FlashConfig   0x00000400       0x10 ./startup/startup_mkm35z7.o
                0x00000400                Flash_Config
                0x00000410                        PROVIDE (__FLASH_CONFIG_END__ = .)
                0x00000001                        ASSERT (! ((__FLASH_CONFIG_START__ == __FLASH_CONFIG_END__)), Linker Flash Config Support Enabled, but no .FlashConfig section provided within application)
 *(SORT_BY_ALIGNMENT(.text*))
 .text.METERLIB1PH_CalcWattHours
                0x00000410      0x280 /tmp/shu/nxpev10642/TWRKM3575_EVSE/meterlib/libmeter_cm0p_mmau_gcc.a(meterlib1ph.o)
                0x00000410                METERLIB1PH_CalcWattHours
 .text.METERLIB1PH_CalcVarHours
                0x00000690      0x308 /tmp/shu/nxpev10642/TWRKM3575_EVSE/meterlib/libmeter_cm0p_mmau_gcc.a(meterlib1ph.o)
                0x00000690                METERLIB1PH_CalcVarHours
 .text.METERLIB1PH_ReadResults
                0x00000998      0x158 /tmp/shu/nxpev10642/TWRKM3575_EVSE/meterlib/libmeter_cm0p_mmau_gcc.a(meterlib1ph.o)
                0x00000998                METERLIB1PH_ReadResults
 .text.S_div_llll
                0x00000af0      0x310 /tmp/shu/nxpev10642/TWRKM3575_EVSE/fraclib/libfrac_cm0p_mmau_gcc.a(fraclib.o)
                0x00000af0                S_div_llll
 .text.__assertion_failed
                0x00000e00       0x1c ./utilities/fsl_assert.o
                0x00000e00                __assertion_failed
 .text.DbgConsole_ReadOneCharacter
                0x00000e1c       0x50 ./utilities/fsl_debug_console.o
                0x00000e1c                DbgConsole_ReadOneCharacter
 .text.DbgConsole_SendDataReliable
                0x00000e6c       0x70 ./utilities/fsl_debug_console.o
                0x00000e6c                DbgConsole_SendDataReliable
 .text.DbgConsole_ReadCharacter
                0x00000edc       0x50 ./utilities/fsl_debug_console.o
                0x00000edc                DbgConsole_ReadCharacter
 .text.DbgConsole_Init
                0x00000f2c      0x178 ./utilities/fsl_debug_console.o
                0x00000f2c                DbgConsole_Init
 .text.DbgConsole_Printf
                0x000010a4       0x98 ./utilities/fsl_debug_console.o
                0x000010a4                DbgConsole_Printf
 .text.ConvertFloatRadixNumToString
                0x0000113c      0x28c ./utilities/fsl_str.o
 .text.__NVIC_EnableIRQ
                0x000013c8       0x34 ./source/PWR_Main.o
 .text.__NVIC_SetPriority
                0x000013fc       0xdc ./source/PWR_Main.o
 .text.SysTick_Config
                0x000014d8       0x48 ./source/PWR_Main.o
 .text.ADC16_GetChannelConversionValue
                0x00001520       0x30 ./source/PWR_Main.o
 .text.LPTMR_SetTimerPeriod
                0x00001550       0x30 ./source/PWR_Main.o
 .text.PTx_IRQHandler
                0x00001580      0x324 ./source/PWR_Main.o
                0x00001580                PTx_IRQHandler
 .text.SLCD_SetLCDPin
                0x000018a4       0xec ./source/PWR_Main.o
 .text.SLCD_APP_Init
                0x00001990       0x74 ./source/PWR_Main.o
 .text.SLCD_Clear_Screen
                0x00001a04      0x100 ./source/PWR_Main.o
 .text.SLCD_Set_Display_Ready
                0x00001b04       0xd8 ./source/PWR_Main.o
 .text.Run_MeterLib
                0x00001bdc      0x378 ./source/PWR_Main.o
 .text.LPTMR0_LPTMR1_IRQHandler
                0x00001f54      0x214 ./source/PWR_Main.o
                0x00001f54                LPTMR0_LPTMR1_IRQHandler
 .text.Start_Timer
                0x00002168       0x80 ./source/PWR_Main.o
 .text.Start_Potentiometer
                0x000021e8       0x7c ./source/PWR_Main.o
 .text.Process_HostCommand
                0x00002264      0x2d0 ./source/PWR_Main.o
 .text.PWM_OnOFF
                0x00002534       0xa4 ./source/PWR_Main.o
                0x00002534                PWM_OnOFF
 .text.SysTick_Handler
                0x000025d8       0xc8 ./source/PWR_Main.o
                0x000025d8                SysTick_Handler
 .text.main     0x000026a0       0x70 ./source/PWR_Main.o
                0x000026a0                main
 .text.HardFault_Handler
                0x00002710       0x30 ./source/semihost_hardfault.o
                0x00002710                HardFault_Handler
 .text.SLCD_Engine_Show_Num
                0x00002740       0x8c ./slcd/slcd_engine.o
                0x00002740                SLCD_Engine_Show_Num
 .text.SLCD_Engine_Show_Icon
                0x000027cc       0x70 ./slcd/slcd_engine.o
                0x000027cc                SLCD_Engine_Show_Icon
 .text.CLOCK_EnableClock
                0x0000283c       0x34 ./drivers/fsl_adc16.o
 .text.ADC16_GetInstance
                0x00002870       0x48 ./drivers/fsl_adc16.o
 .text.ADC16_Init
                0x000028b8      0x114 ./drivers/fsl_adc16.o
                0x000028b8                ADC16_Init
 .text.ADC16_GetDefaultConfig
                0x000029cc       0x64 ./drivers/fsl_adc16.o
                0x000029cc                ADC16_GetDefaultConfig
 .text.ADC16_SetChannelConfig
                0x00002a30       0x5c ./drivers/fsl_adc16.o
                0x00002a30                ADC16_SetChannelConfig
 .text.ADC16_GetChannelStatusFlags
                0x00002a8c       0x40 ./drivers/fsl_adc16.o
                0x00002a8c                ADC16_GetChannelStatusFlags
 .text.CLOCK_SetEr32kClock
                0x00002acc       0x34 ./drivers/fsl_clock.o
 .text.CLOCK_SetPllFllSelClock
                0x00002b00       0x38 ./drivers/fsl_clock.o
 .text.CLOCK_GetMcgExtClkFreq
                0x00002b38       0x70 ./drivers/fsl_clock.o
 .text.CLOCK_GetFllExtRefClkFreq
                0x00002ba8       0xb4 ./drivers/fsl_clock.o
 .text.CLOCK_GetInternalRefClkSelectFreq
                0x00002c5c       0x48 ./drivers/fsl_clock.o
 .text.CLOCK_GetFllRefClkFreq
                0x00002ca4       0x38 ./drivers/fsl_clock.o
 .text.CLOCK_GetPll0RefFreq
                0x00002cdc       0x74 ./drivers/fsl_clock.o
 .text.CLOCK_GetOscRangeFromFreq
                0x00002d50       0x4c ./drivers/fsl_clock.o
 .text.CLOCK_GetOsc0ErClkFreq
                0x00002d9c       0x44 ./drivers/fsl_clock.o
                0x00002d9c                CLOCK_GetOsc0ErClkFreq
 .text.CLOCK_GetEr32kClkFreq
                0x00002de0       0x84 ./drivers/fsl_clock.o
                0x00002de0                CLOCK_GetEr32kClkFreq
 .text.CLOCK_GetPllFllSelClkFreq
                0x00002e64       0x9c ./drivers/fsl_clock.o
                0x00002e64                CLOCK_GetPllFllSelClkFreq
 .text.CLOCK_GetBusClkFreq
                0x00002f00       0x50 ./drivers/fsl_clock.o
                0x00002f00                CLOCK_GetBusClkFreq
 .text.CLOCK_GetFreq
                0x00002f50      0x118 ./drivers/fsl_clock.o
                0x00002f50                CLOCK_GetFreq
 .text.CLOCK_SetSimConfig
                0x00003068       0x38 ./drivers/fsl_clock.o
                0x00003068                CLOCK_SetSimConfig
 .text.CLOCK_GetOutClkFreq
                0x000030a0       0x78 ./drivers/fsl_clock.o
                0x000030a0                CLOCK_GetOutClkFreq
 .text.CLOCK_GetFllFreq
                0x00003118       0x8c ./drivers/fsl_clock.o
                0x00003118                CLOCK_GetFllFreq
 .text.CLOCK_GetInternalRefClkFreq
                0x000031a4       0x30 ./drivers/fsl_clock.o
                0x000031a4                CLOCK_GetInternalRefClkFreq
 .text.CLOCK_GetPll0Freq
                0x000031d4       0x54 ./drivers/fsl_clock.o
                0x000031d4                CLOCK_GetPll0Freq
 .text.CLOCK_SetExternalRefClkConfig
                0x00003228       0x80 ./drivers/fsl_clock.o
                0x00003228                CLOCK_SetExternalRefClkConfig
 .text.CLOCK_SetInternalRefClkConfig
                0x000032a8      0x128 ./drivers/fsl_clock.o
                0x000032a8                CLOCK_SetInternalRefClkConfig
 .text.CLOCK_InitOsc0
                0x000033d0       0x94 ./drivers/fsl_clock.o
                0x000033d0                CLOCK_InitOsc0
 .text.CLOCK_SetFeeMode
                0x00003464      0x138 ./drivers/fsl_clock.o
                0x00003464                CLOCK_SetFeeMode
 .text.CLOCK_BootToFeeMode
                0x0000359c       0x64 ./drivers/fsl_clock.o
                0x0000359c                CLOCK_BootToFeeMode
 .text.GPIO_GetInstance
                0x00003600       0x4c ./drivers/fsl_gpio.o
 .text.GPIO_PinInit
                0x0000364c       0x78 ./drivers/fsl_gpio.o
                0x0000364c                GPIO_PinInit
 .text.GPIO_PortGetInterruptFlags
                0x000036c4       0x38 ./drivers/fsl_gpio.o
                0x000036c4                GPIO_PortGetInterruptFlags
 .text.GPIO_PortClearInterruptFlags
                0x000036fc       0x3c ./drivers/fsl_gpio.o
                0x000036fc                GPIO_PortClearInterruptFlags
 .text.CLOCK_EnableClock
                0x00003738       0x34 ./drivers/fsl_lptmr.o
 .text.LPTMR_GetInstance
                0x0000376c       0x4c ./drivers/fsl_lptmr.o
 .text.LPTMR_Init
                0x000037b8       0x9c ./drivers/fsl_lptmr.o
                0x000037b8                LPTMR_Init
 .text.LPTMR_GetDefaultConfig
                0x00003854       0x58 ./drivers/fsl_lptmr.o
                0x00003854                LPTMR_GetDefaultConfig
 .text.LPUART0_DriverIRQHandler
                0x000038ac       0x24 ./drivers/fsl_lpuart.o
                0x000038ac                LPUART0_DriverIRQHandler
 .text.CLOCK_EnableClock
                0x000038d0       0x34 ./drivers/fsl_qtmr.o
 .text.QTMR_GetInstance
                0x00003904       0x4c ./drivers/fsl_qtmr.o
 .text.QTMR_Init
                0x00003950       0xb4 ./drivers/fsl_qtmr.o
                0x00003950                QTMR_Init
 .text.QTMR_GetDefaultConfig
                0x00003a04       0x58 ./drivers/fsl_qtmr.o
                0x00003a04                QTMR_GetDefaultConfig
 .text.__NVIC_EnableIRQ
                0x00003a5c       0x34 ./drivers/fsl_slcd.o
 .text.CLOCK_EnableClock
                0x00003a90       0x34 ./drivers/fsl_slcd.o
 .text.SLCD_GetInstance
                0x00003ac4       0x48 ./drivers/fsl_slcd.o
 .text.SLCD_Init
                0x00003b0c      0x1f8 ./drivers/fsl_slcd.o
                0x00003b0c                SLCD_Init
 .text.SLCD_GetDefaultConfig
                0x00003d04       0x4c ./drivers/fsl_slcd.o
                0x00003d04                SLCD_GetDefaultConfig
 .text.CLOCK_EnableClock
                0x00003d50       0x34 ./drivers/fsl_uart.o
 .text.UART_GetInstance
                0x00003d84       0x54 ./drivers/fsl_uart.o
                0x00003d84                UART_GetInstance
 .text.UART_Init
                0x00003dd8      0x268 ./drivers/fsl_uart.o
                0x00003dd8                UART_Init
 .text.UART_GetDefaultConfig
                0x00004040       0x68 ./drivers/fsl_uart.o
                0x00004040                UART_GetDefaultConfig
 .text.UART_ClearStatusFlags
                0x000040a8       0x8c ./drivers/fsl_uart.o
                0x000040a8                UART_ClearStatusFlags
 .text.UART_ReadBlocking
                0x00004134       0xfc ./drivers/fsl_uart.o
                0x00004134                UART_ReadBlocking
 .text.UART0_UART1_UART2_UART3_DriverIRQHandler
                0x00004230       0x54 ./drivers/fsl_uart.o
                0x00004230                UART0_UART1_UART2_UART3_DriverIRQHandler
 .text.SystemInit
                0x00004284       0x30 ./device/system_MKM35Z7.o
                0x00004284                SystemInit
 .text.HAL_UartGetStatus
                0x000042b4       0x20 ./component/uart/uart_adapter.o
 .text.HAL_UartInit
                0x000042d4      0x110 ./component/uart/uart_adapter.o
                0x000042d4                HAL_UartInit
 .text.HAL_UartReceiveBlocking
                0x000043e4       0x78 ./component/uart/uart_adapter.o
                0x000043e4                HAL_UartReceiveBlocking
 .text.HAL_UartSendBlocking
                0x0000445c       0x6c ./component/uart/uart_adapter.o
                0x0000445c                HAL_UartSendBlocking
 .text.SerialManager_StartWriting
                0x000044c8       0x44 ./component/serial_manager/serial_manager.o
 .text.SerialManager_StartReading
                0x0000450c       0x44 ./component/serial_manager/serial_manager.o
 .text.SerialManager_Write
                0x00004550       0x74 ./component/serial_manager/serial_manager.o
 .text.SerialManager_Read
                0x000045c4       0x74 ./component/serial_manager/serial_manager.o
 .text.SerialManager_Init
                0x00004638       0x88 ./component/serial_manager/serial_manager.o
                0x00004638                SerialManager_Init
 .text.SerialManager_OpenWriteHandle
                0x000046c0       0x6c ./component/serial_manager/serial_manager.o
                0x000046c0                SerialManager_OpenWriteHandle
 .text.SerialManager_OpenReadHandle
                0x0000472c       0x80 ./component/serial_manager/serial_manager.o
                0x0000472c                SerialManager_OpenReadHandle
 .text.Serial_UartInit
                0x000047ac       0x94 ./component/serial_manager/serial_port_uart.o
                0x000047ac                Serial_UartInit
 .text.Serial_UartWrite
                0x00004840       0x5c ./component/serial_manager/serial_port_uart.o
                0x00004840                Serial_UartWrite
 .text.Serial_UartRead
                0x0000489c       0x5c ./component/serial_manager/serial_port_uart.o
                0x0000489c                Serial_UartRead
 .text.CLOCK_SetSimSafeDivs
                0x000048f8       0x1c ./board/clock_config.o
 .text.CLOCK_SetXtal0Freq
                0x00004914       0x1c ./board/clock_config.o
 .text.CLOCK_CONFIG_FllStableDelay
                0x00004930       0x28 ./board/clock_config.o
 .text.BOARD_BootClockRUN
                0x00004958       0x68 ./board/clock_config.o
                0x00004958                BOARD_BootClockRUN
 .text.CLOCK_EnableClock
                0x000049c0       0x34 ./board/pin_mux.o
 .text.PORT_SetPinMux
                0x000049f4       0x40 ./board/pin_mux.o
 .text.PORT_SetPinInterruptConfig
                0x00004a34       0x40 ./board/pin_mux.o
 .text.BOARD_InitPins
                0x00004a74      0x368 ./board/pin_mux.o
                0x00004a74                BOARD_InitPins
 .text.METERLIB1PH_ProcSamples
                0x00004ddc      0x208 /tmp/shu/nxpev10642/TWRKM3575_EVSE/meterlib/libmeter_cm0p_mmau_gcc.a(meterlib1ph.o)
                0x00004ddc                METERLIB1PH_ProcSamples
 .text.METERLIB1PH_CalcAuxiliary
                0x00004fe4      0x3d8 /tmp/shu/nxpev10642/TWRKM3575_EVSE/meterlib/libmeter_cm0p_mmau_gcc.a(meterlib1ph.o)
                0x00004fe4                METERLIB1PH_CalcAuxiliary
 .text.L_fir_ls
                0x000053bc       0x6c /tmp/shu/nxpev10642/TWRKM3575_EVSE/fraclib/libfrac_cm0p_mmau_gcc.a(fraclib.o)
                0x000053bc                L_fir_ls
 .text.LL_fir_ll
                0x00005428       0x60 /tmp/shu/nxpev10642/TWRKM3575_EVSE/fraclib/libfrac_cm0p_mmau_gcc.a(fraclib.o)
                0x00005428                LL_fir_ll
 .text._initio  0x00005488       0x7c /usr/local/mcuxpressoide-11.9.0_2144/ide/plugins/com.nxp.mcuxpresso.tools.linux_11.9.0.202307121226/tools/bin/../lib/gcc/arm-none-eabi/12.3.1/../../../../arm-none-eabi/lib/thumb/v6-m/nofp/libcr_c.a(initio.o)
                0x00005488                _initio
 .text.modf     0x00005504       0x90 /usr/local/mcuxpressoide-11.9.0_2144/ide/plugins/com.nxp.mcuxpresso.tools.linux_11.9.0.202307121226/tools/bin/../lib/gcc/arm-none-eabi/12.3.1/../../../../arm-none-eabi/lib/thumb/v6-m/nofp/libcr_c.a(modf.o)
                0x00005504                modf
 .text.pow      0x00005594      0x54c /usr/local/mcuxpressoide-11.9.0_2144/ide/plugins/com.nxp.mcuxpresso.tools.linux_11.9.0.202307121226/tools/bin/../lib/gcc/arm-none-eabi/12.3.1/../../../../arm-none-eabi/lib/thumb/v6-m/nofp/libcr_c.a(pow.o)
                0x00005594                pow
 .text.setvbuf  0x00005ae0       0x4c /usr/local/mcuxpressoide-11.9.0_2144/ide/plugins/com.nxp.mcuxpresso.tools.linux_11.9.0.202307121226/tools/bin/../lib/gcc/arm-none-eabi/12.3.1/../../../../arm-none-eabi/lib/thumb/v6-m/nofp/libcr_c.a(setvbuf.o)
                0x00005ae0                setvbuf
 .text.sqrt     0x00005b2c      0x130 /usr/local/mcuxpressoide-11.9.0_2144/ide/plugins/com.nxp.mcuxpresso.tools.linux_11.9.0.202307121226/tools/bin/../lib/gcc/arm-none-eabi/12.3.1/../../../../arm-none-eabi/lib/thumb/v6-m/nofp/libcr_c.a(sqrt.o)
                0x00005b2c                sqrt
 .text.strcpy   0x00005c5c       0x44 /usr/local/mcuxpressoide-11.9.0_2144/ide/plugins/com.nxp.mcuxpresso.tools.linux_11.9.0.202307121226/tools/bin/../lib/gcc/arm-none-eabi/12.3.1/../../../../arm-none-eabi/lib/thumb/v6-m/nofp/libcr_c.a(strcpy.o)
                0x00005c5c                strcpy
 .text.strlen   0x00005ca0       0x5c /usr/local/mcuxpressoide-11.9.0_2144/ide/plugins/com.nxp.mcuxpresso.tools.linux_11.9.0.202307121226/tools/bin/../lib/gcc/arm-none-eabi/12.3.1/../../../../arm-none-eabi/lib/thumb/v6-m/nofp/libcr_c.a(strlen.o)
                0x00005ca0                strlen
 .text._deferredlazyseek
                0x00005cfc       0x40 /usr/local/mcuxpressoide-11.9.0_2144/ide/plugins/com.nxp.mcuxpresso.tools.linux_11.9.0.202307121226/tools/bin/../lib/gcc/arm-none-eabi/12.3.1/../../../../arm-none-eabi/lib/thumb/v6-m/nofp/libcr_c.a(_deferredlazyseek.o)
                0x00005cfc                _deferredlazyseek
 .text._fdopen  0x00005d3c       0x74 /usr/local/mcuxpressoide-11.9.0_2144/ide/plugins/com.nxp.mcuxpresso.tools.linux_11.9.0.202307121226/tools/bin/../lib/gcc/arm-none-eabi/12.3.1/../../../../arm-none-eabi/lib/thumb/v6-m/nofp/libcr_c.a(_fdopen.o)
                0x00005d3c                _fdopen
 .text._fflush  0x00005db0       0x5c /usr/local/mcuxpressoide-11.9.0_2144/ide/plugins/com.nxp.mcuxpresso.tools.linux_11.9.0.202307121226/tools/bin/../lib/gcc/arm-none-eabi/12.3.1/../../../../arm-none-eabi/lib/thumb/v6-m/nofp/libcr_c.a(_fflush.o)
                0x00005db0                _fflush
 .text._sincos  0x00005e0c      0x1d8 /usr/local/mcuxpressoide-11.9.0_2144/ide/plugins/com.nxp.mcuxpresso.tools.linux_11.9.0.202307121226/tools/bin/../lib/gcc/arm-none-eabi/12.3.1/../../../../arm-none-eabi/lib/thumb/v6-m/nofp/libcr_c.a(_sincos.o)
                0x00005e0c                _sincos
 .text._Cwritebuf
                0x00005fe4       0x68 /usr/local/mcuxpressoide-11.9.0_2144/ide/plugins/com.nxp.mcuxpresso.tools.linux_11.9.0.202307121226/tools/bin/../lib/gcc/arm-none-eabi/12.3.1/../../../../arm-none-eabi/lib/thumb/v6-m/nofp/libcr_c.a(_writebuf.o)
                0x00005fe4                _Cwritebuf
 .text.fclose   0x0000604c       0x5c /usr/local/mcuxpressoide-11.9.0_2144/ide/plugins/com.nxp.mcuxpresso.tools.linux_11.9.0.202307121226/tools/bin/../lib/gcc/arm-none-eabi/12.3.1/../../../../arm-none-eabi/lib/thumb/v6-m/nofp/libcr_c.a(fclose.o)
                0x0000604c                fclose
 .text.fflush   0x000060a8       0x40 /usr/local/mcuxpressoide-11.9.0_2144/ide/plugins/com.nxp.mcuxpresso.tools.linux_11.9.0.202307121226/tools/bin/../lib/gcc/arm-none-eabi/12.3.1/../../../../arm-none-eabi/lib/thumb/v6-m/nofp/libcr_c.a(fflush.o)
                0x000060a8                fflush
 .text.frexp    0x000060e8       0x80 /usr/local/mcuxpressoide-11.9.0_2144/ide/plugins/com.nxp.mcuxpresso.tools.linux_11.9.0.202307121226/tools/bin/../lib/gcc/arm-none-eabi/12.3.1/../../../../arm-none-eabi/lib/thumb/v6-m/nofp/libcr_c.a(frexp.o)
                0x000060e8                frexp
 .text.fseek    0x00006168       0xec /usr/local/mcuxpressoide-11.9.0_2144/ide/plugins/com.nxp.mcuxpresso.tools.linux_11.9.0.202307121226/tools/bin/../lib/gcc/arm-none-eabi/12.3.1/../../../../arm-none-eabi/lib/thumb/v6-m/nofp/libcr_c.a(fseek.o)
                0x00006168                fseek
 .text.ftell    0x00006254       0x4c /usr/local/mcuxpressoide-11.9.0_2144/ide/plugins/com.nxp.mcuxpresso.tools.linux_11.9.0.202307121226/tools/bin/../lib/gcc/arm-none-eabi/12.3.1/../../../../arm-none-eabi/lib/thumb/v6-m/nofp/libcr_c.a(ftell.o)
                0x00006254                ftell
 .text.ldexp    0x000062a0       0x58 /usr/local/mcuxpressoide-11.9.0_2144/ide/plugins/com.nxp.mcuxpresso.tools.linux_11.9.0.202307121226/tools/bin/../lib/gcc/arm-none-eabi/12.3.1/../../../../arm-none-eabi/lib/thumb/v6-m/nofp/libcr_c.a(ldexp.o)
                0x000062a0                ldexp
 .text._do_fflush
                0x000062f8       0x48 /usr/local/mcuxpressoide-11.9.0_2144/ide/plugins/com.nxp.mcuxpresso.tools.linux_11.9.0.202307121226/tools/bin/../lib/gcc/arm-none-eabi/12.3.1/../../../../arm-none-eabi/lib/thumb/v6-m/nofp/libcr_c.a(_do_fflush.o)
                0x000062f8                _do_fflush
 .text.__aeabi_dmul
                0x00006340      0x194 /usr/local/mcuxpressoide-11.9.0_2144/ide/plugins/com.nxp.mcuxpresso.tools.linux_11.9.0.202307121226/tools/bin/../lib/gcc/arm-none-eabi/12.3.1/thumb/v6-m/nofp/libcr_eabihelpers.a(double.o)
                0x00006340                __aeabi_dmul
 .text.__aeabi_ddiv
                0x000064d4      0x164 /usr/local/mcuxpressoide-11.9.0_2144/ide/plugins/com.nxp.mcuxpresso.tools.linux_11.9.0.202307121226/tools/bin/../lib/gcc/arm-none-eabi/12.3.1/thumb/v6-m/nofp/libcr_eabihelpers.a(double.o)
                0x000064d4                __aeabi_ddiv
 .text.__aeabi_dsub
                0x00006638      0x1d4 /usr/local/mcuxpressoide-11.9.0_2144/ide/plugins/com.nxp.mcuxpresso.tools.linux_11.9.0.202307121226/tools/bin/../lib/gcc/arm-none-eabi/12.3.1/thumb/v6-m/nofp/libcr_eabihelpers.a(double.o)
                0x00006638                __aeabi_dsub
 .text.__aeabi_dadd
                0x0000680c      0x150 /usr/local/mcuxpressoide-11.9.0_2144/ide/plugins/com.nxp.mcuxpresso.tools.linux_11.9.0.202307121226/tools/bin/../lib/gcc/arm-none-eabi/12.3.1/thumb/v6-m/nofp/libcr_eabihelpers.a(double.o)
                0x0000680c                __aeabi_dadd
 .text.__aeabi_d2iz
                0x0000695c       0x50 /usr/local/mcuxpressoide-11.9.0_2144/ide/plugins/com.nxp.mcuxpresso.tools.linux_11.9.0.202307121226/tools/bin/../lib/gcc/arm-none-eabi/12.3.1/thumb/v6-m/nofp/libcr_eabihelpers.a(double.o)
                0x0000695c                __aeabi_d2iz
 .text.__aeabi_d2lz
                0x000069ac       0xa0 /usr/local/mcuxpressoide-11.9.0_2144/ide/plugins/com.nxp.mcuxpresso.tools.linux_11.9.0.202307121226/tools/bin/../lib/gcc/arm-none-eabi/12.3.1/thumb/v6-m/nofp/libcr_eabihelpers.a(double.o)
                0x000069ac                __aeabi_d2lz
 .text.__bhs_ul2d
                0x00006a4c       0xac /usr/local/mcuxpressoide-11.9.0_2144/ide/plugins/com.nxp.mcuxpresso.tools.linux_11.9.0.202307121226/tools/bin/../lib/gcc/arm-none-eabi/12.3.1/thumb/v6-m/nofp/libcr_eabihelpers.a(double.o)
                0x00006a4c                __bhs_ul2d
 .text.__aeabi_dcmpeq
                0x00006af8       0x40 /usr/local/mcuxpressoide-11.9.0_2144/ide/plugins/com.nxp.mcuxpresso.tools.linux_11.9.0.202307121226/tools/bin/../lib/gcc/arm-none-eabi/12.3.1/thumb/v6-m/nofp/libcr_eabihelpers.a(double.o)
                0x00006af8                __aeabi_dcmpeq
 .text.__aeabi_dcmplt
                0x00006b38       0x74 /usr/local/mcuxpressoide-11.9.0_2144/ide/plugins/com.nxp.mcuxpresso.tools.linux_11.9.0.202307121226/tools/bin/../lib/gcc/arm-none-eabi/12.3.1/thumb/v6-m/nofp/libcr_eabihelpers.a(double.o)
                0x00006b38                __aeabi_dcmplt
 .text.__aeabi_dcmpgt
                0x00006bac       0x60 /usr/local/mcuxpressoide-11.9.0_2144/ide/plugins/com.nxp.mcuxpresso.tools.linux_11.9.0.202307121226/tools/bin/../lib/gcc/arm-none-eabi/12.3.1/thumb/v6-m/nofp/libcr_eabihelpers.a(double.o)
                0x00006bac                __aeabi_dcmpgt
 .text.__aeabi_dcmple
                0x00006c0c       0x70 /usr/local/mcuxpressoide-11.9.0_2144/ide/plugins/com.nxp.mcuxpresso.tools.linux_11.9.0.202307121226/tools/bin/../lib/gcc/arm-none-eabi/12.3.1/thumb/v6-m/nofp/libcr_eabihelpers.a(double.o)
                0x00006c0c                __aeabi_dcmple
 .text.__aeabi_dcmpge
                0x00006c7c       0x68 /usr/local/mcuxpressoide-11.9.0_2144/ide/plugins/com.nxp.mcuxpresso.tools.linux_11.9.0.202307121226/tools/bin/../lib/gcc/arm-none-eabi/12.3.1/thumb/v6-m/nofp/libcr_eabihelpers.a(double.o)
                0x00006c7c                __aeabi_dcmpge
 .text.__aeabi_fmul
                0x00006ce4       0xd0 /usr/local/mcuxpressoide-11.9.0_2144/ide/plugins/com.nxp.mcuxpresso.tools.linux_11.9.0.202307121226/tools/bin/../lib/gcc/arm-none-eabi/12.3.1/thumb/v6-m/nofp/libcr_eabihelpers.a(float.o)
                0x00006ce4                __aeabi_fmul
 .text.__aeabi_fdiv
                0x00006db4       0xe4 /usr/local/mcuxpressoide-11.9.0_2144/ide/plugins/com.nxp.mcuxpresso.tools.linux_11.9.0.202307121226/tools/bin/../lib/gcc/arm-none-eabi/12.3.1/thumb/v6-m/nofp/libcr_eabihelpers.a(float.o)
                0x00006db4                __aeabi_fdiv
 .text.__aeabi_f2d
                0x00006e98       0x40 /usr/local/mcuxpressoide-11.9.0_2144/ide/plugins/com.nxp.mcuxpresso.tools.linux_11.9.0.202307121226/tools/bin/../lib/gcc/arm-none-eabi/12.3.1/thumb/v6-m/nofp/libcr_eabihelpers.a(float.o)
                0x00006e98                __aeabi_f2d
 .text.DbgConsole_PrintCallback
                0x00006ed8       0x6c ./utilities/fsl_debug_console.o
 .text.DbgConsole_Getchar
                0x00006f44       0x20 ./utilities/fsl_debug_console.o
                0x00006f44                DbgConsole_Getchar
 .text.PrintGetWidth
                0x00006f64       0x7c ./utilities/fsl_str.o
 .text.PrintGetPrecision
                0x00006fe0       0xa0 ./utilities/fsl_str.o
 .text.PrintIsobpu
                0x00007080       0x3e ./utilities/fsl_str.o
 .text.PrintIsdi
                0x000070be       0x2e ./utilities/fsl_str.o
 .text.PrintOutputdifFobpu
                0x000070ec       0x48 ./utilities/fsl_str.o
 .text.PrintOutputxX
                0x00007134       0x48 ./utilities/fsl_str.o
 .text.PrintIsfF
                0x0000717c       0x2e ./utilities/fsl_str.o
 .text.PrintIsxX
                0x000071aa       0x2e ./utilities/fsl_str.o
 .text.PrintGetRadixFromobpu
                0x000071d8       0x58 ./utilities/fsl_str.o
 .text.ConvertRadixNumToString
                0x00007230      0x118 ./utilities/fsl_str.o
 .text.StrFormatPrintf
                0x00007348      0x2ea ./utilities/fsl_str.o
                0x00007348                StrFormatPrintf
 .text.EnableIRQ
                0x00007632       0x30 ./source/PWR_Main.o
 .text.GPIO_PortSet
                0x00007662       0x1a ./source/PWR_Main.o
 .text.GPIO_PortClear
                0x0000767c       0x1a ./source/PWR_Main.o
 .text.SLCD_StartDisplay
                0x00007696       0x1c ./source/PWR_Main.o
 .text.SLCD_SetBackPlanePhase
                0x000076b2       0x26 ./source/PWR_Main.o
 .text.SLCD_SetFrontPlaneSegments
                0x000076d8       0x26 ./source/PWR_Main.o
 .text.SLCD_SetFrontPlaneOnePhase
                0x000076fe       0x84 ./source/PWR_Main.o
 .text.ADC16_EnableHardwareTrigger
                0x00007782       0x3a ./source/PWR_Main.o
 .text.LPTMR_EnableInterrupts
                0x000077bc       0x2e ./source/PWR_Main.o
 .text.LPTMR_ClearStatusFlags
                0x000077ea       0x1e ./source/PWR_Main.o
 .text.LPTMR_StartTimer
                0x00007808       0x2c ./source/PWR_Main.o
 .text.QTMR_StartTimer
                0x00007834       0x48 ./source/PWR_Main.o
 .text.QTMR_StopTimer
                0x0000787c       0x20 ./source/PWR_Main.o
 .text.SLCD_Engine_Init
                0x0000789c       0x18 ./slcd/slcd_engine.o
                0x0000789c                SLCD_Engine_Init
 .text.ADC16_DoAutoCalibration
                0x000078b4       0xf4 ./drivers/fsl_adc16.o
                0x000078b4                ADC16_DoAutoCalibration
 .text.ADC16_SetHardwareAverage
                0x000079a8       0x40 ./drivers/fsl_adc16.o
                0x000079a8                ADC16_SetHardwareAverage
 .text.ADC16_GetStatusFlags
                0x000079e8       0x3a ./drivers/fsl_adc16.o
                0x000079e8                ADC16_GetStatusFlags
 .text.OSC_SetExtRefClkConfig
                0x00007a22       0x3e ./drivers/fsl_clock.o
 .text.OSC_SetCapLoad
                0x00007a60       0x42 ./drivers/fsl_clock.o
 .text.CLOCK_GetFixedFreqClkFreq
                0x00007aa2       0x36 ./drivers/fsl_clock.o
                0x00007aa2                CLOCK_GetFixedFreqClkFreq
 .text.GPIO_PinWrite
                0x00007ad8       0x40 ./drivers/fsl_gpio.o
 .text.QTMR_SetupPwm
                0x00007b18      0x108 ./drivers/fsl_qtmr.o
                0x00007b18                QTMR_SetupPwm
 .text.EnableIRQ
                0x00007c20       0x30 ./drivers/fsl_slcd.o
 .text.UART_GetStatusFlags
                0x00007c50       0x44 ./drivers/fsl_uart.o
                0x00007c50                UART_GetStatusFlags
 .text.UART_WriteBlocking
                0x00007c94       0x4c ./drivers/fsl_uart.o
                0x00007c94                UART_WriteBlocking
 .text.SystemInitHook
                0x00007ce0        0xa ./device/system_MKM35Z7.o
                0x00007ce0                SystemInitHook
 .text.DisableGlobalIRQ
                0x00007cea       0x1e ./component/serial_manager/serial_manager.o
 .text.EnableGlobalIRQ
                0x00007d08       0x1c ./component/serial_manager/serial_manager.o
 .text.SerialManager_WriteBlocking
                0x00007d24       0x22 ./component/serial_manager/serial_manager.o
                0x00007d24                SerialManager_WriteBlocking
 .text.SerialManager_ReadBlocking
                0x00007d46       0x22 ./component/serial_manager/serial_manager.o
                0x00007d46                SerialManager_ReadBlocking
 .text.BOARD_InitDebugConsole
                0x00007d68       0x24 ./board/board.o
                0x00007d68                BOARD_InitDebugConsole
 .text.__main   0x00007d8c        0xc /usr/local/mcuxpressoide-11.9.0_2144/ide/plugins/com.nxp.mcuxpresso.tools.linux_11.9.0.202307121226/tools/bin/../lib/gcc/arm-none-eabi/12.3.1/../../../../arm-none-eabi/lib/thumb/v6-m/nofp/libcr_nohost_nf.a(_cr__main.o)
                0x00007d8c                __main
 .text.memset   0x00007d98        0x8 /usr/local/mcuxpressoide-11.9.0_2144/ide/plugins/com.nxp.mcuxpresso.tools.linux_11.9.0.202307121226/tools/bin/../lib/gcc/arm-none-eabi/12.3.1/../../../../arm-none-eabi/lib/thumb/v6-m/nofp/libcr_c.a(memset.o)
                0x00007d98                memset
 .text.free     0x00007da0       0x2c /usr/local/mcuxpressoide-11.9.0_2144/ide/plugins/com.nxp.mcuxpresso.tools.linux_11.9.0.202307121226/tools/bin/../lib/gcc/arm-none-eabi/12.3.1/../../../../arm-none-eabi/lib/thumb/v6-m/nofp/libcr_c.a(alloc.o)
                0x00007da0                free
 .text.sin      0x00007dcc       0x3e /usr/local/mcuxpressoide-11.9.0_2144/ide/plugins/com.nxp.mcuxpresso.tools.linux_11.9.0.202307121226/tools/bin/../lib/gcc/arm-none-eabi/12.3.1/../../../../arm-none-eabi/lib/thumb/v6-m/nofp/libcr_c.a(sin.o)
                0x00007dcc                sin
 .text.fabs     0x00007e0a       0x20 /usr/local/mcuxpressoide-11.9.0_2144/ide/plugins/com.nxp.mcuxpresso.tools.linux_11.9.0.202307121226/tools/bin/../lib/gcc/arm-none-eabi/12.3.1/../../../../arm-none-eabi/lib/thumb/v6-m/nofp/libcr_c.a(fabs.o)
                0x00007e0a                fabs
 .text.remove   0x00007e2a       0x12 /usr/local/mcuxpressoide-11.9.0_2144/ide/plugins/com.nxp.mcuxpresso.tools.linux_11.9.0.202307121226/tools/bin/../lib/gcc/arm-none-eabi/12.3.1/../../../../arm-none-eabi/lib/thumb/v6-m/nofp/libcr_c.a(remove.o)
                0x00007e2a                remove
 .text.__aeabi_division_idivmod
                0x00007e3c       0x78 /usr/local/mcuxpressoide-11.9.0_2144/ide/plugins/com.nxp.mcuxpresso.tools.linux_11.9.0.202307121226/tools/bin/../lib/gcc/arm-none-eabi/12.3.1/thumb/v6-m/nofp/libcr_eabihelpers.a(division_32.o)
                0x00007e3c                __aeabi_idiv
                0x00007e3c                __aeabi_idivmod
                0x00007e42                __aeabi_uidiv
                0x00007e42                __aeabi_uidivmod
 .text.__aeabi_division_uldivmod
                0x00007eb4       0x5a /usr/local/mcuxpressoide-11.9.0_2144/ide/plugins/com.nxp.mcuxpresso.tools.linux_11.9.0.202307121226/tools/bin/../lib/gcc/arm-none-eabi/12.3.1/thumb/v6-m/nofp/libcr_eabihelpers.a(division_64.o)
                0x00007eb4                __aeabi_uldivmod
 .text.__aeabi_division_idiv0
                0x00007f0e        0x2 /usr/local/mcuxpressoide-11.9.0_2144/ide/plugins/com.nxp.mcuxpresso.tools.linux_11.9.0.202307121226/tools/bin/../lib/gcc/arm-none-eabi/12.3.1/thumb/v6-m/nofp/libcr_eabihelpers.a(division_idiv0.o)
                0x00007f0e                __aeabi_idiv0
 .text.__bhs_ui2d
                0x00007f10       0x5e /usr/local/mcuxpressoide-11.9.0_2144/ide/plugins/com.nxp.mcuxpresso.tools.linux_11.9.0.202307121226/tools/bin/../lib/gcc/arm-none-eabi/12.3.1/thumb/v6-m/nofp/libcr_eabihelpers.a(double.o)
                0x00007f10                __bhs_ui2d
 .text.__aeabi_i2d
                0x00007f6e       0x18 /usr/local/mcuxpressoide-11.9.0_2144/ide/plugins/com.nxp.mcuxpresso.tools.linux_11.9.0.202307121226/tools/bin/../lib/gcc/arm-none-eabi/12.3.1/thumb/v6-m/nofp/libcr_eabihelpers.a(double.o)
                0x00007f6e                __aeabi_i2d
 .text.__aeabi_ui2d
                0x00007f86        0xc /usr/local/mcuxpressoide-11.9.0_2144/ide/plugins/com.nxp.mcuxpresso.tools.linux_11.9.0.202307121226/tools/bin/../lib/gcc/arm-none-eabi/12.3.1/thumb/v6-m/nofp/libcr_eabihelpers.a(double.o)
                0x00007f86                __aeabi_ui2d
 .text.__aeabi_l2d
                0x00007f92       0x24 /usr/local/mcuxpressoide-11.9.0_2144/ide/plugins/com.nxp.mcuxpresso.tools.linux_11.9.0.202307121226/tools/bin/../lib/gcc/arm-none-eabi/12.3.1/thumb/v6-m/nofp/libcr_eabihelpers.a(double.o)
                0x00007f92                __aeabi_l2d
 .text.__aeabi_f2uiz
                0x00007fb6       0x2a /usr/local/mcuxpressoide-11.9.0_2144/ide/plugins/com.nxp.mcuxpresso.tools.linux_11.9.0.202307121226/tools/bin/../lib/gcc/arm-none-eabi/12.3.1/thumb/v6-m/nofp/libcr_eabihelpers.a(float.o)
                0x00007fb6                __aeabi_f2uiz
 .text.__bhs_ui2f
                0x00007fe0       0x60 /usr/local/mcuxpressoide-11.9.0_2144/ide/plugins/com.nxp.mcuxpresso.tools.linux_11.9.0.202307121226/tools/bin/../lib/gcc/arm-none-eabi/12.3.1/thumb/v6-m/nofp/libcr_eabihelpers.a(float.o)
                0x00007fe0                __bhs_ui2f
 .text.__aeabi_ui2f
                0x00008040        0xc /usr/local/mcuxpressoide-11.9.0_2144/ide/plugins/com.nxp.mcuxpresso.tools.linux_11.9.0.202307121226/tools/bin/../lib/gcc/arm-none-eabi/12.3.1/thumb/v6-m/nofp/libcr_eabihelpers.a(float.o)
                0x00008040                __aeabi_ui2f
 .text.__aeabi_llong_lmul
                0x0000804c       0x2e /usr/local/mcuxpressoide-11.9.0_2144/ide/plugins/com.nxp.mcuxpresso.tools.linux_11.9.0.202307121226/tools/bin/../lib/gcc/arm-none-eabi/12.3.1/thumb/v6-m/nofp/libcr_eabihelpers.a(llong.o)
                0x0000804c                __aeabi_lmul
 .text.__aeabi_memset_lowlevel
                0x0000807a       0x2a /usr/local/mcuxpressoide-11.9.0_2144/ide/plugins/com.nxp.mcuxpresso.tools.linux_11.9.0.202307121226/tools/bin/../lib/gcc/arm-none-eabi/12.3.1/thumb/v6-m/nofp/libcr_eabihelpers.a(memcpy.o)
                0x0000807a                __aeabi_lowlevel_memset
 .text.__sys_close
                0x000080a4        0x6 /usr/local/mcuxpressoide-11.9.0_2144/ide/plugins/com.nxp.mcuxpresso.tools.linux_11.9.0.202307121226/tools/bin/../lib/gcc/arm-none-eabi/12.3.1/../../../../arm-none-eabi/lib/thumb/v6-m/nofp/libcr_nohost_nf.a(__sys_close.o)
                0x000080a4                __sys_close
 .text.__sys_flen
                0x000080aa        0x6 /usr/local/mcuxpressoide-11.9.0_2144/ide/plugins/com.nxp.mcuxpresso.tools.linux_11.9.0.202307121226/tools/bin/../lib/gcc/arm-none-eabi/12.3.1/../../../../arm-none-eabi/lib/thumb/v6-m/nofp/libcr_nohost_nf.a(__sys_flen.o)
                0x000080aa                __sys_flen
 .text.__sys_istty
                0x000080b0        0x6 /usr/local/mcuxpressoide-11.9.0_2144/ide/plugins/com.nxp.mcuxpresso.tools.linux_11.9.0.202307121226/tools/bin/../lib/gcc/arm-none-eabi/12.3.1/../../../../arm-none-eabi/lib/thumb/v6-m/nofp/libcr_nohost_nf.a(__sys_istty.o)
                0x000080b0                __sys_istty
 .text.__sys_remove
                0x000080b6        0x6 /usr/local/mcuxpressoide-11.9.0_2144/ide/plugins/com.nxp.mcuxpresso.tools.linux_11.9.0.202307121226/tools/bin/../lib/gcc/arm-none-eabi/12.3.1/../../../../arm-none-eabi/lib/thumb/v6-m/nofp/libcr_nohost_nf.a(__sys_remove.o)
                0x000080b6                __sys_remove
 .text.__sys_seek
                0x000080bc        0x6 /usr/local/mcuxpressoide-11.9.0_2144/ide/plugins/com.nxp.mcuxpresso.tools.linux_11.9.0.202307121226/tools/bin/../lib/gcc/arm-none-eabi/12.3.1/../../../../arm-none-eabi/lib/thumb/v6-m/nofp/libcr_nohost_nf.a(__sys_seek.o)
                0x000080bc                __sys_seek
 .text.__sys_tmpnam
                0x000080c2        0x6 /usr/local/mcuxpressoide-11.9.0_2144/ide/plugins/com.nxp.mcuxpresso.tools.linux_11.9.0.202307121226/tools/bin/../lib/gcc/arm-none-eabi/12.3.1/../../../../arm-none-eabi/lib/thumb/v6-m/nofp/libcr_nohost_nf.a(__sys_tmpnam.o)
                0x000080c2                __sys_tmpnam
 .text.__sys_write
                0x000080c8        0x4 /usr/local/mcuxpressoide-11.9.0_2144/ide/plugins/com.nxp.mcuxpresso.tools.linux_11.9.0.202307121226/tools/bin/../lib/gcc/arm-none-eabi/12.3.1/../../../../arm-none-eabi/lib/thumb/v6-m/nofp/libcr_nohost_nf.a(__sys_write.o)
                0x000080c8                __sys_write
 *(SORT_BY_ALIGNMENT(.rodata) SORT_BY_ALIGNMENT(.rodata.*) SORT_BY_ALIGNMENT(.constdata) SORT_BY_ALIGNMENT(.constdata.*))
 *fill*         0x000080cc        0x4 ff
 .rodata.a2.0   0x000080d0       0x40 /usr/local/mcuxpressoide-11.9.0_2144/ide/plugins/com.nxp.mcuxpresso.tools.linux_11.9.0.202307121226/tools/bin/../lib/gcc/arm-none-eabi/12.3.1/../../../../arm-none-eabi/lib/thumb/v6-m/nofp/libcr_c.a(pow.o)
 .rodata.a1.1   0x00008110       0x88 /usr/local/mcuxpressoide-11.9.0_2144/ide/plugins/com.nxp.mcuxpresso.tools.linux_11.9.0.202307121226/tools/bin/../lib/gcc/arm-none-eabi/12.3.1/../../../../arm-none-eabi/lib/thumb/v6-m/nofp/libcr_c.a(pow.o)
 .rodata.__assertion_failed.str1.4
                0x00008198       0x14 ./utilities/fsl_assert.o
 .rodata.DbgConsole_SendDataReliable.str1.4
                0x000081ac       0x4d ./utilities/fsl_debug_console.o
 *fill*         0x000081f9        0x3 ff
 .rodata.DbgConsole_ReadCharacter.str1.4
                0x000081fc       0x1d ./utilities/fsl_debug_console.o
 *fill*         0x00008219        0x3 ff
 .rodata.DbgConsole_Init.str1.4
                0x0000821c       0xca ./utilities/fsl_debug_console.o
 *fill*         0x000082e6        0x2 ff
 .rodata.ADC16_GetChannelConversionValue.str1.4
                0x000082e8       0x81 ./source/PWR_Main.o
 *fill*         0x00008369        0x3 ff
 .rodata.LPTMR_SetTimerPeriod.str1.4
                0x0000836c       0x48 ./source/PWR_Main.o
 .rodata.PTx_IRQHandler.str1.4
                0x000083b4       0x2f ./source/PWR_Main.o
                                 0x3b (size before relaxing)
 *fill*         0x000083e3        0x1 ff
 .rodata.SLCD_SetLCDPin.str1.4
                0x000083e4       0x1d ./source/PWR_Main.o
 *fill*         0x00008401        0x3 ff
 .rodata.Process_HostCommand.str1.4
                0x00008404       0x46 ./source/PWR_Main.o
 *fill*         0x0000844a        0x2 ff
 .rodata.Process_HostCommand
                0x0000844c       0x5c ./source/PWR_Main.o
 .rodata.SLCD_NumPos1_Num0
                0x000084a8        0x4 ./slcd/GDH-1247WP.o
                0x000084a8                SLCD_NumPos1_Num0
 .rodata.SLCD_NumPos1_Num1
                0x000084ac        0x4 ./slcd/GDH-1247WP.o
                0x000084ac                SLCD_NumPos1_Num1
 .rodata.SLCD_NumPos1_Num2
                0x000084b0        0x4 ./slcd/GDH-1247WP.o
                0x000084b0                SLCD_NumPos1_Num2
 .rodata.SLCD_NumPos1_Num3
                0x000084b4        0x4 ./slcd/GDH-1247WP.o
                0x000084b4                SLCD_NumPos1_Num3
 .rodata.SLCD_NumPos1_Num4
                0x000084b8        0x4 ./slcd/GDH-1247WP.o
                0x000084b8                SLCD_NumPos1_Num4
 .rodata.SLCD_NumPos1_Num5
                0x000084bc        0x4 ./slcd/GDH-1247WP.o
                0x000084bc                SLCD_NumPos1_Num5
 .rodata.SLCD_NumPos1_Num6
                0x000084c0        0x4 ./slcd/GDH-1247WP.o
                0x000084c0                SLCD_NumPos1_Num6
 .rodata.SLCD_NumPos1_Num7
                0x000084c4        0x4 ./slcd/GDH-1247WP.o
                0x000084c4                SLCD_NumPos1_Num7
 .rodata.SLCD_NumPos1_Num8
                0x000084c8        0x4 ./slcd/GDH-1247WP.o
                0x000084c8                SLCD_NumPos1_Num8
 .rodata.SLCD_NumPos1_Num9
                0x000084cc        0x4 ./slcd/GDH-1247WP.o
                0x000084cc                SLCD_NumPos1_Num9
 .rodata.SLCD_NumPos2_Num0
                0x000084d0        0x4 ./slcd/GDH-1247WP.o
                0x000084d0                SLCD_NumPos2_Num0
 .rodata.SLCD_NumPos2_Num1
                0x000084d4        0x4 ./slcd/GDH-1247WP.o
                0x000084d4                SLCD_NumPos2_Num1
 .rodata.SLCD_NumPos2_Num2
                0x000084d8        0x4 ./slcd/GDH-1247WP.o
                0x000084d8                SLCD_NumPos2_Num2
 .rodata.SLCD_NumPos2_Num3
                0x000084dc        0x4 ./slcd/GDH-1247WP.o
                0x000084dc                SLCD_NumPos2_Num3
 .rodata.SLCD_NumPos2_Num4
                0x000084e0        0x4 ./slcd/GDH-1247WP.o
                0x000084e0                SLCD_NumPos2_Num4
 .rodata.SLCD_NumPos2_Num5
                0x000084e4        0x4 ./slcd/GDH-1247WP.o
                0x000084e4                SLCD_NumPos2_Num5
 .rodata.SLCD_NumPos2_Num6
                0x000084e8        0x4 ./slcd/GDH-1247WP.o
                0x000084e8                SLCD_NumPos2_Num6
 .rodata.SLCD_NumPos2_Num7
                0x000084ec        0x4 ./slcd/GDH-1247WP.o
                0x000084ec                SLCD_NumPos2_Num7
 .rodata.SLCD_NumPos2_Num8
                0x000084f0        0x4 ./slcd/GDH-1247WP.o
                0x000084f0                SLCD_NumPos2_Num8
 .rodata.SLCD_NumPos2_Num9
                0x000084f4        0x4 ./slcd/GDH-1247WP.o
                0x000084f4                SLCD_NumPos2_Num9
 .rodata.SLCD_NumPos3_Num0
                0x000084f8        0x4 ./slcd/GDH-1247WP.o
                0x000084f8                SLCD_NumPos3_Num0
 .rodata.SLCD_NumPos3_Num1
                0x000084fc        0x4 ./slcd/GDH-1247WP.o
                0x000084fc                SLCD_NumPos3_Num1
 .rodata.SLCD_NumPos3_Num2
                0x00008500        0x4 ./slcd/GDH-1247WP.o
                0x00008500                SLCD_NumPos3_Num2
 .rodata.SLCD_NumPos3_Num3
                0x00008504        0x4 ./slcd/GDH-1247WP.o
                0x00008504                SLCD_NumPos3_Num3
 .rodata.SLCD_NumPos3_Num4
                0x00008508        0x4 ./slcd/GDH-1247WP.o
                0x00008508                SLCD_NumPos3_Num4
 .rodata.SLCD_NumPos3_Num5
                0x0000850c        0x4 ./slcd/GDH-1247WP.o
                0x0000850c                SLCD_NumPos3_Num5
 .rodata.SLCD_NumPos3_Num6
                0x00008510        0x4 ./slcd/GDH-1247WP.o
                0x00008510                SLCD_NumPos3_Num6
 .rodata.SLCD_NumPos3_Num7
                0x00008514        0x4 ./slcd/GDH-1247WP.o
                0x00008514                SLCD_NumPos3_Num7
 .rodata.SLCD_NumPos3_Num8
                0x00008518        0x4 ./slcd/GDH-1247WP.o
                0x00008518                SLCD_NumPos3_Num8
 .rodata.SLCD_NumPos3_Num9
                0x0000851c        0x4 ./slcd/GDH-1247WP.o
                0x0000851c                SLCD_NumPos3_Num9
 .rodata.SLCD_NumPos4_Num0
                0x00008520        0x4 ./slcd/GDH-1247WP.o
                0x00008520                SLCD_NumPos4_Num0
 .rodata.SLCD_NumPos4_Num1
                0x00008524        0x4 ./slcd/GDH-1247WP.o
                0x00008524                SLCD_NumPos4_Num1
 .rodata.SLCD_NumPos4_Num2
                0x00008528        0x4 ./slcd/GDH-1247WP.o
                0x00008528                SLCD_NumPos4_Num2
 .rodata.SLCD_NumPos4_Num3
                0x0000852c        0x4 ./slcd/GDH-1247WP.o
                0x0000852c                SLCD_NumPos4_Num3
 .rodata.SLCD_NumPos4_Num4
                0x00008530        0x4 ./slcd/GDH-1247WP.o
                0x00008530                SLCD_NumPos4_Num4
 .rodata.SLCD_NumPos4_Num5
                0x00008534        0x4 ./slcd/GDH-1247WP.o
                0x00008534                SLCD_NumPos4_Num5
 .rodata.SLCD_NumPos4_Num6
                0x00008538        0x4 ./slcd/GDH-1247WP.o
                0x00008538                SLCD_NumPos4_Num6
 .rodata.SLCD_NumPos4_Num7
                0x0000853c        0x4 ./slcd/GDH-1247WP.o
                0x0000853c                SLCD_NumPos4_Num7
 .rodata.SLCD_NumPos4_Num8
                0x00008540        0x4 ./slcd/GDH-1247WP.o
                0x00008540                SLCD_NumPos4_Num8
 .rodata.SLCD_NumPos4_Num9
                0x00008544        0x4 ./slcd/GDH-1247WP.o
                0x00008544                SLCD_NumPos4_Num9
 .rodata.SLCD_NumPos5_Num0
                0x00008548        0x4 ./slcd/GDH-1247WP.o
                0x00008548                SLCD_NumPos5_Num0
 .rodata.SLCD_NumPos5_Num1
                0x0000854c        0x4 ./slcd/GDH-1247WP.o
                0x0000854c                SLCD_NumPos5_Num1
 .rodata.SLCD_NumPos5_Num2
                0x00008550        0x4 ./slcd/GDH-1247WP.o
                0x00008550                SLCD_NumPos5_Num2
 .rodata.SLCD_NumPos5_Num3
                0x00008554        0x4 ./slcd/GDH-1247WP.o
                0x00008554                SLCD_NumPos5_Num3
 .rodata.SLCD_NumPos5_Num4
                0x00008558        0x4 ./slcd/GDH-1247WP.o
                0x00008558                SLCD_NumPos5_Num4
 .rodata.SLCD_NumPos5_Num5
                0x0000855c        0x4 ./slcd/GDH-1247WP.o
                0x0000855c                SLCD_NumPos5_Num5
 .rodata.SLCD_NumPos5_Num6
                0x00008560        0x4 ./slcd/GDH-1247WP.o
                0x00008560                SLCD_NumPos5_Num6
 .rodata.SLCD_NumPos5_Num7
                0x00008564        0x4 ./slcd/GDH-1247WP.o
                0x00008564                SLCD_NumPos5_Num7
 .rodata.SLCD_NumPos5_Num8
                0x00008568        0x4 ./slcd/GDH-1247WP.o
                0x00008568                SLCD_NumPos5_Num8
 .rodata.SLCD_NumPos5_Num9
                0x0000856c        0x4 ./slcd/GDH-1247WP.o
                0x0000856c                SLCD_NumPos5_Num9
 .rodata.SLCD_NumPos6_Num0
                0x00008570        0x4 ./slcd/GDH-1247WP.o
                0x00008570                SLCD_NumPos6_Num0
 .rodata.SLCD_NumPos6_Num1
                0x00008574        0x4 ./slcd/GDH-1247WP.o
                0x00008574                SLCD_NumPos6_Num1
 .rodata.SLCD_NumPos6_Num2
                0x00008578        0x4 ./slcd/GDH-1247WP.o
                0x00008578                SLCD_NumPos6_Num2
 .rodata.SLCD_NumPos6_Num3
                0x0000857c        0x4 ./slcd/GDH-1247WP.o
                0x0000857c                SLCD_NumPos6_Num3
 .rodata.SLCD_NumPos6_Num4
                0x00008580        0x4 ./slcd/GDH-1247WP.o
                0x00008580                SLCD_NumPos6_Num4
 .rodata.SLCD_NumPos6_Num5
                0x00008584        0x4 ./slcd/GDH-1247WP.o
                0x00008584                SLCD_NumPos6_Num5
 .rodata.SLCD_NumPos6_Num6
                0x00008588        0x4 ./slcd/GDH-1247WP.o
                0x00008588                SLCD_NumPos6_Num6
 .rodata.SLCD_NumPos6_Num7
                0x0000858c        0x4 ./slcd/GDH-1247WP.o
                0x0000858c                SLCD_NumPos6_Num7
 .rodata.SLCD_NumPos6_Num8
                0x00008590        0x4 ./slcd/GDH-1247WP.o
                0x00008590                SLCD_NumPos6_Num8
 .rodata.SLCD_NumPos6_Num9
                0x00008594        0x4 ./slcd/GDH-1247WP.o
                0x00008594                SLCD_NumPos6_Num9
 .rodata.SLCD_NumPos7_Num0
                0x00008598        0x4 ./slcd/GDH-1247WP.o
                0x00008598                SLCD_NumPos7_Num0
 .rodata.SLCD_NumPos7_Num1
                0x0000859c        0x4 ./slcd/GDH-1247WP.o
                0x0000859c                SLCD_NumPos7_Num1
 .rodata.SLCD_NumPos7_Num2
                0x000085a0        0x4 ./slcd/GDH-1247WP.o
                0x000085a0                SLCD_NumPos7_Num2
 .rodata.SLCD_NumPos7_Num3
                0x000085a4        0x4 ./slcd/GDH-1247WP.o
                0x000085a4                SLCD_NumPos7_Num3
 .rodata.SLCD_NumPos7_Num4
                0x000085a8        0x4 ./slcd/GDH-1247WP.o
                0x000085a8                SLCD_NumPos7_Num4
 .rodata.SLCD_NumPos7_Num5
                0x000085ac        0x4 ./slcd/GDH-1247WP.o
                0x000085ac                SLCD_NumPos7_Num5
 .rodata.SLCD_NumPos7_Num6
                0x000085b0        0x4 ./slcd/GDH-1247WP.o
                0x000085b0                SLCD_NumPos7_Num6
 .rodata.SLCD_NumPos7_Num7
                0x000085b4        0x4 ./slcd/GDH-1247WP.o
                0x000085b4                SLCD_NumPos7_Num7
 .rodata.SLCD_NumPos7_Num8
                0x000085b8        0x4 ./slcd/GDH-1247WP.o
                0x000085b8                SLCD_NumPos7_Num8
 .rodata.SLCD_NumPos7_Num9
                0x000085bc        0x4 ./slcd/GDH-1247WP.o
                0x000085bc                SLCD_NumPos7_Num9
 .rodata.SLCD_NumPos8_Num0
                0x000085c0        0x4 ./slcd/GDH-1247WP.o
                0x000085c0                SLCD_NumPos8_Num0
 .rodata.SLCD_NumPos8_Num1
                0x000085c4        0x4 ./slcd/GDH-1247WP.o
                0x000085c4                SLCD_NumPos8_Num1
 .rodata.SLCD_NumPos8_Num2
                0x000085c8        0x4 ./slcd/GDH-1247WP.o
                0x000085c8                SLCD_NumPos8_Num2
 .rodata.SLCD_NumPos8_Num3
                0x000085cc        0x4 ./slcd/GDH-1247WP.o
                0x000085cc                SLCD_NumPos8_Num3
 .rodata.SLCD_NumPos8_Num4
                0x000085d0        0x4 ./slcd/GDH-1247WP.o
                0x000085d0                SLCD_NumPos8_Num4
 .rodata.SLCD_NumPos8_Num5
                0x000085d4        0x4 ./slcd/GDH-1247WP.o
                0x000085d4                SLCD_NumPos8_Num5
 .rodata.SLCD_NumPos8_Num6
                0x000085d8        0x4 ./slcd/GDH-1247WP.o
                0x000085d8                SLCD_NumPos8_Num6
 .rodata.SLCD_NumPos8_Num7
                0x000085dc        0x4 ./slcd/GDH-1247WP.o
                0x000085dc                SLCD_NumPos8_Num7
 .rodata.SLCD_NumPos8_Num8
                0x000085e0        0x4 ./slcd/GDH-1247WP.o
                0x000085e0                SLCD_NumPos8_Num8
 .rodata.SLCD_NumPos8_Num9
                0x000085e4        0x4 ./slcd/GDH-1247WP.o
                0x000085e4                SLCD_NumPos8_Num9
 .rodata.SLCD_NumPos9_Num0
                0x000085e8        0x4 ./slcd/GDH-1247WP.o
                0x000085e8                SLCD_NumPos9_Num0
 .rodata.SLCD_NumPos9_Num1
                0x000085ec        0x4 ./slcd/GDH-1247WP.o
                0x000085ec                SLCD_NumPos9_Num1
 .rodata.SLCD_NumPos9_Num2
                0x000085f0        0x4 ./slcd/GDH-1247WP.o
                0x000085f0                SLCD_NumPos9_Num2
 .rodata.SLCD_NumPos9_Num3
                0x000085f4        0x4 ./slcd/GDH-1247WP.o
                0x000085f4                SLCD_NumPos9_Num3
 .rodata.SLCD_NumPos9_Num4
                0x000085f8        0x4 ./slcd/GDH-1247WP.o
                0x000085f8                SLCD_NumPos9_Num4
 .rodata.SLCD_NumPos9_Num5
                0x000085fc        0x4 ./slcd/GDH-1247WP.o
                0x000085fc                SLCD_NumPos9_Num5
 .rodata.SLCD_NumPos9_Num6
                0x00008600        0x4 ./slcd/GDH-1247WP.o
                0x00008600                SLCD_NumPos9_Num6
 .rodata.SLCD_NumPos9_Num7
                0x00008604        0x4 ./slcd/GDH-1247WP.o
                0x00008604                SLCD_NumPos9_Num7
 .rodata.SLCD_NumPos9_Num8
                0x00008608        0x4 ./slcd/GDH-1247WP.o
                0x00008608                SLCD_NumPos9_Num8
 .rodata.SLCD_NumPos9_Num9
                0x0000860c        0x4 ./slcd/GDH-1247WP.o
                0x0000860c                SLCD_NumPos9_Num9
 .rodata.SLCD_NumPos10_Num0
                0x00008610        0x4 ./slcd/GDH-1247WP.o
                0x00008610                SLCD_NumPos10_Num0
 .rodata.SLCD_NumPos10_Num1
                0x00008614        0x4 ./slcd/GDH-1247WP.o
                0x00008614                SLCD_NumPos10_Num1
 .rodata.SLCD_NumPos10_Num2
                0x00008618        0x4 ./slcd/GDH-1247WP.o
                0x00008618                SLCD_NumPos10_Num2
 .rodata.SLCD_NumPos10_Num3
                0x0000861c        0x4 ./slcd/GDH-1247WP.o
                0x0000861c                SLCD_NumPos10_Num3
 .rodata.SLCD_NumPos10_Num4
                0x00008620        0x4 ./slcd/GDH-1247WP.o
                0x00008620                SLCD_NumPos10_Num4
 .rodata.SLCD_NumPos10_Num5
                0x00008624        0x4 ./slcd/GDH-1247WP.o
                0x00008624                SLCD_NumPos10_Num5
 .rodata.SLCD_NumPos10_Num6
                0x00008628        0x4 ./slcd/GDH-1247WP.o
                0x00008628                SLCD_NumPos10_Num6
 .rodata.SLCD_NumPos10_Num7
                0x0000862c        0x4 ./slcd/GDH-1247WP.o
                0x0000862c                SLCD_NumPos10_Num7
 .rodata.SLCD_NumPos10_Num8
                0x00008630        0x4 ./slcd/GDH-1247WP.o
                0x00008630                SLCD_NumPos10_Num8
 .rodata.SLCD_NumPos10_Num9
                0x00008634        0x4 ./slcd/GDH-1247WP.o
                0x00008634                SLCD_NumPos10_Num9
 .rodata.SLCD_NumPos11_Num0
                0x00008638        0x4 ./slcd/GDH-1247WP.o
                0x00008638                SLCD_NumPos11_Num0
 .rodata.SLCD_NumPos11_Num1
                0x0000863c        0x4 ./slcd/GDH-1247WP.o
                0x0000863c                SLCD_NumPos11_Num1
 .rodata.SLCD_NumPos11_Num2
                0x00008640        0x4 ./slcd/GDH-1247WP.o
                0x00008640                SLCD_NumPos11_Num2
 .rodata.SLCD_NumPos11_Num3
                0x00008644        0x4 ./slcd/GDH-1247WP.o
                0x00008644                SLCD_NumPos11_Num3
 .rodata.SLCD_NumPos11_Num4
                0x00008648        0x4 ./slcd/GDH-1247WP.o
                0x00008648                SLCD_NumPos11_Num4
 .rodata.SLCD_NumPos11_Num5
                0x0000864c        0x4 ./slcd/GDH-1247WP.o
                0x0000864c                SLCD_NumPos11_Num5
 .rodata.SLCD_NumPos11_Num6
                0x00008650        0x4 ./slcd/GDH-1247WP.o
                0x00008650                SLCD_NumPos11_Num6
 .rodata.SLCD_NumPos11_Num7
                0x00008654        0x4 ./slcd/GDH-1247WP.o
                0x00008654                SLCD_NumPos11_Num7
 .rodata.SLCD_NumPos11_Num8
                0x00008658        0x4 ./slcd/GDH-1247WP.o
                0x00008658                SLCD_NumPos11_Num8
 .rodata.SLCD_NumPos11_Num9
                0x0000865c        0x4 ./slcd/GDH-1247WP.o
                0x0000865c                SLCD_NumPos11_Num9
 .rodata.SLCD_NumPos12_Num0
                0x00008660        0x4 ./slcd/GDH-1247WP.o
                0x00008660                SLCD_NumPos12_Num0
 .rodata.SLCD_NumPos12_Num1
                0x00008664        0x4 ./slcd/GDH-1247WP.o
                0x00008664                SLCD_NumPos12_Num1
 .rodata.SLCD_NumPos12_Num2
                0x00008668        0x4 ./slcd/GDH-1247WP.o
                0x00008668                SLCD_NumPos12_Num2
 .rodata.SLCD_NumPos12_Num3
                0x0000866c        0x4 ./slcd/GDH-1247WP.o
                0x0000866c                SLCD_NumPos12_Num3
 .rodata.SLCD_NumPos12_Num4
                0x00008670        0x4 ./slcd/GDH-1247WP.o
                0x00008670                SLCD_NumPos12_Num4
 .rodata.SLCD_NumPos12_Num5
                0x00008674        0x4 ./slcd/GDH-1247WP.o
                0x00008674                SLCD_NumPos12_Num5
 .rodata.SLCD_NumPos12_Num6
                0x00008678        0x4 ./slcd/GDH-1247WP.o
                0x00008678                SLCD_NumPos12_Num6
 .rodata.SLCD_NumPos12_Num7
                0x0000867c        0x4 ./slcd/GDH-1247WP.o
                0x0000867c                SLCD_NumPos12_Num7
 .rodata.SLCD_NumPos12_Num8
                0x00008680        0x4 ./slcd/GDH-1247WP.o
                0x00008680                SLCD_NumPos12_Num8
 .rodata.SLCD_NumPos12_Num9
                0x00008684        0x4 ./slcd/GDH-1247WP.o
                0x00008684                SLCD_NumPos12_Num9
 .rodata.SLCD_NumPos13_Num0
                0x00008688        0x4 ./slcd/GDH-1247WP.o
                0x00008688                SLCD_NumPos13_Num0
 .rodata.SLCD_NumPos13_Num1
                0x0000868c        0x4 ./slcd/GDH-1247WP.o
                0x0000868c                SLCD_NumPos13_Num1
 .rodata.SLCD_NumPos13_Num2
                0x00008690        0x4 ./slcd/GDH-1247WP.o
                0x00008690                SLCD_NumPos13_Num2
 .rodata.SLCD_NumPos13_Num3
                0x00008694        0x4 ./slcd/GDH-1247WP.o
                0x00008694                SLCD_NumPos13_Num3
 .rodata.SLCD_NumPos13_Num4
                0x00008698        0x4 ./slcd/GDH-1247WP.o
                0x00008698                SLCD_NumPos13_Num4
 .rodata.SLCD_NumPos13_Num5
                0x0000869c        0x4 ./slcd/GDH-1247WP.o
                0x0000869c                SLCD_NumPos13_Num5
 .rodata.SLCD_NumPos13_Num6
                0x000086a0        0x4 ./slcd/GDH-1247WP.o
                0x000086a0                SLCD_NumPos13_Num6
 .rodata.SLCD_NumPos13_Num7
                0x000086a4        0x4 ./slcd/GDH-1247WP.o
                0x000086a4                SLCD_NumPos13_Num7
 .rodata.SLCD_NumPos13_Num8
                0x000086a8        0x4 ./slcd/GDH-1247WP.o
                0x000086a8                SLCD_NumPos13_Num8
 .rodata.SLCD_NumPos13_Num9
                0x000086ac        0x4 ./slcd/GDH-1247WP.o
                0x000086ac                SLCD_NumPos13_Num9
 .rodata.SLCD_NumPos14_Num0
                0x000086b0        0x4 ./slcd/GDH-1247WP.o
                0x000086b0                SLCD_NumPos14_Num0
 .rodata.SLCD_NumPos14_Num1
                0x000086b4        0x4 ./slcd/GDH-1247WP.o
                0x000086b4                SLCD_NumPos14_Num1
 .rodata.SLCD_NumPos14_Num2
                0x000086b8        0x4 ./slcd/GDH-1247WP.o
                0x000086b8                SLCD_NumPos14_Num2
 .rodata.SLCD_NumPos14_Num3
                0x000086bc        0x4 ./slcd/GDH-1247WP.o
                0x000086bc                SLCD_NumPos14_Num3
 .rodata.SLCD_NumPos14_Num4
                0x000086c0        0x4 ./slcd/GDH-1247WP.o
                0x000086c0                SLCD_NumPos14_Num4
 .rodata.SLCD_NumPos14_Num5
                0x000086c4        0x4 ./slcd/GDH-1247WP.o
                0x000086c4                SLCD_NumPos14_Num5
 .rodata.SLCD_NumPos14_Num6
                0x000086c8        0x4 ./slcd/GDH-1247WP.o
                0x000086c8                SLCD_NumPos14_Num6
 .rodata.SLCD_NumPos14_Num7
                0x000086cc        0x4 ./slcd/GDH-1247WP.o
                0x000086cc                SLCD_NumPos14_Num7
 .rodata.SLCD_NumPos14_Num8
                0x000086d0        0x4 ./slcd/GDH-1247WP.o
                0x000086d0                SLCD_NumPos14_Num8
 .rodata.SLCD_NumPos14_Num9
                0x000086d4        0x4 ./slcd/GDH-1247WP.o
                0x000086d4                SLCD_NumPos14_Num9
 .rodata.SLCD_NumPos15_Num0
                0x000086d8        0x4 ./slcd/GDH-1247WP.o
                0x000086d8                SLCD_NumPos15_Num0
 .rodata.SLCD_NumPos15_Num1
                0x000086dc        0x4 ./slcd/GDH-1247WP.o
                0x000086dc                SLCD_NumPos15_Num1
 .rodata.SLCD_NumPos15_Num2
                0x000086e0        0x4 ./slcd/GDH-1247WP.o
                0x000086e0                SLCD_NumPos15_Num2
 .rodata.SLCD_NumPos15_Num3
                0x000086e4        0x4 ./slcd/GDH-1247WP.o
                0x000086e4                SLCD_NumPos15_Num3
 .rodata.SLCD_NumPos15_Num4
                0x000086e8        0x4 ./slcd/GDH-1247WP.o
                0x000086e8                SLCD_NumPos15_Num4
 .rodata.SLCD_NumPos15_Num5
                0x000086ec        0x4 ./slcd/GDH-1247WP.o
                0x000086ec                SLCD_NumPos15_Num5
 .rodata.SLCD_NumPos15_Num6
                0x000086f0        0x4 ./slcd/GDH-1247WP.o
                0x000086f0                SLCD_NumPos15_Num6
 .rodata.SLCD_NumPos15_Num7
                0x000086f4        0x4 ./slcd/GDH-1247WP.o
                0x000086f4                SLCD_NumPos15_Num7
 .rodata.SLCD_NumPos15_Num8
                0x000086f8        0x4 ./slcd/GDH-1247WP.o
                0x000086f8                SLCD_NumPos15_Num8
 .rodata.SLCD_NumPos15_Num9
                0x000086fc        0x4 ./slcd/GDH-1247WP.o
                0x000086fc                SLCD_NumPos15_Num9
 .rodata.SLCD_Icon
                0x00008700      0x140 ./slcd/GDH-1247WP.o
                0x00008700                SLCD_Icon
 .rodata.ADC16_GetInstance.str1.4
                0x00008840       0x35 ./drivers/fsl_adc16.o
 *fill*         0x00008875        0x3 ff
 .rodata.ADC16_Init.str1.4
                0x00008878       0x20 ./drivers/fsl_adc16.o
 .rodata.ADC16_GetDefaultConfig.str1.4
                0x00008898       0x21 ./drivers/fsl_adc16.o
 *fill*         0x000088b9        0x3 ff
 .rodata.ADC16_SetChannelConfig.str1.4
                0x000088bc       0x51 ./drivers/fsl_adc16.o
 *fill*         0x0000890d        0x3 ff
 .rodata.ADC16_GetChannelStatusFlags.str1.4
                0x00008910       0x2f ./drivers/fsl_adc16.o
 *fill*         0x0000893f        0x1 ff
 .rodata.CLOCK_GetMcgExtClkFreq.str1.4
                0x00008940       0x49 ./drivers/fsl_clock.o
 *fill*         0x00008989        0x3 ff
 .rodata.CLOCK_GetPll0RefFreq.str1.4
                0x0000898c       0x25 ./drivers/fsl_clock.o
 *fill*         0x000089b1        0x3 ff
 .rodata.CLOCK_GetOsc0ErClkFreq.str1.4
                0x000089b4       0x1e ./drivers/fsl_clock.o
 *fill*         0x000089d2        0x2 ff
 .rodata.CLOCK_GetEr32kClkFreq.str1.4
                0x000089d4       0x1f ./drivers/fsl_clock.o
 *fill*         0x000089f3        0x1 ff
 .rodata.CLOCK_GetFreq
                0x000089f4       0x38 ./drivers/fsl_clock.o
 .rodata.CLOCK_GetPll0Freq.str1.4
                0x00008a2c       0x1d ./drivers/fsl_clock.o
 *fill*         0x00008a49        0x3 ff
 .rodata.fllFactorTable.1
                0x00008a4c       0x10 ./drivers/fsl_clock.o
 .rodata.s_portBases
                0x00008a5c       0x34 ./drivers/fsl_gpio.o
 .rodata.s_gpioBases
                0x00008a90       0x34 ./drivers/fsl_gpio.o
 .rodata.GPIO_GetInstance.str1.4
                0x00008ac4       0x33 ./drivers/fsl_gpio.o
 *fill*         0x00008af7        0x1 ff
 .rodata.GPIO_PinInit.str1.4
                0x00008af8       0x20 ./drivers/fsl_gpio.o
 .rodata.s_lptmrBases
                0x00008b18        0x8 ./drivers/fsl_lptmr.o
 .rodata.s_lptmrClocks
                0x00008b20        0x8 ./drivers/fsl_lptmr.o
 .rodata.LPTMR_GetInstance.str1.4
                0x00008b28       0x35 ./drivers/fsl_lptmr.o
 *fill*         0x00008b5d        0x3 ff
 .rodata.LPTMR_Init.str1.4
                0x00008b60       0x20 ./drivers/fsl_lptmr.o
 .rodata.LPTMR_GetDefaultConfig.str1.4
                0x00008b80       0x21 ./drivers/fsl_lptmr.o
 *fill*         0x00008ba1        0x3 ff
 .rodata.s_qtmrBases
                0x00008ba4       0x10 ./drivers/fsl_qtmr.o
 .rodata.s_qtmrClocks
                0x00008bb4       0x10 ./drivers/fsl_qtmr.o
 .rodata.QTMR_GetInstance.str1.4
                0x00008bc4       0x33 ./drivers/fsl_qtmr.o
 *fill*         0x00008bf7        0x1 ff
 .rodata.QTMR_Init.str1.4
                0x00008bf8       0x1f ./drivers/fsl_qtmr.o
 *fill*         0x00008c17        0x1 ff
 .rodata.QTMR_GetDefaultConfig.str1.4
                0x00008c18       0x20 ./drivers/fsl_qtmr.o
 .rodata.SLCD_GetInstance.str1.4
                0x00008c38       0x33 ./drivers/fsl_slcd.o
 *fill*         0x00008c6b        0x1 ff
 .rodata.SLCD_Init.str1.4
                0x00008c6c       0x41 ./drivers/fsl_slcd.o
 *fill*         0x00008cad        0x3 ff
 .rodata.SLCD_GetDefaultConfig.str1.4
                0x00008cb0       0x1b ./drivers/fsl_slcd.o
 *fill*         0x00008ccb        0x1 ff
 .rodata.s_uartBases
                0x00008ccc       0x10 ./drivers/fsl_uart.o
 .rodata.s_uartClock
                0x00008cdc       0x10 ./drivers/fsl_uart.o
 .rodata.UART_GetInstance.str1.4
                0x00008cec       0x2b ./drivers/fsl_uart.o
 *fill*         0x00008d17        0x1 ff
 .rodata.UART_Init.str1.4
                0x00008d18       0xef ./drivers/fsl_uart.o
 *fill*         0x00008e07        0x1 ff
 .rodata.UART_GetDefaultConfig.str1.4
                0x00008e08       0x18 ./drivers/fsl_uart.o
 .rodata.UART_ReadBlocking.str1.4
                0x00008e20       0x1e ./drivers/fsl_uart.o
 *fill*         0x00008e3e        0x2 ff
 .rodata.s_UartAdapterBase
                0x00008e40       0x10 ./component/uart/uart_adapter.o
 .rodata.HAL_UartInit.str1.4
                0x00008e50       0xcd ./component/uart/uart_adapter.o
 *fill*         0x00008f1d        0x3 ff
 .rodata.HAL_UartReceiveBlocking.str1.4
                0x00008f20       0x54 ./component/uart/uart_adapter.o
 .rodata.HAL_UartSendBlocking.str1.4
                0x00008f74       0x54 ./component/uart/uart_adapter.o
 .rodata.SerialManager_Write.str1.4
                0x00008fc8       0x82 ./component/serial_manager/serial_manager.o
 *fill*         0x0000904a        0x2 ff
 .rodata.SerialManager_Read.str1.4
                0x0000904c       0x82 ./component/serial_manager/serial_manager.o
 *fill*         0x000090ce        0x2 ff
 .rodata.SerialManager_Init.str1.4
                0x000090d0       0x44 ./component/serial_manager/serial_manager.o
 .rodata.SerialManager_OpenWriteHandle.str1.4
                0x00009114       0x4c ./component/serial_manager/serial_manager.o
 .rodata.SerialManager_OpenReadHandle.str1.4
                0x00009160       0x4b ./component/serial_manager/serial_manager.o
 *fill*         0x000091ab        0x1 ff
 .rodata.Serial_UartInit.str1.4
                0x000091ac       0x4e ./component/serial_manager/serial_port_uart.o
 *fill*         0x000091fa        0x2 ff
 .rodata.Serial_UartWrite.str1.4
                0x000091fc       0x68 ./component/serial_manager/serial_port_uart.o
 .rodata.Serial_UartRead.str1.4
                0x00009264       0x68 ./component/serial_manager/serial_port_uart.o
 .rodata.simConfig_BOARD_BootClockRUN
                0x000092cc        0x8 ./board/clock_config.o
                0x000092cc                simConfig_BOARD_BootClockRUN
 .rodata.oscConfig_BOARD_BootClockRUN
                0x000092d4        0x8 ./board/clock_config.o
                0x000092d4                oscConfig_BOARD_BootClockRUN
 .rodata        0x000092dc        0x2 ./board/pin_mux.o
 *fill*         0x000092de        0x2 ff
 .rodata.__num_Ciob_streams
                0x000092e0        0x4 /usr/local/mcuxpressoide-11.9.0_2144/ide/plugins/com.nxp.mcuxpresso.tools.linux_11.9.0.202307121226/tools/bin/../lib/gcc/arm-none-eabi/12.3.1/../../../../arm-none-eabi/lib/thumb/v6-m/nofp/libcr_nohost_nf.a(__ciob.o)
                0x000092e0                __num_Ciob_streams
 .rodata._initio.str1.1
                0x000092e4        0x4 /usr/local/mcuxpressoide-11.9.0_2144/ide/plugins/com.nxp.mcuxpresso.tools.linux_11.9.0.202307121226/tools/bin/../lib/gcc/arm-none-eabi/12.3.1/../../../../arm-none-eabi/lib/thumb/v6-m/nofp/libcr_c.a(initio.o)
                0x000092e8                        . = ALIGN (0x4)

.glue_7         0x000092e8        0x0
 .glue_7        0x000092e8        0x0 linker stubs

.glue_7t        0x000092e8        0x0
 .glue_7t       0x000092e8        0x0 linker stubs

.vfp11_veneer   0x000092e8        0x0
 .vfp11_veneer  0x000092e8        0x0 linker stubs

.v4_bx          0x000092e8        0x0
 .v4_bx         0x000092e8        0x0 linker stubs

.iplt           0x000092e8        0x0
 .iplt          0x000092e8        0x0 ./utilities/fsl_assert.o

.rel.dyn        0x000092e8        0x0
 .rel.iplt      0x000092e8        0x0 ./utilities/fsl_assert.o

.ARM.extab
 *(SORT_BY_ALIGNMENT(.ARM.extab*) SORT_BY_ALIGNMENT(.gnu.linkonce.armextab.*))

.ARM.exidx      0x000092e8        0x0
                0x000092e8                        __exidx_start = .
 *(SORT_BY_ALIGNMENT(.ARM.exidx*) SORT_BY_ALIGNMENT(.gnu.linkonce.armexidx.*))
                0x000092e8                        __exidx_end = .
                0x000092e8                        _etext = .

.mtb_buffer_default
                0x1fffc000       0x80
 *(SORT_BY_ALIGNMENT(.mtb*))
 .mtb.$RAM1     0x1fffc000       0x80 ./source/mtb.o
                0x1fffc000                __mtb_buffer__

.uninit_RESERVED
                0x1fffc080        0x0
                0x1fffc080                        _start_uninit_RESERVED = .
 *(SORT_BY_ALIGNMENT(.bss.$RESERVED*))
                0x1fffc080                        . = ALIGN (0x4)
                0x1fffc080                        _end_uninit_RESERVED = .

.data           0x1fffc080      0x97c load address 0x000092e8
 FILL mask 0xff
                0x1fffc080                        _data = .
                [!provide]                        PROVIDE (__start_data_RAM = .)
                [!provide]                        PROVIDE (__start_data_SRAM = .)
 *(SORT_BY_ALIGNMENT(vtable))
 *(SORT_BY_ALIGNMENT(.ramfunc*))
 *(SORT_BY_ALIGNMENT(CodeQuickAccess))
 *(SORT_BY_ALIGNMENT(DataQuickAccess))
 *(SORT_BY_ALIGNMENT(RamFunction))
 *(SORT_BY_ALIGNMENT(.data*))
 .data.mlib     0x1fffc080      0x6a8 ./source/PWR_Main.o
 .data.U_ANGLE  0x1fffc728        0x8 ./source/PWR_Main.o
 .data.I_SHIFT  0x1fffc730        0x8 ./source/PWR_Main.o
 .data.slcd_lcd_gpio_seg_pin
                0x1fffc738       0x14 ./source/PWR_Main.o
 .data.Status_String
                0x1fffc74c        0x7 ./source/PWR_Main.o
 *fill*         0x1fffc753        0x1 ff
 .data.Status_Index
                0x1fffc754        0x4 ./source/PWR_Main.o
                0x1fffc754                Status_Index
 .data.SLCD_NumPos1
                0x1fffc758       0x28 ./slcd/GDH-1247WP.o
                0x1fffc758                SLCD_NumPos1
 .data.SLCD_NumPos2
                0x1fffc780       0x28 ./slcd/GDH-1247WP.o
                0x1fffc780                SLCD_NumPos2
 .data.SLCD_NumPos3
                0x1fffc7a8       0x28 ./slcd/GDH-1247WP.o
                0x1fffc7a8                SLCD_NumPos3
 .data.SLCD_NumPos4
                0x1fffc7d0       0x28 ./slcd/GDH-1247WP.o
                0x1fffc7d0                SLCD_NumPos4
 .data.SLCD_NumPos5
                0x1fffc7f8       0x28 ./slcd/GDH-1247WP.o
                0x1fffc7f8                SLCD_NumPos5
 .data.SLCD_NumPos6
                0x1fffc820       0x28 ./slcd/GDH-1247WP.o
                0x1fffc820                SLCD_NumPos6
 .data.SLCD_NumPos7
                0x1fffc848       0x28 ./slcd/GDH-1247WP.o
                0x1fffc848                SLCD_NumPos7
 .data.SLCD_NumPos8
                0x1fffc870       0x28 ./slcd/GDH-1247WP.o
                0x1fffc870                SLCD_NumPos8
 .data.SLCD_NumPos9
                0x1fffc898       0x28 ./slcd/GDH-1247WP.o
                0x1fffc898                SLCD_NumPos9
 .data.SLCD_NumPos10
                0x1fffc8c0       0x28 ./slcd/GDH-1247WP.o
                0x1fffc8c0                SLCD_NumPos10
 .data.SLCD_NumPos11
                0x1fffc8e8       0x28 ./slcd/GDH-1247WP.o
                0x1fffc8e8                SLCD_NumPos11
 .data.SLCD_NumPos12
                0x1fffc910       0x28 ./slcd/GDH-1247WP.o
                0x1fffc910                SLCD_NumPos12
 .data.SLCD_NumPos13
                0x1fffc938       0x28 ./slcd/GDH-1247WP.o
                0x1fffc938                SLCD_NumPos13
 .data.SLCD_NumPos14
                0x1fffc960       0x28 ./slcd/GDH-1247WP.o
                0x1fffc960                SLCD_NumPos14
 .data.SLCD_NumPos15
                0x1fffc988       0x28 ./slcd/GDH-1247WP.o
                0x1fffc988                SLCD_NumPos15
 .data.SLCD_NumPos
                0x1fffc9b0       0x3c ./slcd/GDH-1247WP.o
                0x1fffc9b0                SLCD_NumPos
 .data.s_slowIrcFreq
                0x1fffc9ec        0x4 ./drivers/fsl_clock.o
 .data.s_fastIrcFreq
                0x1fffc9f0        0x4 ./drivers/fsl_clock.o
 .data.SystemCoreClock
                0x1fffc9f4        0x4 ./device/system_MKM35Z7.o
                0x1fffc9f4                SystemCoreClock
 .data.shift    0x1fffc9f8        0x2 ./source/PWR_Main.o
                0x1fffc9fc                        . = ALIGN (0x4)
 *fill*         0x1fffc9fa        0x2 ff
                0x1fffc9fc                        _edata = .
                [!provide]                        PROVIDE (__end_data_RAM = .)
                [!provide]                        PROVIDE (__end_data_SRAM = .)

.igot.plt       0x1fffc9fc        0x0 load address 0x00009c64
 .igot.plt      0x1fffc9fc        0x0 ./utilities/fsl_assert.o

.bss            0x1fffca00      0x200
                0x1fffca00                        _bss = .
                [!provide]                        PROVIDE (__start_bss_RAM = .)
                [!provide]                        PROVIDE (__start_bss_SRAM = .)
 *(SORT_BY_ALIGNMENT(.bss*))
 .bss.time      0x1fffca00        0x8 ./source/PWR_Main.o
 .bss.U_RMS     0x1fffca08        0x8 ./source/PWR_Main.o
 .bss.I_RMS     0x1fffca10        0x8 ./source/PWR_Main.o
 .bss.P         0x1fffca18        0x8 ./source/PWR_Main.o
 .bss.Q         0x1fffca20        0x8 ./source/PWR_Main.o
 .bss.S         0x1fffca28        0x8 ./source/PWR_Main.o
 .bss.s_debugConsoleState
                0x1fffca30       0x1c ./utilities/fsl_debug_console.o
 .bss.g_serialHandle
                0x1fffca4c        0x4 ./utilities/fsl_debug_console.o
                0x1fffca4c                g_serialHandle
 .bss.tmp32     0x1fffca50        0x4 ./source/PWR_Main.o
 .bss.lptmrConfig
                0x1fffca54        0x7 ./source/PWR_Main.o
                0x1fffca54                lptmrConfig
 *fill*         0x1fffca5b        0x1 
 .bss.adc16ConfigStruct
                0x1fffca5c        0x9 ./source/PWR_Main.o
                0x1fffca5c                adc16ConfigStruct
 *fill*         0x1fffca65        0x3 
 .bss.adc16ChannelConfigStruct
                0x1fffca68        0x8 ./source/PWR_Main.o
                0x1fffca68                adc16ChannelConfigStruct
 .bss.Pot_Value
                0x1fffca70        0x4 ./source/PWR_Main.o
                0x1fffca70                Pot_Value
 .bss.RMS_Voltage
                0x1fffca74        0x4 ./source/PWR_Main.o
                0x1fffca74                RMS_Voltage
 .bss.slcd_engine
                0x1fffca78        0x4 ./source/PWR_Main.o
                0x1fffca78                slcd_engine
 .bss.u24_sample
                0x1fffca7c        0x4 ./source/PWR_Main.o
 .bss.i24_sample
                0x1fffca80        0x4 ./source/PWR_Main.o
 .bss.wh_cnt    0x1fffca84       0x48 ./source/PWR_Main.o
 .bss.varh_cnt  0x1fffcacc       0x48 ./source/PWR_Main.o
 .bss.cycle     0x1fffcb14        0x4 ./source/PWR_Main.o
 .bss.g_xtal0Freq
                0x1fffcb18        0x4 ./drivers/fsl_clock.o
                0x1fffcb18                g_xtal0Freq
 .bss.g_xtal32Freq
                0x1fffcb1c        0x4 ./drivers/fsl_clock.o
                0x1fffcb1c                g_xtal32Freq
 .bss.s_lpuartHandle
                0x1fffcb20        0x4 ./drivers/fsl_lpuart.o
 .bss.s_lpuartIsr
                0x1fffcb24        0x4 ./drivers/fsl_lpuart.o
 .bss.s_uartHandle
                0x1fffcb28       0x10 ./drivers/fsl_uart.o
 .bss.s_uartIsr
                0x1fffcb38        0x4 ./drivers/fsl_uart.o
 .bss.errno     0x1fffcb3c        0x4 /usr/local/mcuxpressoide-11.9.0_2144/ide/plugins/com.nxp.mcuxpresso.tools.linux_11.9.0.202307121226/tools/bin/../lib/gcc/arm-none-eabi/12.3.1/../../../../arm-none-eabi/lib/thumb/v6-m/nofp/libcr_c.a(errno.o)
                0x1fffcb3c                errno
 .bss.__Ciob    0x1fffcb40       0xb4 /usr/local/mcuxpressoide-11.9.0_2144/ide/plugins/com.nxp.mcuxpresso.tools.linux_11.9.0.202307121226/tools/bin/../lib/gcc/arm-none-eabi/12.3.1/../../../../arm-none-eabi/lib/thumb/v6-m/nofp/libcr_nohost_nf.a(__ciob.o)
                0x1fffcb40                __Ciob
 .bss.tmp16     0x1fffcbf4        0x2 ./source/PWR_Main.o
 .bss.tmpnum    0x1fffcbf6        0x1 ./source/PWR_Main.o
 .bss.State_Counter
                0x1fffcbf7        0x1 ./source/PWR_Main.o
 .bss.Error_Counter
                0x1fffcbf8        0x1 ./source/PWR_Main.o
 .bss.g_Button1Press
                0x1fffcbf9        0x1 ./source/PWR_Main.o
                0x1fffcbf9                g_Button1Press
 .bss.g_Button2Press
                0x1fffcbfa        0x1 ./source/PWR_Main.o
                0x1fffcbfa                g_Button2Press
 .bss.led_turn  0x1fffcbfb        0x1 ./source/PWR_Main.o
                0x1fffcbfb                led_turn
 .bss.PWMRunning
                0x1fffcbfc        0x1 ./source/PWR_Main.o
                0x1fffcbfc                PWMRunning
 *(SORT_BY_ALIGNMENT(COMMON))
                0x1fffcc00                        . = ALIGN (0x4)
 *fill*         0x1fffcbfd        0x3 
                0x1fffcc00                        _ebss = .
                [!provide]                        PROVIDE (__end_bss_RAM = .)
                [!provide]                        PROVIDE (__end_bss_SRAM = .)
                [!provide]                        PROVIDE (end = .)

.noinit         0x1fffcc00        0x0
                0x1fffcc00                        _noinit = .
                [!provide]                        PROVIDE (__start_noinit_RAM = .)
                [!provide]                        PROVIDE (__start_noinit_SRAM = .)
 *(SORT_BY_ALIGNMENT(.noinit*))
                0x1fffcc00                        . = ALIGN (0x4)
                0x1fffcc00                        _end_noinit = .
                [!provide]                        PROVIDE (__end_noinit_RAM = .)
                [!provide]                        PROVIDE (__end_noinit_SRAM = .)
                0x00001000                        _HeapSize = 0x1000

.heap           0x1fffcc00     0x1000
                0x1fffcc00                        _pvHeapStart = .
                0x1fffdc00                        . = (. + _HeapSize)
 *fill*         0x1fffcc00     0x1000 
                0x1fffdc00                        . = ALIGN (0x4)
                0x1fffdc00                        _pvHeapLimit = .
                0x00001000                        _StackSize = 0x1000

.heap2stackfill
                0x1fffdc00     0x1000
                0x1fffec00                        . = (. + _StackSize)
 *fill*         0x1fffdc00     0x1000 

.stack          0x2000b000        0x0
                0x2000b000                        _vStackBase = .
                0x2000b000                        . = ALIGN (0x4)
                0x2000c000                        _vStackTop = (. + _StackSize)
                0x00000000                        _image_start = LOADADDR (.text)
                0x00009c64                        _image_end = (LOADADDR (.data) + SIZEOF (.data))
                0x00009c64                        _image_size = (_image_end - _image_start)
OUTPUT(TWRKM3575_EVSE.axf elf32-littlearm)
LOAD linker stubs

.debug_info     0x00000000    0x199d9
 .debug_info    0x00000000       0xc5 ./utilities/fsl_assert.o
 .debug_info    0x000000c5      0xbb8 ./utilities/fsl_debug_console.o
 .debug_info    0x00000c7d      0xc91 ./utilities/fsl_str.o
 .debug_info    0x0000190e      0x684 ./startup/startup_mkm35z7.o
 .debug_info    0x00001f92     0x2c39 ./source/PWR_Main.o
 .debug_info    0x00004bcb       0x53 ./source/mtb.o
 .debug_info    0x00004c1e       0x3c ./source/semihost_hardfault.o
 .debug_info    0x00004c5a      0xd08 ./slcd/GDH-1247WP.o
 .debug_info    0x00005962      0x6e8 ./slcd/slcd_engine.o
 .debug_info    0x0000604a      0xdea ./drivers/fsl_adc16.o
 .debug_info    0x00006e34     0x1a92 ./drivers/fsl_clock.o
 .debug_info    0x000088c6      0xa42 ./drivers/fsl_gpio.o
 .debug_info    0x00009308      0x8ea ./drivers/fsl_lptmr.o
 .debug_info    0x00009bf2     0x195b ./drivers/fsl_lpuart.o
 .debug_info    0x0000b54d      0xd46 ./drivers/fsl_qtmr.o
 .debug_info    0x0000c293     0x1195 ./drivers/fsl_slcd.o
 .debug_info    0x0000d428     0x19ac ./drivers/fsl_uart.o
 .debug_info    0x0000edd4      0x4ad ./device/system_MKM35Z7.o
 .debug_info    0x0000f281      0xb4c ./component/uart/uart_adapter.o
 .debug_info    0x0000fdcd      0x93b ./component/serial_manager/serial_manager.o
 .debug_info    0x00010708      0x5e3 ./component/serial_manager/serial_port_uart.o
 .debug_info    0x00010ceb      0x12b ./board/board.o
 .debug_info    0x00010e16      0xbac ./board/clock_config.o
 .debug_info    0x000119c2      0x8ee ./board/pin_mux.o
 .debug_info    0x000122b0       0x85 /usr/local/mcuxpressoide-11.9.0_2144/ide/plugins/com.nxp.mcuxpresso.tools.linux_11.9.0.202307121226/tools/bin/../lib/gcc/arm-none-eabi/12.3.1/../../../../arm-none-eabi/lib/thumb/v6-m/nofp/libcr_nohost_nf.a(_cr__main.o)
 .debug_info    0x00012335       0xe3 /usr/local/mcuxpressoide-11.9.0_2144/ide/plugins/com.nxp.mcuxpresso.tools.linux_11.9.0.202307121226/tools/bin/../lib/gcc/arm-none-eabi/12.3.1/../../../../arm-none-eabi/lib/thumb/v6-m/nofp/libcr_c.a(memset.o)
 .debug_info    0x00012418      0x50c /usr/local/mcuxpressoide-11.9.0_2144/ide/plugins/com.nxp.mcuxpresso.tools.linux_11.9.0.202307121226/tools/bin/../lib/gcc/arm-none-eabi/12.3.1/../../../../arm-none-eabi/lib/thumb/v6-m/nofp/libcr_c.a(alloc.o)
 .debug_info    0x00012924      0x353 /usr/local/mcuxpressoide-11.9.0_2144/ide/plugins/com.nxp.mcuxpresso.tools.linux_11.9.0.202307121226/tools/bin/../lib/gcc/arm-none-eabi/12.3.1/../../../../arm-none-eabi/lib/thumb/v6-m/nofp/libcr_c.a(initio.o)
 .debug_info    0x00012c77      0x165 /usr/local/mcuxpressoide-11.9.0_2144/ide/plugins/com.nxp.mcuxpresso.tools.linux_11.9.0.202307121226/tools/bin/../lib/gcc/arm-none-eabi/12.3.1/../../../../arm-none-eabi/lib/thumb/v6-m/nofp/libcr_c.a(modf.o)
 .debug_info    0x00012ddc      0x617 /usr/local/mcuxpressoide-11.9.0_2144/ide/plugins/com.nxp.mcuxpresso.tools.linux_11.9.0.202307121226/tools/bin/../lib/gcc/arm-none-eabi/12.3.1/../../../../arm-none-eabi/lib/thumb/v6-m/nofp/libcr_c.a(pow.o)
 .debug_info    0x000133f3      0x1f6 /usr/local/mcuxpressoide-11.9.0_2144/ide/plugins/com.nxp.mcuxpresso.tools.linux_11.9.0.202307121226/tools/bin/../lib/gcc/arm-none-eabi/12.3.1/../../../../arm-none-eabi/lib/thumb/v6-m/nofp/libcr_c.a(setvbuf.o)
 .debug_info    0x000135e9       0xbe /usr/local/mcuxpressoide-11.9.0_2144/ide/plugins/com.nxp.mcuxpresso.tools.linux_11.9.0.202307121226/tools/bin/../lib/gcc/arm-none-eabi/12.3.1/../../../../arm-none-eabi/lib/thumb/v6-m/nofp/libcr_c.a(sin.o)
 .debug_info    0x000136a7      0x1f3 /usr/local/mcuxpressoide-11.9.0_2144/ide/plugins/com.nxp.mcuxpresso.tools.linux_11.9.0.202307121226/tools/bin/../lib/gcc/arm-none-eabi/12.3.1/../../../../arm-none-eabi/lib/thumb/v6-m/nofp/libcr_c.a(sqrt.o)
 .debug_info    0x0001389a       0xdc /usr/local/mcuxpressoide-11.9.0_2144/ide/plugins/com.nxp.mcuxpresso.tools.linux_11.9.0.202307121226/tools/bin/../lib/gcc/arm-none-eabi/12.3.1/../../../../arm-none-eabi/lib/thumb/v6-m/nofp/libcr_c.a(strcpy.o)
 .debug_info    0x00013976       0xd6 /usr/local/mcuxpressoide-11.9.0_2144/ide/plugins/com.nxp.mcuxpresso.tools.linux_11.9.0.202307121226/tools/bin/../lib/gcc/arm-none-eabi/12.3.1/../../../../arm-none-eabi/lib/thumb/v6-m/nofp/libcr_c.a(strlen.o)
 .debug_info    0x00013a4c      0x35d /usr/local/mcuxpressoide-11.9.0_2144/ide/plugins/com.nxp.mcuxpresso.tools.linux_11.9.0.202307121226/tools/bin/../lib/gcc/arm-none-eabi/12.3.1/../../../../arm-none-eabi/lib/thumb/v6-m/nofp/libcr_c.a(_deferredlazyseek.o)
 .debug_info    0x00013da9      0x244 /usr/local/mcuxpressoide-11.9.0_2144/ide/plugins/com.nxp.mcuxpresso.tools.linux_11.9.0.202307121226/tools/bin/../lib/gcc/arm-none-eabi/12.3.1/../../../../arm-none-eabi/lib/thumb/v6-m/nofp/libcr_c.a(_fdopen.o)
 .debug_info    0x00013fed      0x1e3 /usr/local/mcuxpressoide-11.9.0_2144/ide/plugins/com.nxp.mcuxpresso.tools.linux_11.9.0.202307121226/tools/bin/../lib/gcc/arm-none-eabi/12.3.1/../../../../arm-none-eabi/lib/thumb/v6-m/nofp/libcr_c.a(_fflush.o)
 .debug_info    0x000141d0      0x281 /usr/local/mcuxpressoide-11.9.0_2144/ide/plugins/com.nxp.mcuxpresso.tools.linux_11.9.0.202307121226/tools/bin/../lib/gcc/arm-none-eabi/12.3.1/../../../../arm-none-eabi/lib/thumb/v6-m/nofp/libcr_c.a(_sincos.o)
 .debug_info    0x00014451      0x283 /usr/local/mcuxpressoide-11.9.0_2144/ide/plugins/com.nxp.mcuxpresso.tools.linux_11.9.0.202307121226/tools/bin/../lib/gcc/arm-none-eabi/12.3.1/../../../../arm-none-eabi/lib/thumb/v6-m/nofp/libcr_c.a(_writebuf.o)