../drivers/fsl_clock.h:654:20:CLOCK_SetEr32kClock	16	static
../drivers/fsl_clock.h:694:20:CLOCK_SetPllFllSelClock	16	static
../drivers/fsl_clock.h:1082:20:OSC_SetExtRefClkConfig	24	static
../drivers/fsl_clock.h:1108:20:OSC_SetCapLoad	24	static
../drivers/fsl_clock.c:190:13:CLOCK_FllStableDelay	16	static
../drivers/fsl_clock.c:210:17:CLOCK_GetMcgExtClkFreq	16	static
../drivers/fsl_clock.c:234:17:CLOCK_GetFllExtRefClkFreq	16	static
../drivers/fsl_clock.c:283:17:CLOCK_GetInternalRefClkSelectFreq	16	static
../drivers/fsl_clock.c:301:17:CLOCK_GetFllRefClkFreq	16	static
../drivers/fsl_clock.c:319:17:CLOCK_GetPll0RefFreq	16	static
../drivers/fsl_clock.c:346:16:CLOCK_GetOscRangeFromFreq	24	static
../drivers/fsl_clock.c:371:10:CLOCK_GetOsc0ErClkFreq	16	static
../drivers/fsl_clock.c:394:10:CLOCK_GetEr32kClkFreq	16	static
../drivers/fsl_clock.c:426:10:CLOCK_GetPllFllSelClkFreq	16	static
../drivers/fsl_clock.c:460:10:CLOCK_GetAfeFreq	16	static
../drivers/fsl_clock.c:487:10:CLOCK_GetPlatClkFreq	8	static
../drivers/fsl_clock.c:497:10:CLOCK_GetFlashClkFreq	16	static
../drivers/fsl_clock.c:512:10:CLOCK_GetBusClkFreq	16	static
../drivers/fsl_clock.c:527:10:CLOCK_GetCoreSysClkFreq	8	static
../drivers/fsl_clock.c:542:10:CLOCK_GetFreq	24	static
../drivers/fsl_clock.c:599:6:CLOCK_SetSimConfig	16	static
../drivers/fsl_clock.c:614:10:CLOCK_GetOutClkFreq	16	static
../drivers/fsl_clock.c:650:10:CLOCK_GetFllFreq	24	static
../drivers/fsl_clock.c:690:10:CLOCK_GetInternalRefClkFreq	16	static
../drivers/fsl_clock.c:715:10:CLOCK_GetFixedFreqClkFreq	16	static
../drivers/fsl_clock.c:741:10:CLOCK_GetPll0Freq	16	static
../drivers/fsl_clock.c:779:10:CLOCK_SetExternalRefClkConfig	24	static
../drivers/fsl_clock.c:832:10:CLOCK_SetInternalRefClkConfig	32	static
../drivers/fsl_clock.c:893:6:CLOCK_EnablePll0	24	static
../drivers/fsl_clock.c:919:6:CLOCK_SetOsc0MonitorMode	16	static
../drivers/fsl_clock.c:949:6:CLOCK_SetRtcOscMonitorMode	24	static
../drivers/fsl_clock.c:973:6:CLOCK_SetPll0MonitorMode	24	static
../drivers/fsl_clock.c:1029:10:CLOCK_GetStatusFlags	16	static
../drivers/fsl_clock.c:1073:6:CLOCK_ClearStatusFlags	24	static
../drivers/fsl_clock.c:1099:6:CLOCK_InitOsc0	32	static
../drivers/fsl_clock.c:1122:6:CLOCK_DeinitOsc0	8	static
../drivers/fsl_clock.c:1133:6:CLOCK_SetSlowIrcFreq	16	static
../drivers/fsl_clock.c:1143:6:CLOCK_SetFastIrcFreq	16	static
../drivers/fsl_clock.c:1166:10:CLOCK_TrimInternalRefClk	40	static
../drivers/fsl_clock.c:1252:12:CLOCK_GetMode	32	static
../drivers/fsl_clock.c:1380:10:CLOCK_SetFeiMode	24	static
../drivers/fsl_clock.c:1456:10:CLOCK_SetFeeMode	32	static
../drivers/fsl_clock.c:1551:10:CLOCK_SetFbiMode	24	static
../drivers/fsl_clock.c:1636:10:CLOCK_SetFbeMode	32	static
../drivers/fsl_clock.c:1729:10:CLOCK_SetBlpiMode	8	static
../drivers/fsl_clock.c:1753:10:CLOCK_SetBlpeMode	8	static
../drivers/fsl_clock.c:1787:10:CLOCK_SetPbeMode	16	static
../drivers/fsl_clock.c:1856:10:CLOCK_SetPeeMode	8	static
../drivers/fsl_clock.c:1885:10:CLOCK_SetPbiMode	8	static
../drivers/fsl_clock.c:1933:10:CLOCK_SetPeiMode	8	static
../drivers/fsl_clock.c:1970:10:CLOCK_ExternalModeToFbeModeQuick	8	static
../drivers/fsl_clock.c:2012:10:CLOCK_InternalModeToFbiModeQuick	8	static
../drivers/fsl_clock.c:2053:10:CLOCK_BootToFeiMode	16	static
../drivers/fsl_clock.c:2075:10:CLOCK_BootToFeeMode	24	static
../drivers/fsl_clock.c:2099:10:CLOCK_BootToBlpiMode	24	static
../drivers/fsl_clock.c:2116:10:CLOCK_BootToBlpeMode	16	static
../drivers/fsl_clock.c:2164:10:CLOCK_BootToPeeMode	16	static
../drivers/fsl_clock.c:2190:10:CLOCK_BootToPeiMode	8	static
../drivers/fsl_clock.c:2265:10:CLOCK_SetMcgConfig	40	static
