../startup/startup_mkm35z7.c:247:6:data_init	8	static
../startup/startup_mkm35z7.c:256:6:bss_init	0	static
../startup/startup_mkm35z7.c:281:6:ResetISR	8	static
../startup/startup_mkm35z7.c:369:14:NMI_Handler	0	static
../startup/startup_mkm35z7.c:373:14:HardFault_Handler	0	static
../startup/startup_mkm35z7.c:377:14:SVC_Handler	0	static
../startup/startup_mkm35z7.c:381:14:PendSV_Handler	0	static
../startup/startup_mkm35z7.c:385:14:SysTick_Handler	0	static
../startup/startup_mkm35z7.c:393:14:IntDefaultHandler	0	static
../startup/startup_mkm35z7.c:403:14:DMA0_IRQHandler	8	static
../startup/startup_mkm35z7.c:407:14:DMA1_IRQHandler	8	static
../startup/startup_mkm35z7.c:411:14:DMA2_IRQHandler	8	static
../startup/startup_mkm35z7.c:415:14:DMA3_IRQHandler	8	static
../startup/startup_mkm35z7.c:419:14:SPI0_SPI1_SPI2_IRQHandler	8	static
../startup/startup_mkm35z7.c:423:14:PDB0_IRQHandler	8	static
../startup/startup_mkm35z7.c:427:14:PMC_IRQHandler	8	static
../startup/startup_mkm35z7.c:431:14:TMR0_IRQHandler	8	static
../startup/startup_mkm35z7.c:435:14:TMR1_IRQHandler	8	static
../startup/startup_mkm35z7.c:439:14:TMR2_IRQHandler	8	static
../startup/startup_mkm35z7.c:443:14:TMR3_IRQHandler	8	static
../startup/startup_mkm35z7.c:447:14:PIT0_PIT1_IRQHandler	8	static
../startup/startup_mkm35z7.c:451:14:LLWU_IRQHandler	8	static
../startup/startup_mkm35z7.c:455:14:FTFA_IRQHandler	8	static
../startup/startup_mkm35z7.c:459:14:CMP0_CMP1_CMP2_IRQHandler	8	static
../startup/startup_mkm35z7.c:463:14:LCD_IRQHandler	8	static
../startup/startup_mkm35z7.c:467:14:ADC0_IRQHandler	8	static
../startup/startup_mkm35z7.c:471:14:PTx_IRQHandler	8	static
../startup/startup_mkm35z7.c:475:14:RNGA_IRQHandler	8	static
../startup/startup_mkm35z7.c:479:14:UART0_UART1_UART2_UART3_IRQHandler	8	static
../startup/startup_mkm35z7.c:483:14:MMAU_IRQHandler	8	static
../startup/startup_mkm35z7.c:487:14:AFE_CH0_IRQHandler	8	static
../startup/startup_mkm35z7.c:491:14:AFE_CH1_IRQHandler	8	static
../startup/startup_mkm35z7.c:495:14:AFE_CH2_IRQHandler	8	static
../startup/startup_mkm35z7.c:499:14:AFE_CH3_IRQHandler	8	static
../startup/startup_mkm35z7.c:503:14:RTC_IRQHandler	8	static
../startup/startup_mkm35z7.c:507:14:I2C0_I2C1_IRQHandler	8	static
../startup/startup_mkm35z7.c:511:14:LPUART0_IRQHandler	8	static
../startup/startup_mkm35z7.c:515:14:MCG_IRQHandler	8	static
../startup/startup_mkm35z7.c:519:14:WDOG_EWM_IRQHandler	8	static
../startup/startup_mkm35z7.c:523:14:LPTMR0_LPTMR1_IRQHandler	8	static
../startup/startup_mkm35z7.c:527:14:XBAR_IRQHandler	8	static
